Microchip MPLAB XC8 Compiler V1.37 ()

Linker command line:

-W-3 --edf=C:\Program Files (x86)\Microchip\xc8\v1.37\dat\en_msgs.txt -cs \
  -h+dist/default/debug\EniacArcade.X.debug.sym \
  --cmf=dist/default/debug\EniacArcade.X.debug.cmf -z -Q18F4520 \
  -oC:\Users\larsg\AppData\Local\Temp\s7a4.2 \
  -Mdist/default/debug/EniacArcade.X.debug.map -E1 -ver=XC8 \
  -ASTACK=0388h-05eeh -pstack=STACK -ACODE=00h-07CFFh -ACONST=00h-07CFFh \
  -ASMALLCONST=0600h-06FFhx119 -AMEDIUMCONST=0600h-07CFFh -ACOMRAM=01h-07Fh \
  -AABS1=00h-05EEh -ABIGRAM=01h-05EEh \
  -ARAM=080h-0FFh,0100h-01FFhx4,0500h-05EEh -ABANK0=080h-0FFh \
  -ABANK1=0100h-01FFh -ABANK2=0200h-02FFh -ABANK3=0300h-03FFh \
  -ABANK4=0400h-04FFh -ABANK5=0500h-05EEh \
  -ASFR=0F80h-0F9Bh,0F9Dh-0FD3h,0FD5h-0FDAh,0FE0h-0FE2h,0FE8h-0FEAh,0FF0h-0FFBh \
  -preset_vec=00h,intcode=08h,intcodelo,powerup,init,end_init \
  -pramtop=0600h -psmallconst=SMALLCONST -pmediumconst=MEDIUMCONST \
  -pconst=CONST -AFARRAM=00h-00h -ACONFIG=0300000h-030000Dh -pconfig=CONFIG \
  -AIDLOC=0200000h-0200007h -pidloc=IDLOC -AEEDATA=0F00000h-0F000FFh \
  -peeprom_data=EEDATA \
  -prdata=COMRAM,nvrram=COMRAM,nvbit=COMRAM,rbss=COMRAM,rbit=COMRAM \
  -pfarbss=FARRAM,fardata=FARRAM,nvFARRAM=FARRAM \
  -pintsave_regs=BIGRAM,bigbss=BIGRAM,bigdata=BIGRAM -pbss=RAM \
  -pidata=CODE,irdata=CODE,ibigdata=CODE,ifardata=CODE -prparam=COMRAM \
  C:\Users\larsg\AppData\Local\Temp\s7a4.obj \
  dist/default/debug\EniacArcade.X.debug.obj 

Object code version is 3.11

Machine type is 18F4520

Call graph: (short form)




                Name                               Link     Load   Length Selector   Space Scale
C:\Users\larsg\AppData\Local\Temp\s7a4.obj
                end_init                             16       16        4        4       0
                reset_vec                             0        0        6        0       0
                idloc                            200000   200000        8   200000       0
                config                           300000   300000        E   300000       0
dist/default/debug\EniacArcade.X.debug.obj
                intcode                               8        8        E        4       0
                temp                                 63       63        1        1       1
                text25                              9CC      9CC       52        4       0
                text24                              864      864       5E        4       0
                text23                              C9A      C9A       26        4       0
                text22                              A68      A68       4A        4       0
                text21                              BFA      BFA       3C        4       0
                text20                              AB2      AB2       48        4       0
                text19                              1FC      1FC      1DA        4       0
                text18                              B3C      B3C       42        4       0
                text17                              3D6      3D6      118        4       0
                text16                              BBE      BBE       3C        4       0
                text15                              7F6      7F6       6E        4       0
                intcode_body                        4EE      4EE       FE        4       0
                text13                              8C2      8C2       5A        4       0
                text12                              786      786       70        4       0
                text11                              C68      C68       32        4       0
                text10                              974      974       58        4       0
                text9                               AFA      AFA       42        4       0
                text8                               91C      91C       58        4       0
                text7                                1A       1A      1E2        4       0
                text6                               A1E      A1E       4A        4       0
                text5                               D18      D18        E        4       0
                text4                               D0A      D0A        E        4       0
                text3                               CDC      CDC       1C        4       0
                text2                               B7E      B7E       40        4       0
                text1                               5EC      5EC       8C        4       0
                text0                               CF8      CF8       12        4       0
                cstackCOMRAM                         33       33       1F        1       1
                cstackBANK1                         100      100       DA      100       1
                cstackBANK2                         200      200       DD      200       1
                dataBANK3                           300      300       88      300       1
                dataBANK2                           2DD      2DD       1C      200       1
                bssBANK0                             80       80       80       80       1
                dataCOMRAM                            1        1       32        1       1
                bssCOMRAM                            52       52       11        1       1
                cinit                               700      700       86        4       0
                idataBANK3                          678      678       88        4       0
                idataBANK2                          CC0      CC0       1C        4       0
                idataCOMRAM                         C36      C36       32        4       0

TOTAL           Name                               Link     Load   Length     Space
        CLASS   STACK          

        CLASS   CODE           
                end_init                             16       16        4         0
                intcode                               8        8        E         0
                reset_vec                             0        0        6         0
                text25                              9CC      9CC       52         0
                text24                              864      864       5E         0
                text23                              C9A      C9A       26         0
                text22                              A68      A68       4A         0
                text21                              BFA      BFA       3C         0
                text20                              AB2      AB2       48         0
                text19                              1FC      1FC      1DA         0
                text18                              B3C      B3C       42         0
                text17                              3D6      3D6      118         0
                text16                              BBE      BBE       3C         0
                text15                              7F6      7F6       6E         0
                intcode_body                        4EE      4EE       FE         0
                text13                              8C2      8C2       5A         0
                text12                              786      786       70         0
                text11                              C68      C68       32         0
                text10                              974      974       58         0
                text9                               AFA      AFA       42         0
                text8                               91C      91C       58         0
                text7                                1A       1A      1E2         0
                text6                               A1E      A1E       4A         0
                text5                               D18      D18        E         0
                text4                               D0A      D0A        E         0
                text3                               CDC      CDC       1C         0
                text2                               B7E      B7E       40         0
                text1                               5EC      5EC       8C         0
                text0                               CF8      CF8       12         0
                cinit                               700      700       86         0
                idataBANK3                          678      678       88         0
                idataBANK2                          CC0      CC0       1C         0
                idataCOMRAM                         C36      C36       32         0

        CLASS   CONST          

        CLASS   SMALLCONST     

        CLASS   MEDIUMCONST    

        CLASS   COMRAM         
                temp                                 63       63        1         1
                cstackCOMRAM                         33       33       1F         1
                dataCOMRAM                            1        1       32         1
                bssCOMRAM                            52       52       11         1

        CLASS   ABS1           

        CLASS   BIGRAM         

        CLASS   RAM            

        CLASS   BANK0          
                bssBANK0                             80       80       80         1

        CLASS   BANK1          
                cstackBANK1                         100      100       DA         1

        CLASS   BANK2          
                cstackBANK2                         200      200       DD         1
                dataBANK2                           2DD      2DD       1C         1

        CLASS   BANK3          
                dataBANK3                           300      300       88         1

        CLASS   BANK4          

        CLASS   BANK5          

        CLASS   SFR            

        CLASS   FARRAM         

        CLASS   CONFIG         
                config                           300000   300000        E         0

        CLASS   IDLOC          
                idloc                            200000   200000        8         0

        CLASS   EEDATA         



SEGMENTS        Name                           Load    Length   Top    Selector   Space  Class

                reset_vec                      000000  000006  000006         0       0  CODE    
                dataCOMRAM                     000001  000063  000064         1       1  COMRAM  
                intcode                        000008  000D1E  000D26         4       0  CODE    
                bssBANK0                       000080  000080  000100        80       1  BANK0   
                cstackBANK1                    000100  0000DA  0001DA       100       1  BANK1   
                cstackBANK2                    000200  0000F9  0002F9       200       1  BANK2   
                dataBANK3                      000300  000088  000388       300       1  BANK3   
                idloc                          200000  000008  200008    200000       0  IDLOC   
                config                         300000  00000E  30000E    300000       0  CONFIG  


UNUSED ADDRESS RANGES

        Name                Unused          Largest block    Delta
        BANK1            0001DA-0001FF               26
        BANK2            0002F9-0002FF                7
        BANK3            000388-0003FF               78
        BANK4            000400-0004FF              100
        BANK5            000500-0005EE               EF
        BIGRAM           000064-00007F               1C
                         0001DA-0001FF               26
                         0002F9-0002FF                7
                         000388-0005EE              267
        CODE             000006-000007                2
                         000D26-007CFF             6FDA
        COMRAM           000064-00007F               1C
        CONST            000006-000007                2
                         000D26-007CFF             6FDA
        EEDATA           F00000-F000FF              100
        MEDIUMCONST      000D26-007CFF             6FDA
        RAM              0001DA-0001FF               26
                         0002F9-0002FF                7
                         000388-0005EE              100
        SFR              000F80-000F9B               1C
                         000F9D-000FD3               37
                         000FD5-000FDA                6
                         000FE0-000FE2                3
                         000FE8-000FEA                3
                         000FF0-000FFB                C
        SMALLCONST       000D26-007CFF              100
        STACK            000388-0005EE              267

                                  Symbol Table

?___lwdiv                      cstackCOMRAM 000033
?___wmul                       cstackBANK2  000200
?i2___wmul                     cstackCOMRAM 000033
ISR@ADvalue                    cstackCOMRAM 00004C
ISR@value                      cstackCOMRAM 00004E
_ADCON0bits                    (abs)        000FC2
_ADCON1bits                    (abs)        000FC1
_ADCON2bits                    (abs)        000FC0
_ADIE                          (abs)        007CEE
_ADIF                          (abs)        007CF6
_ADRES                         (abs)        000FC3
_GIE                           (abs)        007F97
_ISR                           intcode      000008
_LATA                          (abs)        000F89
_LATC                          (abs)        000F8B
_LATD                          (abs)        000F8C
_OSCCONbits                    (abs)        000FD3
_OSCTUNEbits                   (abs)        000F9B
_PEIE                          (abs)        007F96
_PLLEN                         (abs)        007CDE
_PSA                           (abs)        007EAB
_T08BIT                        (abs)        007EAE
_T0CS                          (abs)        007EAD
_T0PS0                         (abs)        007EA8
_T0PS1                         (abs)        007EA9
_T0PS2                         (abs)        007EAA
_TMR0IE                        (abs)        007F95
_TMR0IF                        (abs)        007F92
_TMR0ON                        (abs)        007EAF
_TRISA                         (abs)        000F92
_TRISBbits                     (abs)        000F93
_TRISC                         (abs)        000F94
_TRISD                         (abs)        000F95
__CFG_BOREN$OFF                (abs)        000000
__CFG_BORV$3                   (abs)        000000
__CFG_CCP2MX$PORTC             (abs)        000000
__CFG_CP0$OFF                  (abs)        000000
__CFG_CP1$OFF                  (abs)        000000
__CFG_CP2$OFF                  (abs)        000000
__CFG_CP3$OFF                  (abs)        000000
__CFG_CPB$OFF                  (abs)        000000
__CFG_CPD$OFF                  (abs)        000000
__CFG_EBTR0$OFF                (abs)        000000
__CFG_EBTR1$OFF                (abs)        000000
__CFG_EBTR2$OFF                (abs)        000000
__CFG_EBTR3$OFF                (abs)        000000
__CFG_EBTRB$OFF                (abs)        000000
__CFG_FCMEN$OFF                (abs)        000000
__CFG_IESO$OFF                 (abs)        000000
__CFG_LPT1OSC$OFF              (abs)        000000
__CFG_LVP$OFF                  (abs)        000000
__CFG_MCLRE$ON                 (abs)        000000
__CFG_OSC$INTIO67              (abs)        000000
__CFG_PBADEN$OFF               (abs)        000000
__CFG_PWRT$OFF                 (abs)        000000
__CFG_STVREN$ON                (abs)        000000
__CFG_WDT$OFF                  (abs)        000000
__CFG_WDTPS$32768              (abs)        000000
__CFG_WRT0$OFF                 (abs)        000000
__CFG_WRT1$OFF                 (abs)        000000
__CFG_WRT2$OFF                 (abs)        000000
__CFG_WRT3$OFF                 (abs)        000000
__CFG_WRTB$OFF                 (abs)        000000
__CFG_WRTC$OFF                 (abs)        000000
__CFG_WRTD$OFF                 (abs)        000000
__CFG_XINST$OFF                (abs)        000000
__HRAM                         (abs)        000000
__Habs1                        abs1         000000
__Hbank0                       bank0        000000
__Hbank1                       bank1        000000
__Hbank2                       bank2        000000
__Hbank3                       bank3        000000
__Hbank4                       bank4        000000
__Hbank5                       bank5        000000
__Hbigbss                      bigbss       000000
__Hbigdata                     bigdata      000000
__Hbigram                      bigram       000000
__Hbss                         bss          000000
__HbssBANK0                    bssBANK0     000000
__HbssCOMRAM                   bssCOMRAM    000000
__Hcinit                       cinit        000000
__Hclrtext                     clrtext      000000
__Hcomram                      comram       000000
__Hconfig                      config       30000E
__Hconst                       const        000000
__HcstackBANK1                 cstackBANK1  000000
__HcstackBANK2                 cstackBANK2  000000
__HcstackCOMRAM                cstackCOMRAM 000000
__Hdata                        data         000000
__HdataBANK2                   dataBANK2    000000
__HdataBANK3                   dataBANK3    000000
__HdataCOMRAM                  dataCOMRAM   000000
__Heeprom_data                 eeprom_data  000000
__Hend_init                    end_init     00001A
__Hfarbss                      farbss       000000
__Hfardata                     fardata      000000
__Hibigdata                    ibigdata     000000
__Hidata                       idata        000000
__HidataBANK2                  idataBANK2   000000
__HidataBANK3                  idataBANK3   000000
__HidataCOMRAM                 idataCOMRAM  000000
__Hidloc                       idloc        200008
__Hifardata                    ifardata     000000
__Hinit                        init         000016
__Hintcode                     intcode      000016
__Hintcode_body                intcode_body 000000
__Hintcodelo                   intcodelo    000016
__Hintentry                    intentry     000000
__Hintret                      intret       000000
__Hintsave_regs                intsave_regs 000000
__Hirdata                      irdata       000000
__Hmediumconst                 mediumconst  000000
__HnvFARRAM                    nvFARRAM     000000
__Hnvbit                       nvbit        000000
__Hnvrram                      nvrram       000000
__Hparam                       rparam       000000
__Hpowerup                     powerup      000016
__Hram                         ram          000000
__Hramtop                      ramtop       000600
__Hrbit                        rbit         000000
__Hrbss                        rbss         000000
__Hrdata                       rdata        000000
__Hreset_vec                   reset_vec    000006
__Hrparam                      rparam       000000
__Hsfr                         sfr          000000
__Hsmallconst                  smallconst   000000
__Hspace_0                     (abs)        30000E
__Hspace_1                     (abs)        000388
__Hspace_2                     (abs)        000000
__Hstack                       stack        000000
__Hstruct                      struct       000000
__Htemp                        temp         000064
__Htext                        text         000000
__Htext0                       text0        000000
__Htext1                       text1        000000
__Htext10                      text10       000000
__Htext11                      text11       000000
__Htext12                      text12       000000
__Htext13                      text13       000000
__Htext15                      text15       000000
__Htext16                      text16       000000
__Htext17                      text17       000000
__Htext18                      text18       000000
__Htext19                      text19       000000
__Htext2                       text2        000000
__Htext20                      text20       000000
__Htext21                      text21       000000
__Htext22                      text22       000000
__Htext23                      text23       000000
__Htext24                      text24       000000
__Htext25                      text25       000000
__Htext3                       text3        000000
__Htext4                       text4        000000
__Htext5                       text5        000000
__Htext6                       text6        000000
__Htext7                       text7        000000
__Htext8                       text8        000000
__Htext9                       text9        000000
__LRAM                         (abs)        000001
__Labs1                        abs1         000000
__Lbank0                       bank0        000000
__Lbank1                       bank1        000000
__Lbank2                       bank2        000000
__Lbank3                       bank3        000000
__Lbank4                       bank4        000000
__Lbank5                       bank5        000000
__Lbigbss                      bigbss       000000
__Lbigdata                     bigdata      000000
__Lbigram                      bigram       000000
__Lbss                         bss          000000
__LbssBANK0                    bssBANK0     000000
__LbssCOMRAM                   bssCOMRAM    000000
__Lcinit                       cinit        000000
__Lclrtext                     clrtext      000000
__Lcomram                      comram       000000
__Lconfig                      config       300000
__Lconst                       const        000000
__LcstackBANK1                 cstackBANK1  000000
__LcstackBANK2                 cstackBANK2  000000
__LcstackCOMRAM                cstackCOMRAM 000000
__Ldata                        data         000000
__LdataBANK2                   dataBANK2    000000
__LdataBANK3                   dataBANK3    000000
__LdataCOMRAM                  dataCOMRAM   000000
__Leeprom_data                 eeprom_data  000000
__Lend_init                    end_init     000016
__Lfarbss                      farbss       000000
__Lfardata                     fardata      000000
__Libigdata                    ibigdata     000000
__Lidata                       idata        000000
__LidataBANK2                  idataBANK2   000000
__LidataBANK3                  idataBANK3   000000
__LidataCOMRAM                 idataCOMRAM  000000
__Lidloc                       idloc        200000
__Lifardata                    ifardata     000000
__Linit                        init         000016
__Lintcode                     intcode      000008
__Lintcode_body                intcode_body 000000
__Lintcodelo                   intcodelo    000016
__Lintentry                    intentry     000000
__Lintret                      intret       000000
__Lintsave_regs                intsave_regs 000000
__Lirdata                      irdata       000000
__Lmediumconst                 mediumconst  000000
__LnvFARRAM                    nvFARRAM     000000
__Lnvbit                       nvbit        000000
__Lnvrram                      nvrram       000000
__Lparam                       rparam       000000
__Lpowerup                     powerup      000016
__Lram                         ram          000000
__Lramtop                      ramtop       000600
__Lrbit                        rbit         000000
__Lrbss                        rbss         000000
__Lrdata                       rdata        000000
__Lreset_vec                   reset_vec    000000
__Lrparam                      rparam       000000
__Lsfr                         sfr          000000
__Lsmallconst                  smallconst   000000
__Lspace_0                     (abs)        000000
__Lspace_1                     (abs)        000000
__Lspace_2                     (abs)        000000
__Lstack                       stack        000000
__Lstruct                      struct       000000
__Ltemp                        temp         000063
__Ltext                        text         000000
__Ltext0                       text0        000000
__Ltext1                       text1        000000
__Ltext10                      text10       000000
__Ltext11                      text11       000000
__Ltext12                      text12       000000
__Ltext13                      text13       000000
__Ltext15                      text15       000000
__Ltext16                      text16       000000
__Ltext17                      text17       000000
__Ltext18                      text18       000000
__Ltext19                      text19       000000
__Ltext2                       text2        000000
__Ltext20                      text20       000000
__Ltext21                      text21       000000
__Ltext22                      text22       000000
__Ltext23                      text23       000000
__Ltext24                      text24       000000
__Ltext25                      text25       000000
__Ltext3                       text3        000000
__Ltext4                       text4        000000
__Ltext5                       text5        000000
__Ltext6                       text6        000000
__Ltext7                       text7        000000
__Ltext8                       text8        000000
__Ltext9                       text9        000000
__S0                           (abs)        30000E
__S1                           (abs)        000388
__S2                           (abs)        000000
___inthi_sp                    stack        000000
___intlo_sp                    stack        000000
___lwdiv                       text25       0009CC
___lwdiv@counter               cstackCOMRAM 000039
___lwdiv@dividend              cstackCOMRAM 000033
___lwdiv@divisor               cstackCOMRAM 000035
___lwdiv@quotient              cstackCOMRAM 000037
___param_bank                  (abs)        000010
___rparam_used                 (abs)        000001
___sp                          stack        000000
___wmul                        text11       000C68
___wmul@multiplicand           cstackBANK2  000202
___wmul@multiplier             cstackBANK2  000200
___wmul@product                cstackCOMRAM 00004F
__accesstop                    (abs)        000080
__activetblptr                 (abs)        000002
__ball                         bssCOMRAM    00005C
__end_of_ISR                   intcode_body 0005EC
__end_of___lwdiv               text25       000A1E
__end_of___wmul                text11       000C9A
__end_of__initialization       cinit        000778
__end_of_allOff                text4        000D18
__end_of_checkNextPosition     text17       0004EE
__end_of_delaySeconds          text10       0009CC
__end_of_drawSymbol            text7        0001FC
__end_of_getNextPosition       text24       0008C2
__end_of_initialize            text13       00091C
__end_of_initializeLED         text12       0007F6
__end_of_initializePong        text5        000D26
__end_of_main                  text0        000D0A
__end_of_off                   text16       000BFA
__end_of_on                    text9        000B3C
__end_of_refresh               text1        000678
__end_of_setColHigh            text3        000CF8
__end_of_setRowHigh            text2        000BBE
__end_of_startPong             text6        000A68
__end_of_turnAllOff            text8        000974
__end_of_writePong             text15       000864
__end_ofi2___wmul              text23       000CC0
__end_ofi2_delaySeconds        text22       000AB2
__end_ofi2_drawSymbol          text19       0003D6
__end_ofi2_on                  text21       000C36
__end_ofi2_startPong           text18       000B7E
__end_ofi2_turnAllOff          text20       000AFA
__initialization               cinit        000700
__mediumconst                  mediumconst  000000
__nextPos                      bssCOMRAM    00005F
__p1                           bssCOMRAM    000052
__p2                           bssCOMRAM    000057
__pbssBANK0                    bssBANK0     000080
__pbssCOMRAM                   bssCOMRAM    000052
__pcinit                       cinit        000700
__pcstackBANK1                 cstackBANK1  000100
__pcstackBANK2                 cstackBANK2  000200
__pcstackCOMRAM                cstackCOMRAM 000033
__pdataBANK2                   dataBANK2    0002DD
__pdataBANK3                   dataBANK3    000300
__pdataCOMRAM                  dataCOMRAM   000001
__pidataBANK2                  idataBANK2   000CC0
__pidataBANK3                  idataBANK3   000678
__pidataCOMRAM                 idataCOMRAM  000C36
__pintcode                     intcode      000008
__pintcode_body                intcode_body 0004EE
__ptext0                       text0        000CF8
__ptext1                       text1        0005EC
__ptext10                      text10       000974
__ptext11                      text11       000C68
__ptext12                      text12       000786
__ptext13                      text13       0008C2
__ptext15                      text15       0007F6
__ptext16                      text16       000BBE
__ptext17                      text17       0003D6
__ptext18                      text18       000B3C
__ptext19                      text19       0001FC
__ptext2                       text2        000B7E
__ptext20                      text20       000AB2
__ptext21                      text21       000BFA
__ptext22                      text22       000A68
__ptext23                      text23       000C9A
__ptext24                      text24       000864
__ptext25                      text25       0009CC
__ptext3                       text3        000CDC
__ptext4                       text4        000D0A
__ptext5                       text5        000D18
__ptext6                       text6        000A1E
__ptext7                       text7        00001A
__ptext8                       text8        00091C
__ptext9                       text9        000AFA
__ramtop                       ramtop       000600
__size_of_ISR                  (abs)        000000
__size_of___lwdiv              (abs)        000000
__size_of___wmul               (abs)        000000
__size_of_allOff               (abs)        000000
__size_of_checkNextPosition    (abs)        000000
__size_of_delaySeconds         (abs)        000000
__size_of_drawSymbol           (abs)        000000
__size_of_getNextPosition      (abs)        000000
__size_of_initialize           (abs)        000000
__size_of_initializeLED        (abs)        000000
__size_of_initializePong       (abs)        000000
__size_of_main                 (abs)        000000
__size_of_off                  (abs)        000000
__size_of_on                   (abs)        000000
__size_of_refresh              (abs)        000000
__size_of_setColHigh           (abs)        000000
__size_of_setRowHigh           (abs)        000000
__size_of_startPong            (abs)        000000
__size_of_turnAllOff           (abs)        000000
__size_of_writePong            (abs)        000000
__size_ofi2___wmul             (abs)        000000
__size_ofi2_delaySeconds       (abs)        000000
__size_ofi2_drawSymbol         (abs)        000000
__size_ofi2_on                 (abs)        000000
__size_ofi2_startPong          (abs)        000000
__size_ofi2_turnAllOff         (abs)        000000
__smallconst                   smallconst   000000
__speed                        dataCOMRAM   000031
__timerCounter                 bssCOMRAM    000061
_allOff                        text4        000D0A
_checkNextPosition             text17       0003D6
_delaySeconds                  text10       000974
_drawSymbol                    text7        00001A
_getNextPosition               text24       000864
_initialize                    text13       0008C2
_initializeLED                 text12       000786
_initializePong                text5        000D18
_main                          text0        000CF8
_off                           text16       000BBE
_on                            text9        000AFA
_pixels                        bssBANK0     000080
_refresh                       text1        0005EC
_setColHigh                    text3        000CDC
_setRowHigh                    text2        000B7E
_startPong                     text6        000A1E
_turnAllOff                    text8        00091C
_writePong                     text15       0007F6
btemp                          temp         000063
delaySeconds@i                 cstackBANK2  000206
delaySeconds@numberOfSeconds   cstackBANK2  000204
drawSymbol@F3226               dataCOMRAM   000001
drawSymbol@F3229               dataBANK2    0002DD
drawSymbol@F3232               dataCOMRAM   000019
drawSymbol@F3235               dataBANK3    000300
drawSymbol@F3238               dataBANK3    000344
drawSymbol@chosenSymbol        cstackBANK2  0002D7
drawSymbol@i                   cstackBANK2  0002D9
drawSymbol@i_78                cstackBANK2  0002DA
drawSymbol@i_79                cstackBANK2  0002DB
drawSymbol@i_80                cstackBANK2  0002DC
drawSymbol@i_81                cstackBANK2  0002D8
drawSymbol@offSetX             cstackBANK2  000202
drawSymbol@symbolGo            cstackBANK2  000203
drawSymbol@symbolOne           cstackBANK2  0002A7
drawSymbol@symbolPlay          cstackBANK2  000247
drawSymbol@symbolThree         cstackBANK2  0002BF
drawSymbol@symbolTwo           cstackBANK2  00028B
end_of_initialization          cinit        000778
i2___wmul                      text23       000C9A
i2___wmul@multiplicand         cstackCOMRAM 000035
i2___wmul@multiplier           cstackCOMRAM 000033
i2___wmul@product              cstackCOMRAM 000037
i2_delaySeconds                text22       000A68
i2_drawSymbol                  text19       0001FC
i2_on                          text21       000BFA
i2_startPong                   text18       000B3C
i2_turnAllOff                  text20       000AB2
i2delaySeconds@i               cstackCOMRAM 00003C
i2delaySeconds@numberOfSeconds cstackCOMRAM 000039
i2drawSymbol@chosenSymbol      cstackBANK1  0001D4
i2drawSymbol@i                 cstackBANK1  0001D6
i2drawSymbol@i_78              cstackBANK1  0001D7
i2drawSymbol@i_79              cstackBANK1  0001D8
i2drawSymbol@i_80              cstackBANK1  0001D9
i2drawSymbol@i_81              cstackBANK1  0001D5
i2drawSymbol@offSetX           cstackCOMRAM 000037
i2drawSymbol@symbolGo          cstackBANK1  000100
i2drawSymbol@symbolOne         cstackBANK1  0001A4
i2drawSymbol@symbolPlay        cstackBANK1  000144
i2drawSymbol@symbolThree       cstackBANK1  0001BC
i2drawSymbol@symbolTwo         cstackBANK1  000188
i2on@column                    cstackCOMRAM 000036
i2on@row                       cstackCOMRAM 000033
i2turnAllOff@i                 cstackCOMRAM 000035
i2turnAllOff@j                 cstackCOMRAM 000036
initializeLED@i                cstackBANK2  000200
initializeLED@j                cstackBANK2  000201
int$flags                      temp         000063
int_func                       intcode_body 0004EE
intlevel0                      text         000000
intlevel1                      text         000000
intlevel2                      text         000000
intlevel3                      text         000000
off@column                     cstackCOMRAM 000036
off@row                        cstackCOMRAM 000033
on@column                      cstackBANK2  000200
on@row                         cstackCOMRAM 00004F
refresh@theCol                 cstackBANK2  000203
refresh@theRow                 cstackBANK2  000204
setColHigh@column              cstackCOMRAM 000051
setRowHigh@row                 cstackCOMRAM 000051
stackhi                        (abs)        0005EE
stacklo                        (abs)        000388
start                          init         000016
start_initialization           cinit        000700
turnAllOff@i                   cstackBANK2  000200
turnAllOff@j                   cstackBANK2  000201


FUNCTION INFORMATION:

 *************** function _main *****************
 Defined at:
		line 350 in file "main.c"
 Parameters:    Size  Location     Type
		None
 Auto vars:     Size  Location     Type
  GO_SYMBOL       1    0        const unsigned char 
  ONE_SYMBOL      1    0        const unsigned char 
  TWO_SYMBOL      1    0        const unsigned char 
  THREE_SYMBOL    1    0        const unsigned char 
  HELLO_SYMBOL    1    0        const unsigned char 
 Return value:  Size  Location     Type
                  1    wreg      void 
 Registers used:
		wreg, fsr1l, fsr1h, fsr2l, fsr2h, status,2, status,0, prodl, prodh, cstack
 Tracked objects:
		On entry : 
		On exit  : 
		Unchanged: 
 Data sizes:     COMRAM   BANK0   BANK1   BANK2   BANK3   BANK4   BANK5
      Params:         0       0       0       0       0       0       0
      Locals:         0       0       0       0       0       0       0
      Temps:          0       0       0       0       0       0       0
      Totals:         0       0       0       0       0       0       0
Total ram usage:        0 bytes
 Hardware stack levels required when called:    9
 This function calls:
		_initialize
		_initializeLED
		_initializePong
		_refresh
 This function is called by:
		Startup code after reset
 This function uses a non-reentrant model


 *************** function _refresh *****************
 Defined at:
		line 168 in file "Source/LED-API.c"
 Parameters:    Size  Location     Type
		None
 Auto vars:     Size  Location     Type
  theRow          1    4[BANK2 ] unsigned char 
  theCol          1    3[BANK2 ] unsigned char 
 Return value:  Size  Location     Type
                  1    wreg      void 
 Registers used:
		wreg, fsr2l, fsr2h, status,2, status,0, prodl, prodh, cstack
 Tracked objects:
		On entry : 
		On exit  : 
		Unchanged: 
 Data sizes:     COMRAM   BANK0   BANK1   BANK2   BANK3   BANK4   BANK5
      Params:         0       0       0       0       0       0       0
      Locals:         0       0       0       2       0       0       0
      Temps:          0       0       0       3       0       0       0
      Totals:         0       0       0       5       0       0       0
Total ram usage:        5 bytes
 Hardware stack levels used:    1
 Hardware stack levels required when called:    6
 This function calls:
		_allOff
		_setColHigh
		_setRowHigh
 This function is called by:
		_main
 This function uses a non-reentrant model


 *************** function _setRowHigh *****************
 Defined at:
		line 24 in file "Source/LED-API.c"
 Parameters:    Size  Location     Type
  row             1    wreg     unsigned char 
 Auto vars:     Size  Location     Type
  row             1   30[COMRAM] unsigned char 
 Return value:  Size  Location     Type
                  1    wreg      void 
 Registers used:
		wreg, status,2, status,0
 Tracked objects:
		On entry : 
		On exit  : 
		Unchanged: 
 Data sizes:     COMRAM   BANK0   BANK1   BANK2   BANK3   BANK4   BANK5
      Params:         0       0       0       0       0       0       0
      Locals:         1       0       0       0       0       0       0
      Temps:          2       0       0       0       0       0       0
      Totals:         3       0       0       0       0       0       0
Total ram usage:        3 bytes
 Hardware stack levels used:    1
 Hardware stack levels required when called:    5
 This function calls:
		Nothing
 This function is called by:
		_refresh
 This function uses a non-reentrant model


 *************** function _setColHigh *****************
 Defined at:
		line 20 in file "Source/LED-API.c"
 Parameters:    Size  Location     Type
  column          1    wreg     unsigned char 
 Auto vars:     Size  Location     Type
  column          1   30[COMRAM] unsigned char 
 Return value:  Size  Location     Type
                  1    wreg      void 
 Registers used:
		wreg, status,2, status,0
 Tracked objects:
		On entry : 
		On exit  : 
		Unchanged: 
 Data sizes:     COMRAM   BANK0   BANK1   BANK2   BANK3   BANK4   BANK5
      Params:         0       0       0       0       0       0       0
      Locals:         1       0       0       0       0       0       0
      Temps:          2       0       0       0       0       0       0
      Totals:         3       0       0       0       0       0       0
Total ram usage:        3 bytes
 Hardware stack levels used:    1
 Hardware stack levels required when called:    5
 This function calls:
		Nothing
 This function is called by:
		_refresh
 This function uses a non-reentrant model


 *************** function _allOff *****************
 Defined at:
		line 162 in file "Source/LED-API.c"
 Parameters:    Size  Location     Type
		None
 Auto vars:     Size  Location     Type
		None
 Return value:  Size  Location     Type
                  1    wreg      void 
 Registers used:
		wreg, status,2
 Tracked objects:
		On entry : 
		On exit  : 
		Unchanged: 
 Data sizes:     COMRAM   BANK0   BANK1   BANK2   BANK3   BANK4   BANK5
      Params:         0       0       0       0       0       0       0
      Locals:         0       0       0       0       0       0       0
      Temps:          0       0       0       0       0       0       0
      Totals:         0       0       0       0       0       0       0
Total ram usage:        0 bytes
 Hardware stack levels used:    1
 Hardware stack levels required when called:    5
 This function calls:
		Nothing
 This function is called by:
		_refresh
 This function uses a non-reentrant model


 *************** function _initializePong *****************
 Defined at:
		line 77 in file "main.c"
 Parameters:    Size  Location     Type
		None
 Auto vars:     Size  Location     Type
		None
 Return value:  Size  Location     Type
                  1    wreg      void 
 Registers used:
		wreg, fsr1l, fsr1h, fsr2l, fsr2h, status,2, status,0, prodl, prodh, cstack
 Tracked objects:
		On entry : 
		On exit  : 
		Unchanged: 
 Data sizes:     COMRAM   BANK0   BANK1   BANK2   BANK3   BANK4   BANK5
      Params:         0       0       0       0       0       0       0
      Locals:         0       0       0       0       0       0       0
      Temps:          0       0       0       0       0       0       0
      Totals:         0       0       0       0       0       0       0
Total ram usage:        0 bytes
 Hardware stack levels used:    1
 Hardware stack levels required when called:    8
 This function calls:
		_startPong
 This function is called by:
		_main
 This function uses a non-reentrant model


 *************** function _startPong *****************
 Defined at:
		line 58 in file "main.c"
 Parameters:    Size  Location     Type
		None
 Auto vars:     Size  Location     Type
		None
 Return value:  Size  Location     Type
                  1    wreg      void 
 Registers used:
		wreg, fsr1l, fsr1h, fsr2l, fsr2h, status,2, status,0, prodl, prodh, cstack
 Tracked objects:
		On entry : 
		On exit  : 
		Unchanged: 
 Data sizes:     COMRAM   BANK0   BANK1   BANK2   BANK3   BANK4   BANK5
      Params:         0       0       0       0       0       0       0
      Locals:         0       0       0       0       0       0       0
      Temps:          0       0       0       0       0       0       0
      Totals:         0       0       0       0       0       0       0
Total ram usage:        0 bytes
 Hardware stack levels used:    1
 Hardware stack levels required when called:    7
 This function calls:
		_delaySeconds
		_drawSymbol
		_turnAllOff
 This function is called by:
		_initializePong
 This function uses a non-reentrant model


 *************** function _drawSymbol *****************
 Defined at:
		line 89 in file "Source/LED-API.c"
 Parameters:    Size  Location     Type
  chosenSymbol    1    wreg     unsigned char 
  offSetX         1    2[BANK2 ] unsigned char 
 Auto vars:     Size  Location     Type
  chosenSymbol    1  215[BANK2 ] unsigned char 
  i               1  216[BANK2 ] unsigned char 
  i               1  220[BANK2 ] unsigned char 
  i               1  219[BANK2 ] unsigned char 
  i               1  218[BANK2 ] unsigned char 
  i               1  217[BANK2 ] unsigned char 
  symbolPlay     68   71[BANK2 ] unsigned char [2][34]
  symbolGo       68    3[BANK2 ] unsigned char [2][34]
  symbolTwo      28  139[BANK2 ] unsigned char [2][14]
  symbolThree    24  191[BANK2 ] unsigned char [2][12]
  symbolOne      24  167[BANK2 ] unsigned char [2][12]
 Return value:  Size  Location     Type
                  1    wreg      void 
 Registers used:
		wreg, fsr1l, fsr1h, fsr2l, fsr2h, status,2, status,0, prodl, prodh, cstack
 Tracked objects:
		On entry : 
		On exit  : 
		Unchanged: 
 Data sizes:     COMRAM   BANK0   BANK1   BANK2   BANK3   BANK4   BANK5
      Params:         0       0       0       1       0       0       0
      Locals:         0       0       0     218       0       0       0
      Temps:          0       0       0       0       0       0       0
      Totals:         0       0       0     219       0       0       0
Total ram usage:      219 bytes
 Hardware stack levels used:    1
 Hardware stack levels required when called:    6
 This function calls:
		_on
		_turnAllOff
 This function is called by:
		_startPong
 This function uses a non-reentrant model


 *************** function _turnAllOff *****************
 Defined at:
		line 152 in file "Source/LED-API.c"
 Parameters:    Size  Location     Type
		None
 Auto vars:     Size  Location     Type
  j               1    1[BANK2 ] unsigned char 
  i               1    0[BANK2 ] unsigned char 
 Return value:  Size  Location     Type
                  1    wreg      void 
 Registers used:
		wreg, fsr2l, fsr2h, status,2, status,0, prodl, prodh
 Tracked objects:
		On entry : 
		On exit  : 
		Unchanged: 
 Data sizes:     COMRAM   BANK0   BANK1   BANK2   BANK3   BANK4   BANK5
      Params:         0       0       0       0       0       0       0
      Locals:         0       0       0       2       0       0       0
      Temps:          2       0       0       0       0       0       0
      Totals:         2       0       0       2       0       0       0
Total ram usage:        4 bytes
 Hardware stack levels used:    1
 Hardware stack levels required when called:    5
 This function calls:
		Nothing
 This function is called by:
		_drawSymbol
		_startPong
 This function uses a non-reentrant model


 *************** function _on *****************
 Defined at:
		line 47 in file "Source/LED-API.c"
 Parameters:    Size  Location     Type
  column          1    wreg     unsigned char 
  row             1   28[COMRAM] unsigned char 
 Auto vars:     Size  Location     Type
  column          1    0[BANK2 ] unsigned char 
 Return value:  Size  Location     Type
                  1    wreg      void 
 Registers used:
		wreg, fsr2l, fsr2h, status,2, status,0, prodl, prodh
 Tracked objects:
		On entry : 
		On exit  : 
		Unchanged: 
 Data sizes:     COMRAM   BANK0   BANK1   BANK2   BANK3   BANK4   BANK5
      Params:         1       0       0       0       0       0       0
      Locals:         0       0       0       1       0       0       0
      Temps:          2       0       0       0       0       0       0
      Totals:         3       0       0       1       0       0       0
Total ram usage:        4 bytes
 Hardware stack levels used:    1
 Hardware stack levels required when called:    5
 This function calls:
		Nothing
 This function is called by:
		_drawSymbol
 This function uses a non-reentrant model


 *************** function _delaySeconds *****************
 Defined at:
		line 49 in file "main.c"
 Parameters:    Size  Location     Type
  numberOfSeco    2    4[BANK2 ] int 
 Auto vars:     Size  Location     Type
  i               2    6[BANK2 ] int 
 Return value:  Size  Location     Type
		None               void
 Registers used:
		wreg, status,2, status,0, prodl, prodh, cstack
 Tracked objects:
		On entry : 
		On exit  : 
		Unchanged: 
 Data sizes:     COMRAM   BANK0   BANK1   BANK2   BANK3   BANK4   BANK5
      Params:         0       0       0       2       0       0       0
      Locals:         0       0       0       2       0       0       0
      Temps:          1       0       0       0       0       0       0
      Totals:         1       0       0       4       0       0       0
Total ram usage:        5 bytes
 Hardware stack levels used:    1
 Hardware stack levels required when called:    6
 This function calls:
		___wmul
 This function is called by:
		_startPong
 This function uses a non-reentrant model


 *************** function ___wmul *****************
 Defined at:
		line 15 in file "C:\Program Files (x86)\Microchip\xc8\v1.37\sources\common\Umul16.c"
 Parameters:    Size  Location     Type
  multiplier      2    0[BANK2 ] unsigned int 
  multiplicand    2    2[BANK2 ] unsigned int 
 Auto vars:     Size  Location     Type
  product         2   28[COMRAM] unsigned int 
 Return value:  Size  Location     Type
                  2    0[BANK2 ] unsigned int 
 Registers used:
		wreg, status,2, status,0, prodl, prodh
 Tracked objects:
		On entry : 
		On exit  : 
		Unchanged: 
 Data sizes:     COMRAM   BANK0   BANK1   BANK2   BANK3   BANK4   BANK5
      Params:         0       0       0       4       0       0       0
      Locals:         2       0       0       0       0       0       0
      Temps:          0       0       0       0       0       0       0
      Totals:         2       0       0       4       0       0       0
Total ram usage:        6 bytes
 Hardware stack levels used:    1
 Hardware stack levels required when called:    5
 This function calls:
		Nothing
 This function is called by:
		_delaySeconds
 This function uses a non-reentrant model


 *************** function _initializeLED *****************
 Defined at:
		line 31 in file "Source/LED-API.c"
 Parameters:    Size  Location     Type
		None
 Auto vars:     Size  Location     Type
  j               1    1[BANK2 ] unsigned char 
  i               1    0[BANK2 ] unsigned char 
 Return value:  Size  Location     Type
                  1    wreg      void 
 Registers used:
		wreg, fsr2l, fsr2h, status,2, status,0, prodl, prodh
 Tracked objects:
		On entry : 
		On exit  : 
		Unchanged: 
 Data sizes:     COMRAM   BANK0   BANK1   BANK2   BANK3   BANK4   BANK5
      Params:         0       0       0       0       0       0       0
      Locals:         0       0       0       2       0       0       0
      Temps:          2       0       0       0       0       0       0
      Totals:         2       0       0       2       0       0       0
Total ram usage:        4 bytes
 Hardware stack levels used:    1
 Hardware stack levels required when called:    5
 This function calls:
		Nothing
 This function is called by:
		_main
 This function uses a non-reentrant model


 *************** function _initialize *****************
 Defined at:
		line 88 in file "main.c"
 Parameters:    Size  Location     Type
		None
 Auto vars:     Size  Location     Type
		None
 Return value:  Size  Location     Type
                  1    wreg      void 
 Registers used:
		wreg, status,2
 Tracked objects:
		On entry : 
		On exit  : 
		Unchanged: 
 Data sizes:     COMRAM   BANK0   BANK1   BANK2   BANK3   BANK4   BANK5
      Params:         0       0       0       0       0       0       0
      Locals:         0       0       0       0       0       0       0
      Temps:          0       0       0       0       0       0       0
      Totals:         0       0       0       0       0       0       0
Total ram usage:        0 bytes
 Hardware stack levels used:    1
 Hardware stack levels required when called:    5
 This function calls:
		Nothing
 This function is called by:
		_main
 This function uses a non-reentrant model


 *************** function _ISR *****************
 Defined at:
		line 295 in file "main.c"
 Parameters:    Size  Location     Type
		None
 Auto vars:     Size  Location     Type
  ADvalue         2   25[COMRAM] unsigned short 
  value           1   27[COMRAM] unsigned char 
 Return value:  Size  Location     Type
                  1    wreg      void 
 Registers used:
		wreg, fsr1l, fsr1h, fsr2l, fsr2h, status,2, status,0, prodl, prodh, cstack
 Tracked objects:
		On entry : 
		On exit  : 
		Unchanged: 
 Data sizes:     COMRAM   BANK0   BANK1   BANK2   BANK3   BANK4   BANK5
      Params:         0       0       0       0       0       0       0
      Locals:         3       0       0       0       0       0       0
      Temps:         14       0       0       0       0       0       0
      Totals:        17       0       0       0       0       0       0
Total ram usage:       17 bytes
 Hardware stack levels used:    1
 Hardware stack levels required when called:    4
 This function calls:
		___lwdiv
		_checkNextPosition
		_writePong
 This function is called by:
		Interrupt level 2
 This function uses a non-reentrant model


 *************** function _writePong *****************
 Defined at:
		line 130 in file "main.c"
 Parameters:    Size  Location     Type
		None
 Auto vars:     Size  Location     Type
		None
 Return value:  Size  Location     Type
                  1    wreg      void 
 Registers used:
		wreg, fsr2l, fsr2h, status,2, status,0, prodl, prodh, cstack
 Tracked objects:
		On entry : 
		On exit  : 
		Unchanged: 
 Data sizes:     COMRAM   BANK0   BANK1   BANK2   BANK3   BANK4   BANK5
      Params:         0       0       0       0       0       0       0
      Locals:         0       0       0       0       0       0       0
      Temps:          0       0       0       0       0       0       0
      Totals:         0       0       0       0       0       0       0
Total ram usage:        0 bytes
 Hardware stack levels used:    1
 Hardware stack levels required when called:    1
 This function calls:
		_off
		i2_on
 This function is called by:
		_ISR
 This function uses a non-reentrant model


 *************** function _off *****************
 Defined at:
		line 68 in file "Source/LED-API.c"
 Parameters:    Size  Location     Type
  column          1    wreg     unsigned char 
  row             1    0[COMRAM] unsigned char 
 Auto vars:     Size  Location     Type
  column          1    3[COMRAM] unsigned char 
 Return value:  Size  Location     Type
                  1    wreg      void 
 Registers used:
		wreg, fsr2l, fsr2h, status,2, status,0, prodl, prodh
 Tracked objects:
		On entry : 
		On exit  : 
		Unchanged: 
 Data sizes:     COMRAM   BANK0   BANK1   BANK2   BANK3   BANK4   BANK5
      Params:         1       0       0       0       0       0       0
      Locals:         1       0       0       0       0       0       0
      Temps:          2       0       0       0       0       0       0
      Totals:         4       0       0       0       0       0       0
Total ram usage:        4 bytes
 Hardware stack levels used:    1
 This function calls:
		Nothing
 This function is called by:
		_writePong
 This function uses a non-reentrant model


 *************** function _checkNextPosition *****************
 Defined at:
		line 184 in file "main.c"
 Parameters:    Size  Location     Type
		None
 Auto vars:     Size  Location     Type
		None
 Return value:  Size  Location     Type
                  1    wreg      void 
 Registers used:
		wreg, fsr1l, fsr1h, fsr2l, fsr2h, status,2, status,0, prodl, prodh, cstack
 Tracked objects:
		On entry : 
		On exit  : 
		Unchanged: 
 Data sizes:     COMRAM   BANK0   BANK1   BANK2   BANK3   BANK4   BANK5
      Params:         0       0       0       0       0       0       0
      Locals:         0       0       0       0       0       0       0
      Temps:          0       0       0       0       0       0       0
      Totals:         0       0       0       0       0       0       0
Total ram usage:        0 bytes
 Hardware stack levels used:    1
 Hardware stack levels required when called:    3
 This function calls:
		_getNextPosition
		i2_startPong
 This function is called by:
		_ISR
 This function uses a non-reentrant model


 *************** function i2_startPong *****************
 Defined at:
		line 58 in file "main.c"
 Parameters:    Size  Location     Type
		None
 Auto vars:     Size  Location     Type
		None
 Return value:  Size  Location     Type
                  1    wreg      void 
 Registers used:
		wreg, fsr1l, fsr1h, fsr2l, fsr2h, status,2, status,0, prodl, prodh, cstack
 Tracked objects:
		On entry : 
		On exit  : 
		Unchanged: 
 Data sizes:     COMRAM   BANK0   BANK1   BANK2   BANK3   BANK4   BANK5
      Params:         0       0       0       0       0       0       0
      Locals:         0       0       0       0       0       0       0
      Temps:          0       0       0       0       0       0       0
      Totals:         0       0       0       0       0       0       0
Total ram usage:        0 bytes
 Hardware stack levels used:    1
 Hardware stack levels required when called:    2
 This function calls:
		i2_delaySeconds
		i2_drawSymbol
		i2_turnAllOff
 This function is called by:
		_checkNextPosition
 This function uses a non-reentrant model


 *************** function i2_drawSymbol *****************
 Defined at:
		line 89 in file "Source/LED-API.c"
 Parameters:    Size  Location     Type
  chosenSymbol    1    wreg     unsigned char 
  offSetX         1    4[COMRAM] unsigned char 
 Auto vars:     Size  Location     Type
  chosenSymbol    1  212[BANK1 ] unsigned char 
  drawSymbol     68   68[BANK1 ] unsigned char [2][34]
  drawSymbol     68    0[BANK1 ] unsigned char [2][34]
  drawSymbol     28  136[BANK1 ] unsigned char [2][14]
  drawSymbol     24  188[BANK1 ] unsigned char [2][12]
  drawSymbol     24  164[BANK1 ] unsigned char [2][12]
  drawSymbol      1  217[BANK1 ] unsigned char 
  drawSymbol      1  216[BANK1 ] unsigned char 
  drawSymbol      1  215[BANK1 ] unsigned char 
  drawSymbol      1  214[BANK1 ] unsigned char 
  drawSymbol      1  213[BANK1 ] unsigned char 
 Return value:  Size  Location     Type
                  1    wreg      void 
 Registers used:
		wreg, fsr1l, fsr1h, fsr2l, fsr2h, status,2, status,0, prodl, prodh, cstack
 Tracked objects:
		On entry : 
		On exit  : 
		Unchanged: 
 Data sizes:     COMRAM   BANK0   BANK1   BANK2   BANK3   BANK4   BANK5
      Params:         1       0       0       0       0       0       0
      Locals:         0       0     218       0       0       0       0
      Temps:          0       0       0       0       0       0       0
      Totals:         1       0     218       0       0       0       0
Total ram usage:      219 bytes
 Hardware stack levels used:    1
 Hardware stack levels required when called:    1
 This function calls:
		i2_on
		i2_turnAllOff
 This function is called by:
		i2_startPong
 This function uses a non-reentrant model


 *************** function i2_turnAllOff *****************
 Defined at:
		line 152 in file "Source/LED-API.c"
 Parameters:    Size  Location     Type
		None
 Auto vars:     Size  Location     Type
  turnAllOff      1    3[COMRAM] unsigned char 
  turnAllOff      1    2[COMRAM] unsigned char 
 Return value:  Size  Location     Type
                  1    wreg      void 
 Registers used:
		wreg, fsr2l, fsr2h, status,2, status,0, prodl, prodh
 Tracked objects:
		On entry : 
		On exit  : 
		Unchanged: 
 Data sizes:     COMRAM   BANK0   BANK1   BANK2   BANK3   BANK4   BANK5
      Params:         0       0       0       0       0       0       0
      Locals:         2       0       0       0       0       0       0
      Temps:          2       0       0       0       0       0       0
      Totals:         4       0       0       0       0       0       0
Total ram usage:        4 bytes
 Hardware stack levels used:    1
 This function calls:
		Nothing
 This function is called by:
		i2_drawSymbol
		i2_startPong
 This function uses a non-reentrant model


 *************** function i2_on *****************
 Defined at:
		line 47 in file "Source/LED-API.c"
 Parameters:    Size  Location     Type
  column          1    wreg     unsigned char 
  row             1    0[COMRAM] unsigned char 
 Auto vars:     Size  Location     Type
  column          1    3[COMRAM] unsigned char 
 Return value:  Size  Location     Type
                  1    wreg      void 
 Registers used:
		wreg, fsr2l, fsr2h, status,2, status,0, prodl, prodh
 Tracked objects:
		On entry : 
		On exit  : 
		Unchanged: 
 Data sizes:     COMRAM   BANK0   BANK1   BANK2   BANK3   BANK4   BANK5
      Params:         1       0       0       0       0       0       0
      Locals:         1       0       0       0       0       0       0
      Temps:          2       0       0       0       0       0       0
      Totals:         4       0       0       0       0       0       0
Total ram usage:        4 bytes
 Hardware stack levels used:    1
 This function calls:
		Nothing
 This function is called by:
		_writePong
		i2_drawSymbol
 This function uses a non-reentrant model


 *************** function i2_delaySeconds *****************
 Defined at:
		line 49 in file "main.c"
 Parameters:    Size  Location     Type
  numberOfSeco    2    6[COMRAM] int 
 Auto vars:     Size  Location     Type
  delaySeconds    2    9[COMRAM] int 
 Return value:  Size  Location     Type
		None               void
 Registers used:
		wreg, status,2, status,0, prodl, prodh, cstack
 Tracked objects:
		On entry : 
		On exit  : 
		Unchanged: 
 Data sizes:     COMRAM   BANK0   BANK1   BANK2   BANK3   BANK4   BANK5
      Params:         2       0       0       0       0       0       0
      Locals:         2       0       0       0       0       0       0
      Temps:          1       0       0       0       0       0       0
      Totals:         5       0       0       0       0       0       0
Total ram usage:        5 bytes
 Hardware stack levels used:    1
 Hardware stack levels required when called:    1
 This function calls:
		i2___wmul
 This function is called by:
		i2_startPong
 This function uses a non-reentrant model


 *************** function i2___wmul *****************
 Defined at:
		line 15 in file "C:\Program Files (x86)\Microchip\xc8\v1.37\sources\common\Umul16.c"
 Parameters:    Size  Location     Type
  multiplier      2    0[COMRAM] unsigned int 
  multiplicand    2    2[COMRAM] unsigned int 
 Auto vars:     Size  Location     Type
  __wmul          2    4[COMRAM] unsigned int 
 Return value:  Size  Location     Type
                  2    0[COMRAM] unsigned int 
 Registers used:
		wreg, status,2, status,0, prodl, prodh
 Tracked objects:
		On entry : 
		On exit  : 
		Unchanged: 
 Data sizes:     COMRAM   BANK0   BANK1   BANK2   BANK3   BANK4   BANK5
      Params:         4       0       0       0       0       0       0
      Locals:         2       0       0       0       0       0       0
      Temps:          0       0       0       0       0       0       0
      Totals:         6       0       0       0       0       0       0
Total ram usage:        6 bytes
 Hardware stack levels used:    1
 This function calls:
		Nothing
 This function is called by:
		i2_delaySeconds
 This function uses a non-reentrant model


 *************** function _getNextPosition *****************
 Defined at:
		line 155 in file "main.c"
 Parameters:    Size  Location     Type
		None
 Auto vars:     Size  Location     Type
		None
 Return value:  Size  Location     Type
                  1    wreg      void 
 Registers used:
		wreg, status,2, status,0
 Tracked objects:
		On entry : 
		On exit  : 
		Unchanged: 
 Data sizes:     COMRAM   BANK0   BANK1   BANK2   BANK3   BANK4   BANK5
      Params:         0       0       0       0       0       0       0
      Locals:         0       0       0       0       0       0       0
      Temps:          0       0       0       0       0       0       0
      Totals:         0       0       0       0       0       0       0
Total ram usage:        0 bytes
 Hardware stack levels used:    1
 This function calls:
		Nothing
 This function is called by:
		_checkNextPosition
 This function uses a non-reentrant model


 *************** function ___lwdiv *****************
 Defined at:
		line 8 in file "C:\Program Files (x86)\Microchip\xc8\v1.37\sources\common\lwdiv.c"
 Parameters:    Size  Location     Type
  dividend        2    0[COMRAM] unsigned int 
  divisor         2    2[COMRAM] unsigned int 
 Auto vars:     Size  Location     Type
  quotient        2    4[COMRAM] unsigned int 
  counter         1    6[COMRAM] unsigned char 
 Return value:  Size  Location     Type
                  2    0[COMRAM] unsigned int 
 Registers used:
		wreg, status,2, status,0
 Tracked objects:
		On entry : 
		On exit  : 
		Unchanged: 
 Data sizes:     COMRAM   BANK0   BANK1   BANK2   BANK3   BANK4   BANK5
      Params:         4       0       0       0       0       0       0
      Locals:         3       0       0       0       0       0       0
      Temps:          0       0       0       0       0       0       0
      Totals:         7       0       0       0       0       0       0
Total ram usage:        7 bytes
 Hardware stack levels used:    1
 This function calls:
		Nothing
 This function is called by:
		_ISR
 This function uses a non-reentrant model



MODULE INFORMATION

Module		Function		Class		Link	Load	Size
C:\Program Files (x86)\Microchip\xc8\v1.37\sources\common\Umul16.c
		___wmul        		CODE           	0C68	0000	51

C:\Program Files (x86)\Microchip\xc8\v1.37\sources\common\Umul16.c estimated size: 51

C:\Program Files (x86)\Microchip\xc8\v1.37\sources\common\lwdiv.c
		___lwdiv       		CODE           	09CC	0000	83

C:\Program Files (x86)\Microchip\xc8\v1.37\sources\common\lwdiv.c estimated size: 83

shared
		i2_delaySeconds		CODE           	0A68	0000	75
		i2_startPong   		CODE           	0B3C	0000	67
		i2___wmul      		CODE           	0C9A	0000	39
		__initialization		CODE           	0700	0000	121
		i2_drawSymbol  		CODE           	01FC	0000	475
		i2_on          		CODE           	0BFA	0000	61
		i2_turnAllOff  		CODE           	0AB2	0000	73

shared estimated size: 911

main.c
		_initializePong		CODE           	0D18	0000	15
		_getNextPosition		CODE           	0864	0000	95
		_ISR           		CODE           	0008	0000	269
		_delaySeconds  		CODE           	0974	0000	89
		_main          		CODE           	0CF8	0000	19
		_checkNextPosition		CODE           	03D6	0000	281
		_writePong     		CODE           	07F6	0000	111
		_startPong     		CODE           	0A1E	0000	75
		_initialize    		CODE           	08C2	0000	91

main.c estimated size: 1045

Source/LED-API.c
		_setColHigh    		CODE           	0CDC	0000	29
		_setRowHigh    		CODE           	0B7E	0000	65
		_refresh       		CODE           	05EC	0000	141
		_allOff        		CODE           	0D0A	0000	15
		_on            		CODE           	0AFA	0000	67
		_turnAllOff    		CODE           	091C	0000	89
		_off           		CODE           	0BBE	0000	61
		_initializeLED 		CODE           	0786	0000	113
		_drawSymbol    		CODE           	001A	0000	483

Source/LED-API.c estimated size: 1063

