Microchip MPLAB XC8 Compiler V1.37 ()

Linker command line:

-W-3 --edf=C:\Program Files (x86)\Microchip\xc8\v1.37\dat\en_msgs.txt -cs \
  -h+dist/default/production\EniacArcade.X.production.sym \
  --cmf=dist/default/production\EniacArcade.X.production.cmf -z -Q18F4520 \
  -oC:\Users\larsg\AppData\Local\Temp\sbdo.2 \
  -Mdist/default/production/EniacArcade.X.production.map -E1 -ver=XC8 \
  -ASTACK=0100h-05ffh -pstack=STACK -ACODE=00h-07FFFh -ACONST=00h-07FFFh \
  -ASMALLCONST=0600h-06FFhx122 -AMEDIUMCONST=0600h-07FFFh -ACOMRAM=01h-07Fh \
  -AABS1=00h-05FFh -ABIGRAM=01h-05FFh -ARAM=080h-0FFh,0100h-01FFhx5 \
  -ABANK0=080h-0FFh -ABANK1=0100h-01FFh -ABANK2=0200h-02FFh \
  -ABANK3=0300h-03FFh -ABANK4=0400h-04FFh -ABANK5=0500h-05FFh \
  -ASFR=0F80h-0FFFh \
  -preset_vec=00h,intcode=08h,intcodelo,powerup,init,end_init \
  -pramtop=0600h -psmallconst=SMALLCONST -pmediumconst=MEDIUMCONST \
  -pconst=CONST -AFARRAM=00h-00h -ACONFIG=0300000h-030000Dh -pconfig=CONFIG \
  -AIDLOC=0200000h-0200007h -pidloc=IDLOC -AEEDATA=0F00000h-0F000FFh \
  -peeprom_data=EEDATA \
  -prdata=COMRAM,nvrram=COMRAM,nvbit=COMRAM,rbss=COMRAM,rbit=COMRAM \
  -pfarbss=FARRAM,fardata=FARRAM,nvFARRAM=FARRAM \
  -pintsave_regs=BIGRAM,bigbss=BIGRAM,bigdata=BIGRAM -pbss=RAM \
  -pidata=CODE,irdata=CODE,ibigdata=CODE,ifardata=CODE -prparam=COMRAM \
  C:\Users\larsg\AppData\Local\Temp\sbdo.obj \
  dist/default/production\EniacArcade.X.production.obj 

Object code version is 3.11

Machine type is 18F4520

Call graph: (short form)




                Name                               Link     Load   Length Selector   Space Scale
C:\Users\larsg\AppData\Local\Temp\sbdo.obj
                end_init                             16       16        4        4       0
                reset_vec                             0        0        4        0       0
                idloc                            200000   200000        8   200000       0
                config                           300000   300000        E   300000       0
dist/default/production\EniacArcade.X.production.obj
                intcode                               8        8        E        4       0
                temp                                 30       30        1        1       1
                text15                              3F0      3F0       52        4       0
                text14                              2E6      2E6       5E        4       0
                text13                               1A       1A      114        4       0
                text12                              53E      53E       3C        4       0
                text11                              502      502       3C        4       0
                text10                              442      442       42        4       0
                text9                               39E      39E       52        4       0
                intcode_body                        12E      12E       EE        4       0
                text7                               344      344       5A        4       0
                text6                               286      286       60        4       0
                text5                               596      596       16        4       0
                text4                               5BE      5BE        E        4       0
                text3                               57A      57A       1C        4       0
                text2                               484      484       40        4       0
                text1                               21C      21C       6A        4       0
                text0                               5AC      5AC       12        4       0
                cstackCOMRAM                          1        1       20        1       1
                bssBANK0                             80       80       80       80       1
                dataCOMRAM                           2E       2E        2        1       1
                bssCOMRAM                            21       21        D        1       1
                cinit                               4C4      4C4       3E        4       0
                idataCOMRAM                         5CC      5CC        2        4       0

TOTAL           Name                               Link     Load   Length     Space
        CLASS   STACK          

        CLASS   CODE           
                end_init                             16       16        4         0
                intcode                               8        8        E         0
                reset_vec                             0        0        4         0
                text15                              3F0      3F0       52         0
                text14                              2E6      2E6       5E         0
                text13                               1A       1A      114         0
                text12                              53E      53E       3C         0
                text11                              502      502       3C         0
                text10                              442      442       42         0
                text9                               39E      39E       52         0
                intcode_body                        12E      12E       EE         0
                text7                               344      344       5A         0
                text6                               286      286       60         0
                text5                               596      596       16         0
                text4                               5BE      5BE        E         0
                text3                               57A      57A       1C         0
                text2                               484      484       40         0
                text1                               21C      21C       6A         0
                text0                               5AC      5AC       12         0
                cinit                               4C4      4C4       3E         0
                idataCOMRAM                         5CC      5CC        2         0

        CLASS   CONST          

        CLASS   SMALLCONST     

        CLASS   MEDIUMCONST    

        CLASS   COMRAM         
                temp                                 30       30        1         1
                cstackCOMRAM                          1        1       20         1
                dataCOMRAM                           2E       2E        2         1
                bssCOMRAM                            21       21        D         1

        CLASS   ABS1           

        CLASS   BIGRAM         

        CLASS   RAM            

        CLASS   BANK0          
                bssBANK0                             80       80       80         1

        CLASS   BANK1          

        CLASS   BANK2          

        CLASS   BANK3          

        CLASS   BANK4          

        CLASS   BANK5          

        CLASS   SFR            

        CLASS   FARRAM         

        CLASS   CONFIG         
                config                           300000   300000        E         0

        CLASS   IDLOC          
                idloc                            200000   200000        8         0

        CLASS   EEDATA         



SEGMENTS        Name                           Load    Length   Top    Selector   Space  Class

                reset_vec                      000000  000004  000004         0       0  CODE    
                cstackCOMRAM                   000001  000030  000031         1       1  COMRAM  
                intcode                        000008  0005C6  0005CE         4       0  CODE    
                bssBANK0                       000080  000080  000100        80       1  BANK0   
                idloc                          200000  000008  200008    200000       0  IDLOC   
                config                         300000  00000E  30000E    300000       0  CONFIG  


UNUSED ADDRESS RANGES

        Name                Unused          Largest block    Delta
        BANK1            000100-0001FF              100
        BANK2            000200-0002FF              100
        BANK3            000300-0003FF              100
        BANK4            000400-0004FF              100
        BANK5            000500-0005FF              100
        BIGRAM           000031-00007F               4F
                         000100-0005FF              500
        CODE             000004-000007                4
                         0005CE-007FFF             7A32
        COMRAM           000031-00007F               4F
        CONST            000004-000007                4
                         0005CE-007FFF             7A32
        EEDATA           F00000-F000FF              100
        MEDIUMCONST      000600-007FFF             7A00
        RAM              000100-0005FF              100
        SFR              000F80-000FFF               80
        SMALLCONST       000600-007FFF              100
        STACK            000100-0005FF              500

                                  Symbol Table

?___lwdiv                   cstackCOMRAM 000001
ISR@ADvalue                 cstackCOMRAM 000016
ISR@value                   cstackCOMRAM 000018
_ADCON0bits                 (abs)        000FC2
_ADCON1bits                 (abs)        000FC1
_ADCON2bits                 (abs)        000FC0
_ADIE                       (abs)        007CEE
_ADIF                       (abs)        007CF6
_ADRES                      (abs)        000FC3
_GIE                        (abs)        007F97
_ISR                        intcode      000008
_LATA                       (abs)        000F89
_LATC                       (abs)        000F8B
_LATD                       (abs)        000F8C
_OSCCONbits                 (abs)        000FD3
_OSCTUNEbits                (abs)        000F9B
_PEIE                       (abs)        007F96
_PLLEN                      (abs)        007CDE
_PSA                        (abs)        007EAB
_T08BIT                     (abs)        007EAE
_T0CS                       (abs)        007EAD
_T0PS0                      (abs)        007EA8
_T0PS1                      (abs)        007EA9
_T0PS2                      (abs)        007EAA
_TMR0IE                     (abs)        007F95
_TMR0IF                     (abs)        007F92
_TMR0ON                     (abs)        007EAF
_TRISA                      (abs)        000F92
_TRISBbits                  (abs)        000F93
_TRISC                      (abs)        000F94
_TRISD                      (abs)        000F95
__CFG_BOREN$OFF             (abs)        000000
__CFG_BORV$3                (abs)        000000
__CFG_CCP2MX$PORTC          (abs)        000000
__CFG_CP0$OFF               (abs)        000000
__CFG_CP1$OFF               (abs)        000000
__CFG_CP2$OFF               (abs)        000000
__CFG_CP3$OFF               (abs)        000000
__CFG_CPB$OFF               (abs)        000000
__CFG_CPD$OFF               (abs)        000000
__CFG_EBTR0$OFF             (abs)        000000
__CFG_EBTR1$OFF             (abs)        000000
__CFG_EBTR2$OFF             (abs)        000000
__CFG_EBTR3$OFF             (abs)        000000
__CFG_EBTRB$OFF             (abs)        000000
__CFG_FCMEN$OFF             (abs)        000000
__CFG_IESO$OFF              (abs)        000000
__CFG_LPT1OSC$OFF           (abs)        000000
__CFG_LVP$OFF               (abs)        000000
__CFG_MCLRE$ON              (abs)        000000
__CFG_OSC$INTIO67           (abs)        000000
__CFG_PBADEN$OFF            (abs)        000000
__CFG_PWRT$OFF              (abs)        000000
__CFG_STVREN$ON             (abs)        000000
__CFG_WDT$OFF               (abs)        000000
__CFG_WDTPS$32768           (abs)        000000
__CFG_WRT0$OFF              (abs)        000000
__CFG_WRT1$OFF              (abs)        000000
__CFG_WRT2$OFF              (abs)        000000
__CFG_WRT3$OFF              (abs)        000000
__CFG_WRTB$OFF              (abs)        000000
__CFG_WRTC$OFF              (abs)        000000
__CFG_WRTD$OFF              (abs)        000000
__CFG_XINST$OFF             (abs)        000000
__HRAM                      (abs)        000000
__Habs1                     abs1         000000
__Hbank0                    bank0        000000
__Hbank1                    bank1        000000
__Hbank2                    bank2        000000
__Hbank3                    bank3        000000
__Hbank4                    bank4        000000
__Hbank5                    bank5        000000
__Hbigbss                   bigbss       000000
__Hbigdata                  bigdata      000000
__Hbigram                   bigram       000000
__Hbss                      bss          000000
__HbssBANK0                 bssBANK0     000000
__HbssCOMRAM                bssCOMRAM    000000
__Hcinit                    cinit        000000
__Hclrtext                  clrtext      000000
__Hcomram                   comram       000000
__Hconfig                   config       30000E
__Hconst                    const        000000
__HcstackCOMRAM             cstackCOMRAM 000000
__Hdata                     data         000000
__HdataCOMRAM               dataCOMRAM   000000
__Heeprom_data              eeprom_data  000000
__Hend_init                 end_init     00001A
__Hfarbss                   farbss       000000
__Hfardata                  fardata      000000
__Hibigdata                 ibigdata     000000
__Hidata                    idata        000000
__HidataCOMRAM              idataCOMRAM  000000
__Hidloc                    idloc        200008
__Hifardata                 ifardata     000000
__Hinit                     init         000016
__Hintcode                  intcode      000016
__Hintcode_body             intcode_body 000000
__Hintcodelo                intcodelo    000016
__Hintentry                 intentry     000000
__Hintret                   intret       000000
__Hintsave_regs             intsave_regs 000000
__Hirdata                   irdata       000000
__Hmediumconst              mediumconst  000000
__HnvFARRAM                 nvFARRAM     000000
__Hnvbit                    nvbit        000000
__Hnvrram                   nvrram       000000
__Hparam                    rparam       000000
__Hpowerup                  powerup      000016
__Hram                      ram          000000
__Hramtop                   ramtop       000600
__Hrbit                     rbit         000000
__Hrbss                     rbss         000000
__Hrdata                    rdata        000000
__Hreset_vec                reset_vec    000004
__Hrparam                   rparam       000000
__Hsfr                      sfr          000000
__Hsmallconst               smallconst   000000
__Hspace_0                  (abs)        30000E
__Hspace_1                  (abs)        000100
__Hspace_2                  (abs)        000000
__Hstack                    stack        000000
__Hstruct                   struct       000000
__Htemp                     temp         000031
__Htext                     text         000000
__Htext0                    text0        000000
__Htext1                    text1        000000
__Htext10                   text10       000000
__Htext11                   text11       000000
__Htext12                   text12       000000
__Htext13                   text13       000000
__Htext14                   text14       000000
__Htext15                   text15       000000
__Htext2                    text2        000000
__Htext3                    text3        000000
__Htext4                    text4        000000
__Htext5                    text5        000000
__Htext6                    text6        000000
__Htext7                    text7        000000
__Htext9                    text9        000000
__LRAM                      (abs)        000001
__Labs1                     abs1         000000
__Lbank0                    bank0        000000
__Lbank1                    bank1        000000
__Lbank2                    bank2        000000
__Lbank3                    bank3        000000
__Lbank4                    bank4        000000
__Lbank5                    bank5        000000
__Lbigbss                   bigbss       000000
__Lbigdata                  bigdata      000000
__Lbigram                   bigram       000000
__Lbss                      bss          000000
__LbssBANK0                 bssBANK0     000000
__LbssCOMRAM                bssCOMRAM    000000
__Lcinit                    cinit        000000
__Lclrtext                  clrtext      000000
__Lcomram                   comram       000000
__Lconfig                   config       300000
__Lconst                    const        000000
__LcstackCOMRAM             cstackCOMRAM 000000
__Ldata                     data         000000
__LdataCOMRAM               dataCOMRAM   000000
__Leeprom_data              eeprom_data  000000
__Lend_init                 end_init     000016
__Lfarbss                   farbss       000000
__Lfardata                  fardata      000000
__Libigdata                 ibigdata     000000
__Lidata                    idata        000000
__LidataCOMRAM              idataCOMRAM  000000
__Lidloc                    idloc        200000
__Lifardata                 ifardata     000000
__Linit                     init         000016
__Lintcode                  intcode      000008
__Lintcode_body             intcode_body 000000
__Lintcodelo                intcodelo    000016
__Lintentry                 intentry     000000
__Lintret                   intret       000000
__Lintsave_regs             intsave_regs 000000
__Lirdata                   irdata       000000
__Lmediumconst              mediumconst  000000
__LnvFARRAM                 nvFARRAM     000000
__Lnvbit                    nvbit        000000
__Lnvrram                   nvrram       000000
__Lparam                    rparam       000000
__Lpowerup                  powerup      000016
__Lram                      ram          000000
__Lramtop                   ramtop       000600
__Lrbit                     rbit         000000
__Lrbss                     rbss         000000
__Lrdata                    rdata        000000
__Lreset_vec                reset_vec    000000
__Lrparam                   rparam       000000
__Lsfr                      sfr          000000
__Lsmallconst               smallconst   000000
__Lspace_0                  (abs)        000000
__Lspace_1                  (abs)        000000
__Lspace_2                  (abs)        000000
__Lstack                    stack        000000
__Lstruct                   struct       000000
__Ltemp                     temp         000030
__Ltext                     text         000000
__Ltext0                    text0        000000
__Ltext1                    text1        000000
__Ltext10                   text10       000000
__Ltext11                   text11       000000
__Ltext12                   text12       000000
__Ltext13                   text13       000000
__Ltext14                   text14       000000
__Ltext15                   text15       000000
__Ltext2                    text2        000000
__Ltext3                    text3        000000
__Ltext4                    text4        000000
__Ltext5                    text5        000000
__Ltext6                    text6        000000
__Ltext7                    text7        000000
__Ltext9                    text9        000000
__S0                        (abs)        30000E
__S1                        (abs)        000100
__S2                        (abs)        000000
___inthi_sp                 stack        000000
___intlo_sp                 stack        000000
___lwdiv                    text15       0003F0
___lwdiv@counter            cstackCOMRAM 000007
___lwdiv@dividend           cstackCOMRAM 000001
___lwdiv@divisor            cstackCOMRAM 000003
___lwdiv@quotient           cstackCOMRAM 000005
___param_bank               (abs)        000010
___rparam_used              (abs)        000001
___sp                       stack        000000
__accesstop                 (abs)        000080
__activetblptr              (abs)        000002
__ball                      bssCOMRAM    000021
__end_of_ISR                intcode_body 00021C
__end_of___lwdiv            text15       000442
__end_of__initialization    cinit        0004F4
__end_of_allOff             text4        0005CC
__end_of_checkNextPosition  text13       00012E
__end_of_getNextPosition    text14       000344
__end_of_initialize         text7        00039E
__end_of_initializeLED      text6        0002E6
__end_of_initializePONG     text5        0005AC
__end_of_main               text0        0005BE
__end_of_off                text12       00057A
__end_of_on                 text11       00053E
__end_of_refresh            text1        000286
__end_of_rowOff             text10       000484
__end_of_setColHigh         text3        000596
__end_of_setRowHigh         text2        0004C4
__end_of_writePong          text9        0003F0
__initialization            cinit        0004C4
__mediumconst               mediumconst  000000
__nextPos                   bssCOMRAM    00002A
__p1                        bssCOMRAM    000024
__p2                        bssCOMRAM    000027
__pbssBANK0                 bssBANK0     000080
__pbssCOMRAM                bssCOMRAM    000021
__pcinit                    cinit        0004C4
__pcstackCOMRAM             cstackCOMRAM 000001
__pdataCOMRAM               dataCOMRAM   00002E
__pidataCOMRAM              idataCOMRAM  0005CC
__pintcode                  intcode      000008
__pintcode_body             intcode_body 00012E
__ptext0                    text0        0005AC
__ptext1                    text1        00021C
__ptext10                   text10       000442
__ptext11                   text11       000502
__ptext12                   text12       00053E
__ptext13                   text13       00001A
__ptext14                   text14       0002E6
__ptext15                   text15       0003F0
__ptext2                    text2        000484
__ptext3                    text3        00057A
__ptext4                    text4        0005BE
__ptext5                    text5        000596
__ptext6                    text6        000286
__ptext7                    text7        000344
__ptext9                    text9        00039E
__ramtop                    ramtop       000600
__size_of_ISR               (abs)        000000
__size_of___lwdiv           (abs)        000000
__size_of_allOff            (abs)        000000
__size_of_checkNextPosition (abs)        000000
__size_of_getNextPosition   (abs)        000000
__size_of_initialize        (abs)        000000
__size_of_initializeLED     (abs)        000000
__size_of_initializePONG    (abs)        000000
__size_of_main              (abs)        000000
__size_of_off               (abs)        000000
__size_of_on                (abs)        000000
__size_of_refresh           (abs)        000000
__size_of_rowOff            (abs)        000000
__size_of_setColHigh        (abs)        000000
__size_of_setRowHigh        (abs)        000000
__size_of_writePong         (abs)        000000
__smallconst                smallconst   000000
__speed                     dataCOMRAM   00002E
__timerCounter              bssCOMRAM    00002C
_allOff                     text4        0005BE
_checkNextPosition          text13       00001A
_getNextPosition            text14       0002E6
_initialize                 text7        000344
_initializeLED              text6        000286
_initializePONG             text5        000596
_main                       text0        0005AC
_off                        text12       00053E
_on                         text11       000502
_pixels                     bssBANK0     000080
_refresh                    text1        00021C
_rowOff                     text10       000442
_setColHigh                 text3        00057A
_setRowHigh                 text2        000484
_writePong                  text9        00039E
btemp                       temp         000030
end_of_initialization       cinit        0004F4
initializeLED@i             cstackCOMRAM 00001B
initializeLED@j             cstackCOMRAM 00001C
int$flags                   temp         000030
int_func                    intcode_body 00012E
intlevel0                   text         000000
intlevel1                   text         000000
intlevel2                   text         000000
intlevel3                   text         000000
off@column                  cstackCOMRAM 000004
off@row                     cstackCOMRAM 000001
on@column                   cstackCOMRAM 000004
on@row                      cstackCOMRAM 000001
refresh@theCol              cstackCOMRAM 00001F
refresh@theRow              cstackCOMRAM 000020
rowOff@i                    cstackCOMRAM 000004
rowOff@row                  cstackCOMRAM 000003
setColHigh@column           cstackCOMRAM 00001B
setRowHigh@row              cstackCOMRAM 00001B
stackhi                     (abs)        0005FF
stacklo                     (abs)        000100
start                       init         000016
start_initialization        cinit        0004C4


FUNCTION INFORMATION:

 *************** function _main *****************
 Defined at:
		line 294 in file "main.c"
 Parameters:    Size  Location     Type
		None
 Auto vars:     Size  Location     Type
  GO_SYMBOL       1    0        const unsigned char 
  ONE_SYMBOL      1    0        const unsigned char 
  TWO_SYMBOL      1    0        const unsigned char 
  THREE_SYMBOL    1    0        const unsigned char 
  HELLO_SYMBOL    1    0        const unsigned char 
 Return value:  Size  Location     Type
                  1    wreg      void 
 Registers used:
		wreg, fsr2l, fsr2h, status,2, status,0, prodl, prodh, cstack
 Tracked objects:
		On entry : 
		On exit  : 
		Unchanged: 
 Data sizes:     COMRAM   BANK0   BANK1   BANK2   BANK3   BANK4   BANK5
      Params:         0       0       0       0       0       0       0
      Locals:         0       0       0       0       0       0       0
      Temps:          0       0       0       0       0       0       0
      Totals:         0       0       0       0       0       0       0
Total ram usage:        0 bytes
 Hardware stack levels required when called:    5
 This function calls:
		_initialize
		_initializeLED
		_initializePONG
		_refresh
 This function is called by:
		Startup code after reset
 This function uses a non-reentrant model


 *************** function _refresh *****************
 Defined at:
		line 105 in file "Source/LED-API.c"
 Parameters:    Size  Location     Type
		None
 Auto vars:     Size  Location     Type
  theRow          1   31[COMRAM] unsigned char 
  theCol          1   30[COMRAM] unsigned char 
 Return value:  Size  Location     Type
                  1    wreg      void 
 Registers used:
		wreg, fsr2l, fsr2h, status,2, status,0, prodl, prodh, cstack
 Tracked objects:
		On entry : 
		On exit  : 
		Unchanged: 
 Data sizes:     COMRAM   BANK0   BANK1   BANK2   BANK3   BANK4   BANK5
      Params:         0       0       0       0       0       0       0
      Locals:         2       0       0       0       0       0       0
      Temps:          3       0       0       0       0       0       0
      Totals:         5       0       0       0       0       0       0
Total ram usage:        5 bytes
 Hardware stack levels used:    1
 Hardware stack levels required when called:    4
 This function calls:
		_allOff
		_setColHigh
		_setRowHigh
 This function is called by:
		_main
 This function uses a non-reentrant model


 *************** function _setRowHigh *****************
 Defined at:
		line 24 in file "Source/LED-API.c"
 Parameters:    Size  Location     Type
  row             1    wreg     unsigned char 
 Auto vars:     Size  Location     Type
  row             1   26[COMRAM] unsigned char 
 Return value:  Size  Location     Type
                  1    wreg      void 
 Registers used:
		wreg, status,2, status,0
 Tracked objects:
		On entry : 
		On exit  : 
		Unchanged: 
 Data sizes:     COMRAM   BANK0   BANK1   BANK2   BANK3   BANK4   BANK5
      Params:         0       0       0       0       0       0       0
      Locals:         1       0       0       0       0       0       0
      Temps:          2       0       0       0       0       0       0
      Totals:         3       0       0       0       0       0       0
Total ram usage:        3 bytes
 Hardware stack levels used:    1
 Hardware stack levels required when called:    3
 This function calls:
		Nothing
 This function is called by:
		_refresh
 This function uses a non-reentrant model


 *************** function _setColHigh *****************
 Defined at:
		line 20 in file "Source/LED-API.c"
 Parameters:    Size  Location     Type
  column          1    wreg     unsigned char 
 Auto vars:     Size  Location     Type
  column          1   26[COMRAM] unsigned char 
 Return value:  Size  Location     Type
                  1    wreg      void 
 Registers used:
		wreg, status,2, status,0
 Tracked objects:
		On entry : 
		On exit  : 
		Unchanged: 
 Data sizes:     COMRAM   BANK0   BANK1   BANK2   BANK3   BANK4   BANK5
      Params:         0       0       0       0       0       0       0
      Locals:         1       0       0       0       0       0       0
      Temps:          2       0       0       0       0       0       0
      Totals:         3       0       0       0       0       0       0
Total ram usage:        3 bytes
 Hardware stack levels used:    1
 Hardware stack levels required when called:    3
 This function calls:
		Nothing
 This function is called by:
		_refresh
 This function uses a non-reentrant model


 *************** function _allOff *****************
 Defined at:
		line 99 in file "Source/LED-API.c"
 Parameters:    Size  Location     Type
		None
 Auto vars:     Size  Location     Type
		None
 Return value:  Size  Location     Type
                  1    wreg      void 
 Registers used:
		wreg, status,2
 Tracked objects:
		On entry : 
		On exit  : 
		Unchanged: 
 Data sizes:     COMRAM   BANK0   BANK1   BANK2   BANK3   BANK4   BANK5
      Params:         0       0       0       0       0       0       0
      Locals:         0       0       0       0       0       0       0
      Temps:          0       0       0       0       0       0       0
      Totals:         0       0       0       0       0       0       0
Total ram usage:        0 bytes
 Hardware stack levels used:    1
 Hardware stack levels required when called:    3
 This function calls:
		Nothing
 This function is called by:
		_refresh
 This function uses a non-reentrant model


 *************** function _initializePONG *****************
 Defined at:
		line 195 in file "main.c"
 Parameters:    Size  Location     Type
		None
 Auto vars:     Size  Location     Type
		None
 Return value:  Size  Location     Type
                  1    wreg      void 
 Registers used:
		wreg, status,2
 Tracked objects:
		On entry : 
		On exit  : 
		Unchanged: 
 Data sizes:     COMRAM   BANK0   BANK1   BANK2   BANK3   BANK4   BANK5
      Params:         0       0       0       0       0       0       0
      Locals:         0       0       0       0       0       0       0
      Temps:          0       0       0       0       0       0       0
      Totals:         0       0       0       0       0       0       0
Total ram usage:        0 bytes
 Hardware stack levels used:    1
 Hardware stack levels required when called:    3
 This function calls:
		Nothing
 This function is called by:
		_main
 This function uses a non-reentrant model


 *************** function _initializeLED *****************
 Defined at:
		line 31 in file "Source/LED-API.c"
 Parameters:    Size  Location     Type
		None
 Auto vars:     Size  Location     Type
  j               1   27[COMRAM] unsigned char 
  i               1   26[COMRAM] unsigned char 
 Return value:  Size  Location     Type
                  1    wreg      void 
 Registers used:
		wreg, fsr2l, fsr2h, status,2, status,0, prodl, prodh
 Tracked objects:
		On entry : 
		On exit  : 
		Unchanged: 
 Data sizes:     COMRAM   BANK0   BANK1   BANK2   BANK3   BANK4   BANK5
      Params:         0       0       0       0       0       0       0
      Locals:         2       0       0       0       0       0       0
      Temps:          2       0       0       0       0       0       0
      Totals:         4       0       0       0       0       0       0
Total ram usage:        4 bytes
 Hardware stack levels used:    1
 Hardware stack levels required when called:    3
 This function calls:
		Nothing
 This function is called by:
		_main
 This function uses a non-reentrant model


 *************** function _initialize *****************
 Defined at:
		line 206 in file "main.c"
 Parameters:    Size  Location     Type
		None
 Auto vars:     Size  Location     Type
		None
 Return value:  Size  Location     Type
                  1    wreg      void 
 Registers used:
		wreg, status,2
 Tracked objects:
		On entry : 
		On exit  : 
		Unchanged: 
 Data sizes:     COMRAM   BANK0   BANK1   BANK2   BANK3   BANK4   BANK5
      Params:         0       0       0       0       0       0       0
      Locals:         0       0       0       0       0       0       0
      Temps:          0       0       0       0       0       0       0
      Totals:         0       0       0       0       0       0       0
Total ram usage:        0 bytes
 Hardware stack levels used:    1
 Hardware stack levels required when called:    3
 This function calls:
		Nothing
 This function is called by:
		_main
 This function uses a non-reentrant model


 *************** function _ISR *****************
 Defined at:
		line 249 in file "main.c"
 Parameters:    Size  Location     Type
		None
 Auto vars:     Size  Location     Type
  ADvalue         2   21[COMRAM] unsigned short 
  value           1   23[COMRAM] unsigned char 
 Return value:  Size  Location     Type
                  1    wreg      void 
 Registers used:
		wreg, fsr2l, fsr2h, status,2, status,0, prodl, prodh, cstack
 Tracked objects:
		On entry : 
		On exit  : 
		Unchanged: 
 Data sizes:     COMRAM   BANK0   BANK1   BANK2   BANK3   BANK4   BANK5
      Params:         0       0       0       0       0       0       0
      Locals:         3       0       0       0       0       0       0
      Temps:         14       0       0       0       0       0       0
      Totals:        17       0       0       0       0       0       0
Total ram usage:       17 bytes
 Hardware stack levels used:    1
 Hardware stack levels required when called:    2
 This function calls:
		___lwdiv
		_checkNextPosition
		_writePong
 This function is called by:
		Interrupt level 2
 This function uses a non-reentrant model


 *************** function _writePong *****************
 Defined at:
		line 47 in file "main.c"
 Parameters:    Size  Location     Type
		None
 Auto vars:     Size  Location     Type
		None
 Return value:  Size  Location     Type
                  1    wreg      void 
 Registers used:
		wreg, fsr2l, fsr2h, status,2, status,0, prodl, prodh, cstack
 Tracked objects:
		On entry : 
		On exit  : 
		Unchanged: 
 Data sizes:     COMRAM   BANK0   BANK1   BANK2   BANK3   BANK4   BANK5
      Params:         0       0       0       0       0       0       0
      Locals:         0       0       0       0       0       0       0
      Temps:          0       0       0       0       0       0       0
      Totals:         0       0       0       0       0       0       0
Total ram usage:        0 bytes
 Hardware stack levels used:    1
 Hardware stack levels required when called:    1
 This function calls:
		_off
		_on
		_rowOff
 This function is called by:
		_ISR
 This function uses a non-reentrant model


 *************** function _rowOff *****************
 Defined at:
		line 78 in file "Source/LED-API.c"
 Parameters:    Size  Location     Type
  row             1    wreg     unsigned char 
 Auto vars:     Size  Location     Type
  row             1    2[COMRAM] unsigned char 
  i               1    3[COMRAM] unsigned char 
 Return value:  Size  Location     Type
                  1    wreg      void 
 Registers used:
		wreg, fsr2l, fsr2h, status,2, status,0, prodl, prodh
 Tracked objects:
		On entry : 
		On exit  : 
		Unchanged: 
 Data sizes:     COMRAM   BANK0   BANK1   BANK2   BANK3   BANK4   BANK5
      Params:         0       0       0       0       0       0       0
      Locals:         2       0       0       0       0       0       0
      Temps:          2       0       0       0       0       0       0
      Totals:         4       0       0       0       0       0       0
Total ram usage:        4 bytes
 Hardware stack levels used:    1
 This function calls:
		Nothing
 This function is called by:
		_writePong
 This function uses a non-reentrant model


 *************** function _on *****************
 Defined at:
		line 47 in file "Source/LED-API.c"
 Parameters:    Size  Location     Type
  column          1    wreg     unsigned char 
  row             1    0[COMRAM] unsigned char 
 Auto vars:     Size  Location     Type
  column          1    3[COMRAM] unsigned char 
 Return value:  Size  Location     Type
                  1    wreg      void 
 Registers used:
		wreg, fsr2l, fsr2h, status,2, status,0, prodl, prodh
 Tracked objects:
		On entry : 
		On exit  : 
		Unchanged: 
 Data sizes:     COMRAM   BANK0   BANK1   BANK2   BANK3   BANK4   BANK5
      Params:         1       0       0       0       0       0       0
      Locals:         1       0       0       0       0       0       0
      Temps:          2       0       0       0       0       0       0
      Totals:         4       0       0       0       0       0       0
Total ram usage:        4 bytes
 Hardware stack levels used:    1
 This function calls:
		Nothing
 This function is called by:
		_writePong
 This function uses a non-reentrant model


 *************** function _off *****************
 Defined at:
		line 68 in file "Source/LED-API.c"
 Parameters:    Size  Location     Type
  column          1    wreg     unsigned char 
  row             1    0[COMRAM] unsigned char 
 Auto vars:     Size  Location     Type
  column          1    3[COMRAM] unsigned char 
 Return value:  Size  Location     Type
                  1    wreg      void 
 Registers used:
		wreg, fsr2l, fsr2h, status,2, status,0, prodl, prodh
 Tracked objects:
		On entry : 
		On exit  : 
		Unchanged: 
 Data sizes:     COMRAM   BANK0   BANK1   BANK2   BANK3   BANK4   BANK5
      Params:         1       0       0       0       0       0       0
      Locals:         1       0       0       0       0       0       0
      Temps:          2       0       0       0       0       0       0
      Totals:         4       0       0       0       0       0       0
Total ram usage:        4 bytes
 Hardware stack levels used:    1
 This function calls:
		Nothing
 This function is called by:
		_writePong
 This function uses a non-reentrant model


 *************** function _checkNextPosition *****************
 Defined at:
		line 96 in file "main.c"
 Parameters:    Size  Location     Type
		None
 Auto vars:     Size  Location     Type
		None
 Return value:  Size  Location     Type
                  1    wreg      void 
 Registers used:
		wreg, status,2, status,0, cstack
 Tracked objects:
		On entry : 
		On exit  : 
		Unchanged: 
 Data sizes:     COMRAM   BANK0   BANK1   BANK2   BANK3   BANK4   BANK5
      Params:         0       0       0       0       0       0       0
      Locals:         0       0       0       0       0       0       0
      Temps:          0       0       0       0       0       0       0
      Totals:         0       0       0       0       0       0       0
Total ram usage:        0 bytes
 Hardware stack levels used:    1
 Hardware stack levels required when called:    1
 This function calls:
		_getNextPosition
 This function is called by:
		_ISR
 This function uses a non-reentrant model


 *************** function _getNextPosition *****************
 Defined at:
		line 67 in file "main.c"
 Parameters:    Size  Location     Type
		None
 Auto vars:     Size  Location     Type
		None
 Return value:  Size  Location     Type
                  1    wreg      void 
 Registers used:
		wreg, status,2, status,0
 Tracked objects:
		On entry : 
		On exit  : 
		Unchanged: 
 Data sizes:     COMRAM   BANK0   BANK1   BANK2   BANK3   BANK4   BANK5
      Params:         0       0       0       0       0       0       0
      Locals:         0       0       0       0       0       0       0
      Temps:          0       0       0       0       0       0       0
      Totals:         0       0       0       0       0       0       0
Total ram usage:        0 bytes
 Hardware stack levels used:    1
 This function calls:
		Nothing
 This function is called by:
		_checkNextPosition
 This function uses a non-reentrant model


 *************** function ___lwdiv *****************
 Defined at:
		line 8 in file "C:\Program Files (x86)\Microchip\xc8\v1.37\sources\common\lwdiv.c"
 Parameters:    Size  Location     Type
  dividend        2    0[COMRAM] unsigned int 
  divisor         2    2[COMRAM] unsigned int 
 Auto vars:     Size  Location     Type
  quotient        2    4[COMRAM] unsigned int 
  counter         1    6[COMRAM] unsigned char 
 Return value:  Size  Location     Type
                  2    0[COMRAM] unsigned int 
 Registers used:
		wreg, status,2, status,0
 Tracked objects:
		On entry : 
		On exit  : 
		Unchanged: 
 Data sizes:     COMRAM   BANK0   BANK1   BANK2   BANK3   BANK4   BANK5
      Params:         4       0       0       0       0       0       0
      Locals:         3       0       0       0       0       0       0
      Temps:          0       0       0       0       0       0       0
      Totals:         7       0       0       0       0       0       0
Total ram usage:        7 bytes
 Hardware stack levels used:    1
 This function calls:
		Nothing
 This function is called by:
		_ISR
 This function uses a non-reentrant model



MODULE INFORMATION

Module		Function		Class		Link	Load	Size
C:\Program Files (x86)\Microchip\xc8\v1.37\sources\common\lwdiv.c
		___lwdiv       		CODE           	03F0	0000	83

C:\Program Files (x86)\Microchip\xc8\v1.37\sources\common\lwdiv.c estimated size: 83

shared
		__initialization		CODE           	04C4	0000	49

shared estimated size: 49

main.c
		_getNextPosition		CODE           	02E6	0000	95
		_ISR           		CODE           	0008	0000	253
		_main          		CODE           	05AC	0000	19
		_checkNextPosition		CODE           	001A	0000	277
		_writePong     		CODE           	039E	0000	83
		_initialize    		CODE           	0344	0000	91
		_initializePONG		CODE           	0596	0000	23

main.c estimated size: 841

Source/LED-API.c
		_setColHigh    		CODE           	057A	0000	29
		_setRowHigh    		CODE           	0484	0000	65
		_refresh       		CODE           	021C	0000	107
		_rowOff        		CODE           	0442	0000	67
		_allOff        		CODE           	05BE	0000	15
		_on            		CODE           	0502	0000	61
		_off           		CODE           	053E	0000	61
		_initializeLED 		CODE           	0286	0000	97

Source/LED-API.c estimated size: 502

