Microchip MPLAB XC8 Compiler V1.37 ()

Linker command line:

-W-3 --edf=C:\Program Files (x86)\Microchip\xc8\v1.37\dat\en_msgs.txt -cs \
  -h+dist/default/production\EniacArcade.X.production.sym \
  --cmf=dist/default/production\EniacArcade.X.production.cmf -z -Q18F4520 \
  -oC:\Users\larsg\AppData\Local\Temp\s2d8.2 \
  -Mdist/default/production/EniacArcade.X.production.map -E1 -ver=XC8 \
  -ASTACK=0444h-05ffh -pstack=STACK -ACODE=00h-07FFFh -ACONST=00h-07FFFh \
  -ASMALLCONST=0600h-06FFhx122 -AMEDIUMCONST=0600h-07FFFh -ACOMRAM=01h-07Fh \
  -AABS1=00h-05FFh -ABIGRAM=01h-05FFh -ARAM=080h-0FFh,0100h-01FFhx5 \
  -ABANK0=080h-0FFh -ABANK1=0100h-01FFh -ABANK2=0200h-02FFh \
  -ABANK3=0300h-03FFh -ABANK4=0400h-04FFh -ABANK5=0500h-05FFh \
  -ASFR=0F80h-0FFFh \
  -preset_vec=00h,intcode=08h,intcodelo,powerup,init,end_init \
  -pramtop=0600h -psmallconst=SMALLCONST -pmediumconst=MEDIUMCONST \
  -pconst=CONST -AFARRAM=00h-00h -ACONFIG=0300000h-030000Dh -pconfig=CONFIG \
  -AIDLOC=0200000h-0200007h -pidloc=IDLOC -AEEDATA=0F00000h-0F000FFh \
  -peeprom_data=EEDATA \
  -prdata=COMRAM,nvrram=COMRAM,nvbit=COMRAM,rbss=COMRAM,rbit=COMRAM \
  -pfarbss=FARRAM,fardata=FARRAM,nvFARRAM=FARRAM \
  -pintsave_regs=BIGRAM,bigbss=BIGRAM,bigdata=BIGRAM -pbss=RAM \
  -pidata=CODE,irdata=CODE,ibigdata=CODE,ifardata=CODE -prparam=COMRAM \
  C:\Users\larsg\AppData\Local\Temp\s2d8.obj \
  dist/default/production\EniacArcade.X.production.obj 

Object code version is 3.11

Machine type is 18F4520

Call graph: (short form)




                Name                               Link     Load   Length Selector   Space Scale
C:\Users\larsg\AppData\Local\Temp\s2d8.obj
                end_init                             16       16        4        4       0
                reset_vec                             0        0        4        0       0
                idloc                            200000   200000        8   200000       0
                config                           300000   300000        E   300000       0
dist/default/production\EniacArcade.X.production.obj
                intcode                               8        8        E        4       0
                temp                                 7E       7E        1        1       1
                text30                              E92      E92       52        4       0
                text29                              9BE      9BE       88        4       0
                text28                             1114     1114       26        4       0
                text27                              EE4      EE4       4A        4       0
                text26                             107A     107A       3C        4       0
                text25                              F2E      F2E       48        4       0
                text24                              318      318      2E0        4       0
                text23                             11B6     11B6        E        4       0
                text22                             113A     113A       1C        4       0
                text21                              FFE      FFE       40        4       0
                text20                              BB4      BB4       6A        4       0
                text19                              E40      E40       52        4       0
                text18                             1182     1182       14        4       0
                text17                              5F8      5F8      176        4       0
                text16                             103E     103E       3C        4       0
                text15                              A46      A46       82        4       0
                intcode_body                        76E      76E      102        4       0
                text13                              D94      D94       5A        4       0
                text12                              AC8      AC8       7C        4       0
                text11                             10B6     10B6       36        4       0
                text10                              C82      C82       5E        4       0
                text9                               DEE      DEE       52        4       0
                text8                               C1E      C1E       64        4       0
                text7                                1A       1A      2FE        4       0
                text6                              11A8     11A8        E        4       0
                text5                              10EC     10EC       28        4       0
                text4                               D3A      D3A       5A        4       0
                text3                               932      932       8C        4       0
                text2                               CE0      CE0       5A        4       0
                text1                              116E     116E       14        4       0
                text0                              1196     1196       12        4       0
                cstackCOMRAM                          1        1       79        1       1
                cstackBANK0                          80       80       80       80       1
                cstackBANK1                         100      100       A4      100       1
                cstackBANK2                         200      200       7E      200       1
                cstackBANK3                         3C4      3C4       30      300       1
                dataBANK4                           400      400       44      400       1
                dataBANK3                           380      380       44      300       1
                bssBANK3                            300      300       80      300       1
                dataBANK2                           27E      27E       70      200       1
                dataBANK1                           1A4      1A4       18      100       1
                bssBANK1                            1BC      1BC        F      100       1
                dataCOMRAM                           7C       7C        2        1       1
                bssCOMRAM                            7A       7A        2        1       1
                cinit                               870      870       C2        4       0
                idataBANK4                          FBA      FBA       44        4       0
                idataBANK3                          F76      F76       44        4       0
                idataBANK2                          B44      B44       70        4       0
                idataBANK1                         1156     1156       18        4       0
                idataCOMRAM                        11C4     11C4        2        4       0

TOTAL           Name                               Link     Load   Length     Space
        CLASS   STACK          

        CLASS   CODE           
                end_init                             16       16        4         0
                intcode                               8        8        E         0
                reset_vec                             0        0        4         0
                text30                              E92      E92       52         0
                text29                              9BE      9BE       88         0
                text28                             1114     1114       26         0
                text27                              EE4      EE4       4A         0
                text26                             107A     107A       3C         0
                text25                              F2E      F2E       48         0
                text24                              318      318      2E0         0
                text23                             11B6     11B6        E         0
                text22                             113A     113A       1C         0
                text21                              FFE      FFE       40         0
                text20                              BB4      BB4       6A         0
                text19                              E40      E40       52         0
                text18                             1182     1182       14         0
                text17                              5F8      5F8      176         0
                text16                             103E     103E       3C         0
                text15                              A46      A46       82         0
                intcode_body                        76E      76E      102         0
                text13                              D94      D94       5A         0
                text12                              AC8      AC8       7C         0
                text11                             10B6     10B6       36         0
                text10                              C82      C82       5E         0
                text9                               DEE      DEE       52         0
                text8                               C1E      C1E       64         0
                text7                                1A       1A      2FE         0
                text6                              11A8     11A8        E         0
                text5                              10EC     10EC       28         0
                text4                               D3A      D3A       5A         0
                text3                               932      932       8C         0
                text2                               CE0      CE0       5A         0
                text1                              116E     116E       14         0
                text0                              1196     1196       12         0
                cinit                               870      870       C2         0
                idataBANK4                          FBA      FBA       44         0
                idataBANK3                          F76      F76       44         0
                idataBANK2                          B44      B44       70         0
                idataBANK1                         1156     1156       18         0
                idataCOMRAM                        11C4     11C4        2         0

        CLASS   CONST          

        CLASS   SMALLCONST     

        CLASS   MEDIUMCONST    

        CLASS   COMRAM         
                temp                                 7E       7E        1         1
                cstackCOMRAM                          1        1       79         1
                dataCOMRAM                           7C       7C        2         1
                bssCOMRAM                            7A       7A        2         1

        CLASS   ABS1           

        CLASS   BIGRAM         

        CLASS   RAM            

        CLASS   BANK0          
                cstackBANK0                          80       80       80         1

        CLASS   BANK1          
                cstackBANK1                         100      100       A4         1
                dataBANK1                           1A4      1A4       18         1
                bssBANK1                            1BC      1BC        F         1

        CLASS   BANK2          
                cstackBANK2                         200      200       7E         1
                dataBANK2                           27E      27E       70         1

        CLASS   BANK3          
                cstackBANK3                         3C4      3C4       30         1
                dataBANK3                           380      380       44         1
                bssBANK3                            300      300       80         1

        CLASS   BANK4          
                dataBANK4                           400      400       44         1

        CLASS   BANK5          

        CLASS   SFR            

        CLASS   FARRAM         

        CLASS   CONFIG         
                config                           300000   300000        E         0

        CLASS   IDLOC          
                idloc                            200000   200000        8         0

        CLASS   EEDATA         



SEGMENTS        Name                           Load    Length   Top    Selector   Space  Class

                reset_vec                      000000  000004  000004         0       0  CODE    
                cstackCOMRAM                   000001  00007E  00007F         1       1  COMRAM  
                intcode                        000008  0011BE  0011C6         4       0  CODE    
                cstackBANK0                    000080  000080  000100        80       1  BANK0   
                cstackBANK1                    000100  0000CB  0001CB       100       1  BANK1   
                cstackBANK2                    000200  0000EE  0002EE       200       1  BANK2   
                bssBANK3                       000300  0000F4  0003F4       300       1  BANK3   
                dataBANK4                      000400  000044  000444       400       1  BANK4   
                idloc                          200000  000008  200008    200000       0  IDLOC   
                config                         300000  00000E  30000E    300000       0  CONFIG  


UNUSED ADDRESS RANGES

        Name                Unused          Largest block    Delta
        BANK1            0001CB-0001FF               35
        BANK2            0002EE-0002FF               12
        BANK3            0003F4-0003FF                C
        BANK4            000444-0004FF               BC
        BANK5            000500-0005FF              100
        BIGRAM           00007F-00007F                1
                         0001CB-0001FF               35
                         0002EE-0002FF               12
                         0003F4-0003FF                C
                         000444-0005FF              1BC
        CODE             000004-000007                4
                         0011C6-007FFF             6E3A
        COMRAM           00007F-00007F                1
        CONST            000004-000007                4
                         0011C6-007FFF             6E3A
        EEDATA           F00000-F000FF              100
        MEDIUMCONST      0011C6-007FFF             6E3A
        RAM              0001CB-0001FF               35
                         0002EE-0002FF               12
                         0003F4-0003FF                C
                         000444-0005FF               BC
        SFR              000F80-000FFF               80
        SMALLCONST       0011C6-007FFF              100
        STACK            000444-0005FF              1BC

                                  Symbol Table

?___lwdiv                      cstackCOMRAM 000001
?___wmul                       cstackBANK1  000135
?i2___wmul                     cstackCOMRAM 000001
ISR@ADvalue                    cstackCOMRAM 000077
ISR@value                      cstackCOMRAM 000079
_ADCON0bits                    (abs)        000FC2
_ADCON1bits                    (abs)        000FC1
_ADCON2bits                    (abs)        000FC0
_ADIE                          (abs)        007CEE
_ADIF                          (abs)        007CF6
_ADRES                         (abs)        000FC3
_GIE                           (abs)        007F97
_ISR                           intcode      000008
_LATA                          (abs)        000F89
_LATC                          (abs)        000F8B
_LATD                          (abs)        000F8C
_OSCCONbits                    (abs)        000FD3
_OSCTUNEbits                   (abs)        000F9B
_PEIE                          (abs)        007F96
_PLLEN                         (abs)        007CDE
_PSA                           (abs)        007EAB
_T08BIT                        (abs)        007EAE
_T0CS                          (abs)        007EAD
_T0PS0                         (abs)        007EA8
_T0PS1                         (abs)        007EA9
_T0PS2                         (abs)        007EAA
_TMR0IE                        (abs)        007F95
_TMR0IF                        (abs)        007F92
_TMR0ON                        (abs)        007EAF
_TRISA                         (abs)        000F92
_TRISBbits                     (abs)        000F93
_TRISC                         (abs)        000F94
_TRISD                         (abs)        000F95
__CFG_BOREN$OFF                (abs)        000000
__CFG_BORV$3                   (abs)        000000
__CFG_CCP2MX$PORTC             (abs)        000000
__CFG_CP0$OFF                  (abs)        000000
__CFG_CP1$OFF                  (abs)        000000
__CFG_CP2$OFF                  (abs)        000000
__CFG_CP3$OFF                  (abs)        000000
__CFG_CPB$OFF                  (abs)        000000
__CFG_CPD$OFF                  (abs)        000000
__CFG_EBTR0$OFF                (abs)        000000
__CFG_EBTR1$OFF                (abs)        000000
__CFG_EBTR2$OFF                (abs)        000000
__CFG_EBTR3$OFF                (abs)        000000
__CFG_EBTRB$OFF                (abs)        000000
__CFG_FCMEN$OFF                (abs)        000000
__CFG_IESO$OFF                 (abs)        000000
__CFG_LPT1OSC$OFF              (abs)        000000
__CFG_LVP$OFF                  (abs)        000000
__CFG_MCLRE$ON                 (abs)        000000
__CFG_OSC$INTIO67              (abs)        000000
__CFG_PBADEN$OFF               (abs)        000000
__CFG_PWRT$OFF                 (abs)        000000
__CFG_STVREN$ON                (abs)        000000
__CFG_WDT$OFF                  (abs)        000000
__CFG_WDTPS$32768              (abs)        000000
__CFG_WRT0$OFF                 (abs)        000000
__CFG_WRT1$OFF                 (abs)        000000
__CFG_WRT2$OFF                 (abs)        000000
__CFG_WRT3$OFF                 (abs)        000000
__CFG_WRTB$OFF                 (abs)        000000
__CFG_WRTC$OFF                 (abs)        000000
__CFG_WRTD$OFF                 (abs)        000000
__CFG_XINST$OFF                (abs)        000000
__HRAM                         (abs)        000000
__Habs1                        abs1         000000
__Hbank0                       bank0        000000
__Hbank1                       bank1        000000
__Hbank2                       bank2        000000
__Hbank3                       bank3        000000
__Hbank4                       bank4        000000
__Hbank5                       bank5        000000
__Hbigbss                      bigbss       000000
__Hbigdata                     bigdata      000000
__Hbigram                      bigram       000000
__Hbss                         bss          000000
__HbssBANK1                    bssBANK1     000000
__HbssBANK3                    bssBANK3     000000
__HbssCOMRAM                   bssCOMRAM    000000
__Hcinit                       cinit        000000
__Hclrtext                     clrtext      000000
__Hcomram                      comram       000000
__Hconfig                      config       30000E
__Hconst                       const        000000
__HcstackBANK0                 cstackBANK0  000000
__HcstackBANK1                 cstackBANK1  000000
__HcstackBANK2                 cstackBANK2  000000
__HcstackBANK3                 cstackBANK3  000000
__HcstackCOMRAM                cstackCOMRAM 000000
__Hdata                        data         000000
__HdataBANK1                   dataBANK1    000000
__HdataBANK2                   dataBANK2    000000
__HdataBANK3                   dataBANK3    000000
__HdataBANK4                   dataBANK4    000000
__HdataCOMRAM                  dataCOMRAM   000000
__Heeprom_data                 eeprom_data  000000
__Hend_init                    end_init     00001A
__Hfarbss                      farbss       000000
__Hfardata                     fardata      000000
__Hibigdata                    ibigdata     000000
__Hidata                       idata        000000
__HidataBANK1                  idataBANK1   000000
__HidataBANK2                  idataBANK2   000000
__HidataBANK3                  idataBANK3   000000
__HidataBANK4                  idataBANK4   000000
__HidataCOMRAM                 idataCOMRAM  000000
__Hidloc                       idloc        200008
__Hifardata                    ifardata     000000
__Hinit                        init         000016
__Hintcode                     intcode      000016
__Hintcode_body                intcode_body 000000
__Hintcodelo                   intcodelo    000016
__Hintentry                    intentry     000000
__Hintret                      intret       000000
__Hintsave_regs                intsave_regs 000000
__Hirdata                      irdata       000000
__Hmediumconst                 mediumconst  000000
__HnvFARRAM                    nvFARRAM     000000
__Hnvbit                       nvbit        000000
__Hnvrram                      nvrram       000000
__Hparam                       rparam       000000
__Hpowerup                     powerup      000016
__Hram                         ram          000000
__Hramtop                      ramtop       000600
__Hrbit                        rbit         000000
__Hrbss                        rbss         000000
__Hrdata                       rdata        000000
__Hreset_vec                   reset_vec    000004
__Hrparam                      rparam       000000
__Hsfr                         sfr          000000
__Hsmallconst                  smallconst   000000
__Hspace_0                     (abs)        30000E
__Hspace_1                     (abs)        000444
__Hspace_2                     (abs)        000000
__Hstack                       stack        000000
__Hstruct                      struct       000000
__Htemp                        temp         00007F
__Htext                        text         000000
__Htext0                       text0        000000
__Htext1                       text1        000000
__Htext10                      text10       000000
__Htext11                      text11       000000
__Htext12                      text12       000000
__Htext13                      text13       000000
__Htext15                      text15       000000
__Htext16                      text16       000000
__Htext17                      text17       000000
__Htext18                      text18       000000
__Htext19                      text19       000000
__Htext2                       text2        000000
__Htext20                      text20       000000
__Htext21                      text21       000000
__Htext22                      text22       000000
__Htext23                      text23       000000
__Htext24                      text24       000000
__Htext25                      text25       000000
__Htext26                      text26       000000
__Htext27                      text27       000000
__Htext28                      text28       000000
__Htext29                      text29       000000
__Htext3                       text3        000000
__Htext30                      text30       000000
__Htext4                       text4        000000
__Htext5                       text5        000000
__Htext6                       text6        000000
__Htext7                       text7        000000
__Htext8                       text8        000000
__Htext9                       text9        000000
__LRAM                         (abs)        000001
__Labs1                        abs1         000000
__Lbank0                       bank0        000000
__Lbank1                       bank1        000000
__Lbank2                       bank2        000000
__Lbank3                       bank3        000000
__Lbank4                       bank4        000000
__Lbank5                       bank5        000000
__Lbigbss                      bigbss       000000
__Lbigdata                     bigdata      000000
__Lbigram                      bigram       000000
__Lbss                         bss          000000
__LbssBANK1                    bssBANK1     000000
__LbssBANK3                    bssBANK3     000000
__LbssCOMRAM                   bssCOMRAM    000000
__Lcinit                       cinit        000000
__Lclrtext                     clrtext      000000
__Lcomram                      comram       000000
__Lconfig                      config       300000
__Lconst                       const        000000
__LcstackBANK0                 cstackBANK0  000000
__LcstackBANK1                 cstackBANK1  000000
__LcstackBANK2                 cstackBANK2  000000
__LcstackBANK3                 cstackBANK3  000000
__LcstackCOMRAM                cstackCOMRAM 000000
__Ldata                        data         000000
__LdataBANK1                   dataBANK1    000000
__LdataBANK2                   dataBANK2    000000
__LdataBANK3                   dataBANK3    000000
__LdataBANK4                   dataBANK4    000000
__LdataCOMRAM                  dataCOMRAM   000000
__Leeprom_data                 eeprom_data  000000
__Lend_init                    end_init     000016
__Lfarbss                      farbss       000000
__Lfardata                     fardata      000000
__Libigdata                    ibigdata     000000
__Lidata                       idata        000000
__LidataBANK1                  idataBANK1   000000
__LidataBANK2                  idataBANK2   000000
__LidataBANK3                  idataBANK3   000000
__LidataBANK4                  idataBANK4   000000
__LidataCOMRAM                 idataCOMRAM  000000
__Lidloc                       idloc        200000
__Lifardata                    ifardata     000000
__Linit                        init         000016
__Lintcode                     intcode      000008
__Lintcode_body                intcode_body 000000
__Lintcodelo                   intcodelo    000016
__Lintentry                    intentry     000000
__Lintret                      intret       000000
__Lintsave_regs                intsave_regs 000000
__Lirdata                      irdata       000000
__Lmediumconst                 mediumconst  000000
__LnvFARRAM                    nvFARRAM     000000
__Lnvbit                       nvbit        000000
__Lnvrram                      nvrram       000000
__Lparam                       rparam       000000
__Lpowerup                     powerup      000016
__Lram                         ram          000000
__Lramtop                      ramtop       000600
__Lrbit                        rbit         000000
__Lrbss                        rbss         000000
__Lrdata                       rdata        000000
__Lreset_vec                   reset_vec    000000
__Lrparam                      rparam       000000
__Lsfr                         sfr          000000
__Lsmallconst                  smallconst   000000
__Lspace_0                     (abs)        000000
__Lspace_1                     (abs)        000000
__Lspace_2                     (abs)        000000
__Lstack                       stack        000000
__Lstruct                      struct       000000
__Ltemp                        temp         00007E
__Ltext                        text         000000
__Ltext0                       text0        000000
__Ltext1                       text1        000000
__Ltext10                      text10       000000
__Ltext11                      text11       000000
__Ltext12                      text12       000000
__Ltext13                      text13       000000
__Ltext15                      text15       000000
__Ltext16                      text16       000000
__Ltext17                      text17       000000
__Ltext18                      text18       000000
__Ltext19                      text19       000000
__Ltext2                       text2        000000
__Ltext20                      text20       000000
__Ltext21                      text21       000000
__Ltext22                      text22       000000
__Ltext23                      text23       000000
__Ltext24                      text24       000000
__Ltext25                      text25       000000
__Ltext26                      text26       000000
__Ltext27                      text27       000000
__Ltext28                      text28       000000
__Ltext29                      text29       000000
__Ltext3                       text3        000000
__Ltext30                      text30       000000
__Ltext4                       text4        000000
__Ltext5                       text5        000000
__Ltext6                       text6        000000
__Ltext7                       text7        000000
__Ltext8                       text8        000000
__Ltext9                       text9        000000
__S0                           (abs)        30000E
__S1                           (abs)        000444
__S2                           (abs)        000000
___inthi_sp                    stack        000000
___intlo_sp                    stack        000000
___lwdiv                       text30       000E92
___lwdiv@counter               cstackCOMRAM 000007
___lwdiv@dividend              cstackCOMRAM 000001
___lwdiv@divisor               cstackCOMRAM 000003
___lwdiv@quotient              cstackCOMRAM 000005
___param_bank                  (abs)        000010
___rparam_used                 (abs)        000001
___sp                          stack        000000
___wmul                        text11       0010B6
___wmul@multiplicand           cstackBANK1  000137
___wmul@multiplier             cstackBANK1  000135
___wmul@product                cstackBANK1  000139
__accesstop                    (abs)        000080
__activetblptr                 (abs)        000002
__ball                         bssBANK1     0001C6
__end_of_ISR                   intcode_body 000870
__end_of___lwdiv               text30       000EE4
__end_of___wmul                text11       0010EC
__end_of__initialization       cinit        000924
__end_of_allOff                text6        0011B6
__end_of_checkNextPosition     text17       00076E
__end_of_delaySeconds          text10       000CE0
__end_of_drawSymbol            text7        000318
__end_of_getNextPosition       text29       000A46
__end_of_initialize            text13       000DEE
__end_of_initializeLED         text12       000B44
__end_of_initializePong        text1        001182
__end_of_main                  text0        0011A8
__end_of_off                   text16       00107A
__end_of_on                    text9        000E40
__end_of_refresh               text3        0009BE
__end_of_setColHigh            text5        001114
__end_of_setRowHigh            text4        000D94
__end_of_startPong             text2        000D3A
__end_of_turnAllOff            text8        000C82
__end_of_writePong             text15       000AC8
__end_ofi2___wmul              text28       00113A
__end_ofi2_allOff              text23       0011C4
__end_ofi2_delaySeconds        text27       000F2E
__end_ofi2_drawSymbol          text24       0005F8
__end_ofi2_initializePong      text18       001196
__end_ofi2_on                  text26       0010B6
__end_ofi2_refresh             text20       000C1E
__end_ofi2_setColHigh          text22       001156
__end_ofi2_setRowHigh          text21       00103E
__end_ofi2_startPong           text19       000E92
__end_ofi2_turnAllOff          text25       000F76
__initialization               cinit        000870
__mediumconst                  mediumconst  000000
__nextPos                      bssBANK1     0001C9
__p1                           bssBANK1     0001BC
__p2                           bssBANK1     0001C1
__pbssBANK1                    bssBANK1     0001BC
__pbssBANK3                    bssBANK3     000300
__pbssCOMRAM                   bssCOMRAM    00007A
__pcinit                       cinit        000870
__pcstackBANK0                 cstackBANK0  000080
__pcstackBANK1                 cstackBANK1  000100
__pcstackBANK2                 cstackBANK2  000200
__pcstackBANK3                 cstackBANK3  0003C4
__pcstackCOMRAM                cstackCOMRAM 000001
__pdataBANK1                   dataBANK1    0001A4
__pdataBANK2                   dataBANK2    00027E
__pdataBANK3                   dataBANK3    000380
__pdataBANK4                   dataBANK4    000400
__pdataCOMRAM                  dataCOMRAM   00007C
__pidataBANK1                  idataBANK1   001156
__pidataBANK2                  idataBANK2   000B44
__pidataBANK3                  idataBANK3   000F76
__pidataBANK4                  idataBANK4   000FBA
__pidataCOMRAM                 idataCOMRAM  0011C4
__pintcode                     intcode      000008
__pintcode_body                intcode_body 00076E
__ptext0                       text0        001196
__ptext1                       text1        00116E
__ptext10                      text10       000C82
__ptext11                      text11       0010B6
__ptext12                      text12       000AC8
__ptext13                      text13       000D94
__ptext15                      text15       000A46
__ptext16                      text16       00103E
__ptext17                      text17       0005F8
__ptext18                      text18       001182
__ptext19                      text19       000E40
__ptext2                       text2        000CE0
__ptext20                      text20       000BB4
__ptext21                      text21       000FFE
__ptext22                      text22       00113A
__ptext23                      text23       0011B6
__ptext24                      text24       000318
__ptext25                      text25       000F2E
__ptext26                      text26       00107A
__ptext27                      text27       000EE4
__ptext28                      text28       001114
__ptext29                      text29       0009BE
__ptext3                       text3        000932
__ptext30                      text30       000E92
__ptext4                       text4        000D3A
__ptext5                       text5        0010EC
__ptext6                       text6        0011A8
__ptext7                       text7        00001A
__ptext8                       text8        000C1E
__ptext9                       text9        000DEE
__ramtop                       ramtop       000600
__size_of_ISR                  (abs)        000000
__size_of___lwdiv              (abs)        000000
__size_of___wmul               (abs)        000000
__size_of_allOff               (abs)        000000
__size_of_checkNextPosition    (abs)        000000
__size_of_delaySeconds         (abs)        000000
__size_of_drawSymbol           (abs)        000000
__size_of_getNextPosition      (abs)        000000
__size_of_initialize           (abs)        000000
__size_of_initializeLED        (abs)        000000
__size_of_initializePong       (abs)        000000
__size_of_main                 (abs)        000000
__size_of_off                  (abs)        000000
__size_of_on                   (abs)        000000
__size_of_refresh              (abs)        000000
__size_of_setColHigh           (abs)        000000
__size_of_setRowHigh           (abs)        000000
__size_of_startPong            (abs)        000000
__size_of_turnAllOff           (abs)        000000
__size_of_writePong            (abs)        000000
__size_ofi2___wmul             (abs)        000000
__size_ofi2_allOff             (abs)        000000
__size_ofi2_delaySeconds       (abs)        000000
__size_ofi2_drawSymbol         (abs)        000000
__size_ofi2_initializePong     (abs)        000000
__size_ofi2_on                 (abs)        000000
__size_ofi2_refresh            (abs)        000000
__size_ofi2_setColHigh         (abs)        000000
__size_ofi2_setRowHigh         (abs)        000000
__size_ofi2_startPong          (abs)        000000
__size_ofi2_turnAllOff         (abs)        000000
__smallconst                   smallconst   000000
__speed                        dataCOMRAM   00007C
__timerCounter                 bssCOMRAM    00007A
_allOff                        text6        0011A8
_checkNextPosition             text17       0005F8
_delaySeconds                  text10       000C82
_drawSymbol                    text7        00001A
_getNextPosition               text29       0009BE
_initialize                    text13       000D94
_initializeLED                 text12       000AC8
_initializePong                text1        00116E
_main                          text0        001196
_off                           text16       00103E
_on                            text9        000DEE
_pixels                        bssBANK3     000300
_refresh                       text3        000932
_setColHigh                    text5        0010EC
_setRowHigh                    text4        000D3A
_startPong                     text2        000CE0
_turnAllOff                    text8        000C1E
_writePong                     text15       000A46
btemp                          temp         00007E
delaySeconds@i                 cstackBANK1  00013E
delaySeconds@numberOfSeconds   cstackBANK1  00013B
drawSymbol@F3226               dataBANK1    0001A4
drawSymbol@F3229               dataBANK2    0002BA
drawSymbol@F3232               dataBANK2    0002D6
drawSymbol@F3235               dataBANK3    000380
drawSymbol@F3238               dataBANK4    000400
drawSymbol@F3241               dataBANK2    00027E
drawSymbol@F3244               dataBANK2    00029C
drawSymbol@chosenSymbol        cstackBANK1  00019C
drawSymbol@i                   cstackBANK1  00019D
drawSymbol@i_84                cstackBANK1  00019E
drawSymbol@i_85                cstackBANK1  00019F
drawSymbol@i_86                cstackBANK1  0001A0
drawSymbol@i_87                cstackBANK1  0001A1
drawSymbol@i_88                cstackBANK1  0001A2
drawSymbol@i_89                cstackBANK1  0001A3
drawSymbol@offSetX             cstackBANK1  000139
drawSymbol@symbolArrowLeft     cstackBANK2  000200
drawSymbol@symbolArrowRight    cstackBANK1  00017E
drawSymbol@symbolGo            cstackBANK2  00021E
drawSymbol@symbolOne           cstackBANK3  0003C4
drawSymbol@symbolPlay          cstackBANK1  00013A
drawSymbol@symbolThree         cstackBANK3  0003DC
drawSymbol@symbolTwo           cstackBANK2  000262
end_of_initialization          cinit        000924
i2___wmul                      text28       001114
i2___wmul@multiplicand         cstackCOMRAM 000003
i2___wmul@multiplier           cstackCOMRAM 000001
i2___wmul@product              cstackCOMRAM 000005
i2_allOff                      text23       0011B6
i2_delaySeconds                text27       000EE4
i2_drawSymbol                  text24       000318
i2_initializePong              text18       001182
i2_on                          text26       00107A
i2_refresh                     text20       000BB4
i2_setColHigh                  text22       00113A
i2_setRowHigh                  text21       000FFE
i2_startPong                   text19       000E40
i2_turnAllOff                  text25       000F2E
i2delaySeconds@i               cstackCOMRAM 00000A
i2delaySeconds@numberOfSeconds cstackCOMRAM 000007
i2drawSymbol@chosenSymbol      cstackCOMRAM 000068
i2drawSymbol@i                 cstackBANK0  0000FE
i2drawSymbol@i_84              cstackBANK0  0000FF
i2drawSymbol@i_85              cstackBANK1  000130
i2drawSymbol@i_86              cstackBANK1  000131
i2drawSymbol@i_87              cstackBANK1  000132
i2drawSymbol@i_88              cstackBANK1  000133
i2drawSymbol@i_89              cstackBANK1  000134
i2drawSymbol@offSetX           cstackCOMRAM 000005
i2drawSymbol@symbolArrowLeft   cstackBANK0  000080
i2drawSymbol@symbolArrowRight  cstackCOMRAM 00004A
i2drawSymbol@symbolGo          cstackBANK0  00009E
i2drawSymbol@symbolOne         cstackBANK1  000100
i2drawSymbol@symbolPlay        cstackCOMRAM 000006
i2drawSymbol@symbolThree       cstackBANK1  000118
i2drawSymbol@symbolTwo         cstackBANK0  0000E2
i2on@column                    cstackCOMRAM 000004
i2on@row                       cstackCOMRAM 000001
i2refresh@theCol               cstackCOMRAM 000007
i2refresh@theRow               cstackCOMRAM 000008
i2setColHigh@column            cstackCOMRAM 000003
i2setRowHigh@row               cstackCOMRAM 000003
i2turnAllOff@i                 cstackCOMRAM 000003
i2turnAllOff@j                 cstackCOMRAM 000004
initializeLED@i                cstackBANK1  000137
initializeLED@j                cstackBANK1  000138
int$flags                      temp         00007E
int_func                       intcode_body 00076E
intlevel0                      text         000000
intlevel1                      text         000000
intlevel2                      text         000000
intlevel3                      text         000000
off@column                     cstackCOMRAM 000004
off@row                        cstackCOMRAM 000001
on@column                      cstackBANK1  000138
on@row                         cstackBANK1  000135
refresh@theCol                 cstackBANK1  00013B
refresh@theRow                 cstackBANK1  00013C
setColHigh@column              cstackBANK1  000137
setRowHigh@row                 cstackBANK1  000137
stackhi                        (abs)        0005FF
stacklo                        (abs)        000444
start                          init         000016
start_initialization           cinit        000870
turnAllOff@i                   cstackBANK1  000137
turnAllOff@j                   cstackBANK1  000138


FUNCTION INFORMATION:

 *************** function _main *****************
 Defined at:
		line 386 in file "main.c"
 Parameters:    Size  Location     Type
		None
 Auto vars:     Size  Location     Type
		None
 Return value:  Size  Location     Type
                  1    wreg      void 
 Registers used:
		wreg, fsr1l, fsr1h, fsr2l, fsr2h, status,2, status,0, prodl, prodh, cstack
 Tracked objects:
		On entry : 
		On exit  : 
		Unchanged: 
 Data sizes:     COMRAM   BANK0   BANK1   BANK2   BANK3   BANK4   BANK5
      Params:         0       0       0       0       0       0       0
      Locals:         0       0       0       0       0       0       0
      Temps:          0       0       0       0       0       0       0
      Totals:         0       0       0       0       0       0       0
Total ram usage:        0 bytes
 Hardware stack levels required when called:   10
 This function calls:
		_initialize
		_initializeLED
		_initializePong
		_refresh
 This function is called by:
		Startup code after reset
 This function uses a non-reentrant model


 *************** function _initializePong *****************
 Defined at:
		line 87 in file "main.c"
 Parameters:    Size  Location     Type
		None
 Auto vars:     Size  Location     Type
		None
 Return value:  Size  Location     Type
                  1    wreg      void 
 Registers used:
		wreg, fsr1l, fsr1h, fsr2l, fsr2h, status,2, status,0, prodl, prodh, cstack
 Tracked objects:
		On entry : 
		On exit  : 
		Unchanged: 
 Data sizes:     COMRAM   BANK0   BANK1   BANK2   BANK3   BANK4   BANK5
      Params:         0       0       0       0       0       0       0
      Locals:         0       0       0       0       0       0       0
      Temps:          0       0       0       0       0       0       0
      Totals:         0       0       0       0       0       0       0
Total ram usage:        0 bytes
 Hardware stack levels used:    1
 Hardware stack levels required when called:    9
 This function calls:
		_startPong
 This function is called by:
		_main
 This function uses a non-reentrant model


 *************** function _startPong *****************
 Defined at:
		line 58 in file "main.c"
 Parameters:    Size  Location     Type
		None
 Auto vars:     Size  Location     Type
		None
 Return value:  Size  Location     Type
                  1    wreg      void 
 Registers used:
		wreg, fsr1l, fsr1h, fsr2l, fsr2h, status,2, status,0, prodl, prodh, cstack
 Tracked objects:
		On entry : 
		On exit  : 
		Unchanged: 
 Data sizes:     COMRAM   BANK0   BANK1   BANK2   BANK3   BANK4   BANK5
      Params:         0       0       0       0       0       0       0
      Locals:         0       0       0       0       0       0       0
      Temps:          0       0       0       0       0       0       0
      Totals:         0       0       0       0       0       0       0
Total ram usage:        0 bytes
 Hardware stack levels used:    1
 Hardware stack levels required when called:    8
 This function calls:
		_delaySeconds
		_drawSymbol
		_refresh
		_turnAllOff
 This function is called by:
		_initializePong
 This function uses a non-reentrant model


 *************** function _refresh *****************
 Defined at:
		line 185 in file "Source/LED-API.c"
 Parameters:    Size  Location     Type
		None
 Auto vars:     Size  Location     Type
  theRow          1   60[BANK1 ] unsigned char 
  theCol          1   59[BANK1 ] unsigned char 
 Return value:  Size  Location     Type
                  1    wreg      void 
 Registers used:
		wreg, fsr2l, fsr2h, status,2, status,0, prodl, prodh, cstack
 Tracked objects:
		On entry : 
		On exit  : 
		Unchanged: 
 Data sizes:     COMRAM   BANK0   BANK1   BANK2   BANK3   BANK4   BANK5
      Params:         0       0       0       0       0       0       0
      Locals:         0       0       2       0       0       0       0
      Temps:          0       0       3       0       0       0       0
      Totals:         0       0       5       0       0       0       0
Total ram usage:        5 bytes
 Hardware stack levels used:    1
 Hardware stack levels required when called:    7
 This function calls:
		_allOff
		_setColHigh
		_setRowHigh
 This function is called by:
		_startPong
		_main
 This function uses a non-reentrant model


 *************** function _setRowHigh *****************
 Defined at:
		line 24 in file "Source/LED-API.c"
 Parameters:    Size  Location     Type
  row             1    wreg     unsigned char 
 Auto vars:     Size  Location     Type
  row             1   55[BANK1 ] unsigned char 
 Return value:  Size  Location     Type
                  1    wreg      void 
 Registers used:
		wreg, status,2, status,0
 Tracked objects:
		On entry : 
		On exit  : 
		Unchanged: 
 Data sizes:     COMRAM   BANK0   BANK1   BANK2   BANK3   BANK4   BANK5
      Params:         0       0       0       0       0       0       0
      Locals:         0       0       1       0       0       0       0
      Temps:          0       0       2       0       0       0       0
      Totals:         0       0       3       0       0       0       0
Total ram usage:        3 bytes
 Hardware stack levels used:    1
 Hardware stack levels required when called:    6
 This function calls:
		Nothing
 This function is called by:
		_refresh
 This function uses a non-reentrant model


 *************** function _setColHigh *****************
 Defined at:
		line 20 in file "Source/LED-API.c"
 Parameters:    Size  Location     Type
  column          1    wreg     unsigned char 
 Auto vars:     Size  Location     Type
  column          1   55[BANK1 ] unsigned char 
 Return value:  Size  Location     Type
                  1    wreg      void 
 Registers used:
		wreg, status,2, status,0
 Tracked objects:
		On entry : 
		On exit  : 
		Unchanged: 
 Data sizes:     COMRAM   BANK0   BANK1   BANK2   BANK3   BANK4   BANK5
      Params:         0       0       0       0       0       0       0
      Locals:         0       0       1       0       0       0       0
      Temps:          0       0       2       0       0       0       0
      Totals:         0       0       3       0       0       0       0
Total ram usage:        3 bytes
 Hardware stack levels used:    1
 Hardware stack levels required when called:    6
 This function calls:
		Nothing
 This function is called by:
		_refresh
 This function uses a non-reentrant model


 *************** function _allOff *****************
 Defined at:
		line 179 in file "Source/LED-API.c"
 Parameters:    Size  Location     Type
		None
 Auto vars:     Size  Location     Type
		None
 Return value:  Size  Location     Type
                  1    wreg      void 
 Registers used:
		wreg, status,2
 Tracked objects:
		On entry : 
		On exit  : 
		Unchanged: 
 Data sizes:     COMRAM   BANK0   BANK1   BANK2   BANK3   BANK4   BANK5
      Params:         0       0       0       0       0       0       0
      Locals:         0       0       0       0       0       0       0
      Temps:          0       0       0       0       0       0       0
      Totals:         0       0       0       0       0       0       0
Total ram usage:        0 bytes
 Hardware stack levels used:    1
 Hardware stack levels required when called:    6
 This function calls:
		Nothing
 This function is called by:
		_refresh
 This function uses a non-reentrant model


 *************** function _drawSymbol *****************
 Defined at:
		line 89 in file "Source/LED-API.c"
 Parameters:    Size  Location     Type
  chosenSymbol    1    wreg     unsigned char 
  offSetX         1   57[BANK1 ] unsigned char 
 Auto vars:     Size  Location     Type
  chosenSymbol    1  156[BANK1 ] unsigned char 
  i               1  163[BANK1 ] unsigned char 
  i               1  162[BANK1 ] unsigned char 
  i               1  161[BANK1 ] unsigned char 
  i               1  160[BANK1 ] unsigned char 
  i               1  159[BANK1 ] unsigned char 
  i               1  158[BANK1 ] unsigned char 
  i               1  157[BANK1 ] unsigned char 
  symbolGo       68   30[BANK2 ] unsigned char [2][34]
  symbolPlay     68   58[BANK1 ] unsigned char [2][34]
  symbolArrowL   30    0[BANK2 ] unsigned char [2][15]
  symbolArrowR   30  126[BANK1 ] unsigned char [2][15]
  symbolTwo      28   98[BANK2 ] unsigned char [2][14]
  symbolThree    24   24[BANK3 ] unsigned char [2][12]
  symbolOne      24    0[BANK3 ] unsigned char [2][12]
 Return value:  Size  Location     Type
                  1    wreg      void 
 Registers used:
		wreg, fsr1l, fsr1h, fsr2l, fsr2h, status,2, status,0, prodl, prodh, cstack
 Tracked objects:
		On entry : 
		On exit  : 
		Unchanged: 
 Data sizes:     COMRAM   BANK0   BANK1   BANK2   BANK3   BANK4   BANK5
      Params:         0       0       1       0       0       0       0
      Locals:         0       0     106     126      48       0       0
      Temps:          0       0       0       0       0       0       0
      Totals:         0       0     107     126      48       0       0
Total ram usage:      281 bytes
 Hardware stack levels used:    1
 Hardware stack levels required when called:    7
 This function calls:
		_on
		_turnAllOff
 This function is called by:
		_startPong
 This function uses a non-reentrant model


 *************** function _turnAllOff *****************
 Defined at:
		line 169 in file "Source/LED-API.c"
 Parameters:    Size  Location     Type
		None
 Auto vars:     Size  Location     Type
  j               1   56[BANK1 ] unsigned char 
  i               1   55[BANK1 ] unsigned char 
 Return value:  Size  Location     Type
                  1    wreg      void 
 Registers used:
		wreg, fsr2l, fsr2h, status,2, status,0, prodl, prodh
 Tracked objects:
		On entry : 
		On exit  : 
		Unchanged: 
 Data sizes:     COMRAM   BANK0   BANK1   BANK2   BANK3   BANK4   BANK5
      Params:         0       0       0       0       0       0       0
      Locals:         0       0       2       0       0       0       0
      Temps:          0       0       2       0       0       0       0
      Totals:         0       0       4       0       0       0       0
Total ram usage:        4 bytes
 Hardware stack levels used:    1
 Hardware stack levels required when called:    6
 This function calls:
		Nothing
 This function is called by:
		_drawSymbol
		_startPong
 This function uses a non-reentrant model


 *************** function _on *****************
 Defined at:
		line 47 in file "Source/LED-API.c"
 Parameters:    Size  Location     Type
  column          1    wreg     unsigned char 
  row             1   53[BANK1 ] unsigned char 
 Auto vars:     Size  Location     Type
  column          1   56[BANK1 ] unsigned char 
 Return value:  Size  Location     Type
                  1    wreg      void 
 Registers used:
		wreg, fsr2l, fsr2h, status,2, status,0, prodl, prodh
 Tracked objects:
		On entry : 
		On exit  : 
		Unchanged: 
 Data sizes:     COMRAM   BANK0   BANK1   BANK2   BANK3   BANK4   BANK5
      Params:         0       0       1       0       0       0       0
      Locals:         0       0       1       0       0       0       0
      Temps:          0       0       2       0       0       0       0
      Totals:         0       0       4       0       0       0       0
Total ram usage:        4 bytes
 Hardware stack levels used:    1
 Hardware stack levels required when called:    6
 This function calls:
		Nothing
 This function is called by:
		_drawSymbol
 This function uses a non-reentrant model


 *************** function _delaySeconds *****************
 Defined at:
		line 49 in file "main.c"
 Parameters:    Size  Location     Type
  numberOfSeco    2   59[BANK1 ] int 
 Auto vars:     Size  Location     Type
  i               2   62[BANK1 ] int 
 Return value:  Size  Location     Type
		None               void
 Registers used:
		wreg, status,2, status,0, prodl, prodh, cstack
 Tracked objects:
		On entry : 
		On exit  : 
		Unchanged: 
 Data sizes:     COMRAM   BANK0   BANK1   BANK2   BANK3   BANK4   BANK5
      Params:         0       0       2       0       0       0       0
      Locals:         0       0       2       0       0       0       0
      Temps:          0       0       1       0       0       0       0
      Totals:         0       0       5       0       0       0       0
Total ram usage:        5 bytes
 Hardware stack levels used:    1
 Hardware stack levels required when called:    7
 This function calls:
		___wmul
 This function is called by:
		_startPong
 This function uses a non-reentrant model


 *************** function ___wmul *****************
 Defined at:
		line 15 in file "C:\Program Files (x86)\Microchip\xc8\v1.37\sources\common\Umul16.c"
 Parameters:    Size  Location     Type
  multiplier      2   53[BANK1 ] unsigned int 
  multiplicand    2   55[BANK1 ] unsigned int 
 Auto vars:     Size  Location     Type
  product         2   57[BANK1 ] unsigned int 
 Return value:  Size  Location     Type
                  2   53[BANK1 ] unsigned int 
 Registers used:
		wreg, status,2, status,0, prodl, prodh
 Tracked objects:
		On entry : 
		On exit  : 
		Unchanged: 
 Data sizes:     COMRAM   BANK0   BANK1   BANK2   BANK3   BANK4   BANK5
      Params:         0       0       4       0       0       0       0
      Locals:         0       0       2       0       0       0       0
      Temps:          0       0       0       0       0       0       0
      Totals:         0       0       6       0       0       0       0
Total ram usage:        6 bytes
 Hardware stack levels used:    1
 Hardware stack levels required when called:    6
 This function calls:
		Nothing
 This function is called by:
		_delaySeconds
 This function uses a non-reentrant model


 *************** function _initializeLED *****************
 Defined at:
		line 31 in file "Source/LED-API.c"
 Parameters:    Size  Location     Type
		None
 Auto vars:     Size  Location     Type
  j               1   56[BANK1 ] unsigned char 
  i               1   55[BANK1 ] unsigned char 
 Return value:  Size  Location     Type
                  1    wreg      void 
 Registers used:
		wreg, fsr2l, fsr2h, status,2, status,0, prodl, prodh
 Tracked objects:
		On entry : 
		On exit  : 
		Unchanged: 
 Data sizes:     COMRAM   BANK0   BANK1   BANK2   BANK3   BANK4   BANK5
      Params:         0       0       0       0       0       0       0
      Locals:         0       0       2       0       0       0       0
      Temps:          0       0       2       0       0       0       0
      Totals:         0       0       4       0       0       0       0
Total ram usage:        4 bytes
 Hardware stack levels used:    1
 Hardware stack levels required when called:    6
 This function calls:
		Nothing
 This function is called by:
		_main
 This function uses a non-reentrant model


 *************** function _initialize *****************
 Defined at:
		line 101 in file "main.c"
 Parameters:    Size  Location     Type
		None
 Auto vars:     Size  Location     Type
		None
 Return value:  Size  Location     Type
                  1    wreg      void 
 Registers used:
		wreg, status,2
 Tracked objects:
		On entry : 
		On exit  : 
		Unchanged: 
 Data sizes:     COMRAM   BANK0   BANK1   BANK2   BANK3   BANK4   BANK5
      Params:         0       0       0       0       0       0       0
      Locals:         0       0       0       0       0       0       0
      Temps:          0       0       0       0       0       0       0
      Totals:         0       0       0       0       0       0       0
Total ram usage:        0 bytes
 Hardware stack levels used:    1
 Hardware stack levels required when called:    6
 This function calls:
		Nothing
 This function is called by:
		_main
 This function uses a non-reentrant model


 *************** function _ISR *****************
 Defined at:
		line 331 in file "main.c"
 Parameters:    Size  Location     Type
		None
 Auto vars:     Size  Location     Type
  ADvalue         2  118[COMRAM] unsigned short 
  value           1  120[COMRAM] unsigned char 
 Return value:  Size  Location     Type
                  1    wreg      void 
 Registers used:
		wreg, fsr1l, fsr1h, fsr2l, fsr2h, status,2, status,0, prodl, prodh, cstack
 Tracked objects:
		On entry : 
		On exit  : 
		Unchanged: 
 Data sizes:     COMRAM   BANK0   BANK1   BANK2   BANK3   BANK4   BANK5
      Params:         0       0       0       0       0       0       0
      Locals:         3       0       0       0       0       0       0
      Temps:         14       0       0       0       0       0       0
      Totals:        17       0       0       0       0       0       0
Total ram usage:       17 bytes
 Hardware stack levels used:    1
 Hardware stack levels required when called:    5
 This function calls:
		___lwdiv
		_checkNextPosition
		_writePong
 This function is called by:
		Interrupt level 2
 This function uses a non-reentrant model


 *************** function _writePong *****************
 Defined at:
		line 143 in file "main.c"
 Parameters:    Size  Location     Type
		None
 Auto vars:     Size  Location     Type
		None
 Return value:  Size  Location     Type
                  1    wreg      void 
 Registers used:
		wreg, fsr2l, fsr2h, status,2, status,0, prodl, prodh, cstack
 Tracked objects:
		On entry : 
		On exit  : 
		Unchanged: 
 Data sizes:     COMRAM   BANK0   BANK1   BANK2   BANK3   BANK4   BANK5
      Params:         0       0       0       0       0       0       0
      Locals:         0       0       0       0       0       0       0
      Temps:          0       0       0       0       0       0       0
      Totals:         0       0       0       0       0       0       0
Total ram usage:        0 bytes
 Hardware stack levels used:    1
 Hardware stack levels required when called:    1
 This function calls:
		_off
		i2_on
 This function is called by:
		_ISR
 This function uses a non-reentrant model


 *************** function _off *****************
 Defined at:
		line 68 in file "Source/LED-API.c"
 Parameters:    Size  Location     Type
  column          1    wreg     unsigned char 
  row             1    0[COMRAM] unsigned char 
 Auto vars:     Size  Location     Type
  column          1    3[COMRAM] unsigned char 
 Return value:  Size  Location     Type
                  1    wreg      void 
 Registers used:
		wreg, fsr2l, fsr2h, status,2, status,0, prodl, prodh
 Tracked objects:
		On entry : 
		On exit  : 
		Unchanged: 
 Data sizes:     COMRAM   BANK0   BANK1   BANK2   BANK3   BANK4   BANK5
      Params:         1       0       0       0       0       0       0
      Locals:         1       0       0       0       0       0       0
      Temps:          2       0       0       0       0       0       0
      Totals:         4       0       0       0       0       0       0
Total ram usage:        4 bytes
 Hardware stack levels used:    1
 This function calls:
		Nothing
 This function is called by:
		_writePong
 This function uses a non-reentrant model


 *************** function _checkNextPosition *****************
 Defined at:
		line 197 in file "main.c"
 Parameters:    Size  Location     Type
		None
 Auto vars:     Size  Location     Type
		None
 Return value:  Size  Location     Type
                  1    wreg      void 
 Registers used:
		wreg, fsr1l, fsr1h, fsr2l, fsr2h, status,2, status,0, prodl, prodh, cstack
 Tracked objects:
		On entry : 
		On exit  : 
		Unchanged: 
 Data sizes:     COMRAM   BANK0   BANK1   BANK2   BANK3   BANK4   BANK5
      Params:         0       0       0       0       0       0       0
      Locals:         0       0       0       0       0       0       0
      Temps:          0       0       0       0       0       0       0
      Totals:         0       0       0       0       0       0       0
Total ram usage:        0 bytes
 Hardware stack levels used:    1
 Hardware stack levels required when called:    4
 This function calls:
		_getNextPosition
		i2_drawSymbol
		i2_initializePong
		i2_startPong
 This function is called by:
		_ISR
 This function uses a non-reentrant model


 *************** function i2_initializePong *****************
 Defined at:
		line 87 in file "main.c"
 Parameters:    Size  Location     Type
		None
 Auto vars:     Size  Location     Type
		None
 Return value:  Size  Location     Type
                  1    wreg      void 
 Registers used:
		wreg, fsr1l, fsr1h, fsr2l, fsr2h, status,2, status,0, prodl, prodh, cstack
 Tracked objects:
		On entry : 
		On exit  : 
		Unchanged: 
 Data sizes:     COMRAM   BANK0   BANK1   BANK2   BANK3   BANK4   BANK5
      Params:         0       0       0       0       0       0       0
      Locals:         0       0       0       0       0       0       0
      Temps:          0       0       0       0       0       0       0
      Totals:         0       0       0       0       0       0       0
Total ram usage:        0 bytes
 Hardware stack levels used:    1
 Hardware stack levels required when called:    3
 This function calls:
		i2_startPong
 This function is called by:
		_checkNextPosition
 This function uses a non-reentrant model


 *************** function i2_startPong *****************
 Defined at:
		line 58 in file "main.c"
 Parameters:    Size  Location     Type
		None
 Auto vars:     Size  Location     Type
		None
 Return value:  Size  Location     Type
                  1    wreg      void 
 Registers used:
		wreg, fsr1l, fsr1h, fsr2l, fsr2h, status,2, status,0, prodl, prodh, cstack
 Tracked objects:
		On entry : 
		On exit  : 
		Unchanged: 
 Data sizes:     COMRAM   BANK0   BANK1   BANK2   BANK3   BANK4   BANK5
      Params:         0       0       0       0       0       0       0
      Locals:         0       0       0       0       0       0       0
      Temps:          0       0       0       0       0       0       0
      Totals:         0       0       0       0       0       0       0
Total ram usage:        0 bytes
 Hardware stack levels used:    1
 Hardware stack levels required when called:    2
 This function calls:
		i2_delaySeconds
		i2_drawSymbol
		i2_refresh
		i2_turnAllOff
 This function is called by:
		_checkNextPosition
		i2_initializePong
 This function uses a non-reentrant model


 *************** function i2_refresh *****************
 Defined at:
		line 185 in file "Source/LED-API.c"
 Parameters:    Size  Location     Type
		None
 Auto vars:     Size  Location     Type
  refresh         1    7[COMRAM] unsigned char 
  refresh         1    6[COMRAM] unsigned char 
 Return value:  Size  Location     Type
                  1    wreg      void 
 Registers used:
		wreg, fsr2l, fsr2h, status,2, status,0, prodl, prodh, cstack
 Tracked objects:
		On entry : 
		On exit  : 
		Unchanged: 
 Data sizes:     COMRAM   BANK0   BANK1   BANK2   BANK3   BANK4   BANK5
      Params:         0       0       0       0       0       0       0
      Locals:         2       0       0       0       0       0       0
      Temps:          3       0       0       0       0       0       0
      Totals:         5       0       0       0       0       0       0
Total ram usage:        5 bytes
 Hardware stack levels used:    1
 Hardware stack levels required when called:    1
 This function calls:
		i2_allOff
		i2_setColHigh
		i2_setRowHigh
 This function is called by:
		i2_startPong
 This function uses a non-reentrant model


 *************** function i2_setRowHigh *****************
 Defined at:
		line 24 in file "Source/LED-API.c"
 Parameters:    Size  Location     Type
  row             1    wreg     unsigned char 
 Auto vars:     Size  Location     Type
  row             1    2[COMRAM] unsigned char 
 Return value:  Size  Location     Type
                  1    wreg      void 
 Registers used:
		wreg, status,2, status,0
 Tracked objects:
		On entry : 
		On exit  : 
		Unchanged: 
 Data sizes:     COMRAM   BANK0   BANK1   BANK2   BANK3   BANK4   BANK5
      Params:         0       0       0       0       0       0       0
      Locals:         1       0       0       0       0       0       0
      Temps:          2       0       0       0       0       0       0
      Totals:         3       0       0       0       0       0       0
Total ram usage:        3 bytes
 Hardware stack levels used:    1
 This function calls:
		Nothing
 This function is called by:
		i2_refresh
 This function uses a non-reentrant model


 *************** function i2_setColHigh *****************
 Defined at:
		line 20 in file "Source/LED-API.c"
 Parameters:    Size  Location     Type
  column          1    wreg     unsigned char 
 Auto vars:     Size  Location     Type
  column          1    2[COMRAM] unsigned char 
 Return value:  Size  Location     Type
                  1    wreg      void 
 Registers used:
		wreg, status,2, status,0
 Tracked objects:
		On entry : 
		On exit  : 
		Unchanged: 
 Data sizes:     COMRAM   BANK0   BANK1   BANK2   BANK3   BANK4   BANK5
      Params:         0       0       0       0       0       0       0
      Locals:         1       0       0       0       0       0       0
      Temps:          2       0       0       0       0       0       0
      Totals:         3       0       0       0       0       0       0
Total ram usage:        3 bytes
 Hardware stack levels used:    1
 This function calls:
		Nothing
 This function is called by:
		i2_refresh
 This function uses a non-reentrant model


 *************** function i2_allOff *****************
 Defined at:
		line 179 in file "Source/LED-API.c"
 Parameters:    Size  Location     Type
		None
 Auto vars:     Size  Location     Type
		None
 Return value:  Size  Location     Type
                  1    wreg      void 
 Registers used:
		wreg, status,2
 Tracked objects:
		On entry : 
		On exit  : 
		Unchanged: 
 Data sizes:     COMRAM   BANK0   BANK1   BANK2   BANK3   BANK4   BANK5
      Params:         0       0       0       0       0       0       0
      Locals:         0       0       0       0       0       0       0
      Temps:          0       0       0       0       0       0       0
      Totals:         0       0       0       0       0       0       0
Total ram usage:        0 bytes
 Hardware stack levels used:    1
 This function calls:
		Nothing
 This function is called by:
		i2_refresh
 This function uses a non-reentrant model


 *************** function i2_drawSymbol *****************
 Defined at:
		line 89 in file "Source/LED-API.c"
 Parameters:    Size  Location     Type
  chosenSymbol    1    wreg     unsigned char 
  offSetX         1    4[COMRAM] unsigned char 
 Auto vars:     Size  Location     Type
  chosenSymbol    1  103[COMRAM] unsigned char 
  drawSymbol     68   30[BANK0 ] unsigned char [2][34]
  drawSymbol     68    5[COMRAM] unsigned char [2][34]
  drawSymbol     30    0[BANK0 ] unsigned char [2][15]
  drawSymbol     30   73[COMRAM] unsigned char [2][15]
  drawSymbol     28   98[BANK0 ] unsigned char [2][14]
  drawSymbol     24   24[BANK1 ] unsigned char [2][12]
  drawSymbol     24    0[BANK1 ] unsigned char [2][12]
  drawSymbol      1   52[BANK1 ] unsigned char 
  drawSymbol      1   51[BANK1 ] unsigned char 
  drawSymbol      1   50[BANK1 ] unsigned char 
  drawSymbol      1   49[BANK1 ] unsigned char 
  drawSymbol      1   48[BANK1 ] unsigned char 
  drawSymbol      1  127[BANK0 ] unsigned char 
  drawSymbol      1  126[BANK0 ] unsigned char 
 Return value:  Size  Location     Type
                  1    wreg      void 
 Registers used:
		wreg, fsr1l, fsr1h, fsr2l, fsr2h, status,2, status,0, prodl, prodh, cstack
 Tracked objects:
		On entry : 
		On exit  : 
		Unchanged: 
 Data sizes:     COMRAM   BANK0   BANK1   BANK2   BANK3   BANK4   BANK5
      Params:         1       0       0       0       0       0       0
      Locals:        99     128      53       0       0       0       0
      Temps:          0       0       0       0       0       0       0
      Totals:       100     128      53       0       0       0       0
Total ram usage:      281 bytes
 Hardware stack levels used:    1
 Hardware stack levels required when called:    1
 This function calls:
		i2_on
		i2_turnAllOff
 This function is called by:
		_checkNextPosition
		i2_startPong
 This function uses a non-reentrant model


 *************** function i2_turnAllOff *****************
 Defined at:
		line 169 in file "Source/LED-API.c"
 Parameters:    Size  Location     Type
		None
 Auto vars:     Size  Location     Type
  turnAllOff      1    3[COMRAM] unsigned char 
  turnAllOff      1    2[COMRAM] unsigned char 
 Return value:  Size  Location     Type
                  1    wreg      void 
 Registers used:
		wreg, fsr2l, fsr2h, status,2, status,0, prodl, prodh
 Tracked objects:
		On entry : 
		On exit  : 
		Unchanged: 
 Data sizes:     COMRAM   BANK0   BANK1   BANK2   BANK3   BANK4   BANK5
      Params:         0       0       0       0       0       0       0
      Locals:         2       0       0       0       0       0       0
      Temps:          2       0       0       0       0       0       0
      Totals:         4       0       0       0       0       0       0
Total ram usage:        4 bytes
 Hardware stack levels used:    1
 This function calls:
		Nothing
 This function is called by:
		i2_drawSymbol
		i2_startPong
 This function uses a non-reentrant model


 *************** function i2_on *****************
 Defined at:
		line 47 in file "Source/LED-API.c"
 Parameters:    Size  Location     Type
  column          1    wreg     unsigned char 
  row             1    0[COMRAM] unsigned char 
 Auto vars:     Size  Location     Type
  column          1    3[COMRAM] unsigned char 
 Return value:  Size  Location     Type
                  1    wreg      void 
 Registers used:
		wreg, fsr2l, fsr2h, status,2, status,0, prodl, prodh
 Tracked objects:
		On entry : 
		On exit  : 
		Unchanged: 
 Data sizes:     COMRAM   BANK0   BANK1   BANK2   BANK3   BANK4   BANK5
      Params:         1       0       0       0       0       0       0
      Locals:         1       0       0       0       0       0       0
      Temps:          2       0       0       0       0       0       0
      Totals:         4       0       0       0       0       0       0
Total ram usage:        4 bytes
 Hardware stack levels used:    1
 This function calls:
		Nothing
 This function is called by:
		_writePong
		i2_drawSymbol
 This function uses a non-reentrant model


 *************** function i2_delaySeconds *****************
 Defined at:
		line 49 in file "main.c"
 Parameters:    Size  Location     Type
  numberOfSeco    2    6[COMRAM] int 
 Auto vars:     Size  Location     Type
  delaySeconds    2    9[COMRAM] int 
 Return value:  Size  Location     Type
		None               void
 Registers used:
		wreg, status,2, status,0, prodl, prodh, cstack
 Tracked objects:
		On entry : 
		On exit  : 
		Unchanged: 
 Data sizes:     COMRAM   BANK0   BANK1   BANK2   BANK3   BANK4   BANK5
      Params:         2       0       0       0       0       0       0
      Locals:         2       0       0       0       0       0       0
      Temps:          1       0       0       0       0       0       0
      Totals:         5       0       0       0       0       0       0
Total ram usage:        5 bytes
 Hardware stack levels used:    1
 Hardware stack levels required when called:    1
 This function calls:
		i2___wmul
 This function is called by:
		i2_startPong
 This function uses a non-reentrant model


 *************** function i2___wmul *****************
 Defined at:
		line 15 in file "C:\Program Files (x86)\Microchip\xc8\v1.37\sources\common\Umul16.c"
 Parameters:    Size  Location     Type
  multiplier      2    0[COMRAM] unsigned int 
  multiplicand    2    2[COMRAM] unsigned int 
 Auto vars:     Size  Location     Type
  __wmul          2    4[COMRAM] unsigned int 
 Return value:  Size  Location     Type
                  2    0[COMRAM] unsigned int 
 Registers used:
		wreg, status,2, status,0, prodl, prodh
 Tracked objects:
		On entry : 
		On exit  : 
		Unchanged: 
 Data sizes:     COMRAM   BANK0   BANK1   BANK2   BANK3   BANK4   BANK5
      Params:         4       0       0       0       0       0       0
      Locals:         2       0       0       0       0       0       0
      Temps:          0       0       0       0       0       0       0
      Totals:         6       0       0       0       0       0       0
Total ram usage:        6 bytes
 Hardware stack levels used:    1
 This function calls:
		Nothing
 This function is called by:
		i2_delaySeconds
 This function uses a non-reentrant model


 *************** function _getNextPosition *****************
 Defined at:
		line 168 in file "main.c"
 Parameters:    Size  Location     Type
		None
 Auto vars:     Size  Location     Type
		None
 Return value:  Size  Location     Type
                  1    wreg      void 
 Registers used:
		wreg, status,2, status,0
 Tracked objects:
		On entry : 
		On exit  : 
		Unchanged: 
 Data sizes:     COMRAM   BANK0   BANK1   BANK2   BANK3   BANK4   BANK5
      Params:         0       0       0       0       0       0       0
      Locals:         0       0       0       0       0       0       0
      Temps:          0       0       0       0       0       0       0
      Totals:         0       0       0       0       0       0       0
Total ram usage:        0 bytes
 Hardware stack levels used:    1
 This function calls:
		Nothing
 This function is called by:
		_checkNextPosition
 This function uses a non-reentrant model


 *************** function ___lwdiv *****************
 Defined at:
		line 8 in file "C:\Program Files (x86)\Microchip\xc8\v1.37\sources\common\lwdiv.c"
 Parameters:    Size  Location     Type
  dividend        2    0[COMRAM] unsigned int 
  divisor         2    2[COMRAM] unsigned int 
 Auto vars:     Size  Location     Type
  quotient        2    4[COMRAM] unsigned int 
  counter         1    6[COMRAM] unsigned char 
 Return value:  Size  Location     Type
                  2    0[COMRAM] unsigned int 
 Registers used:
		wreg, status,2, status,0
 Tracked objects:
		On entry : 
		On exit  : 
		Unchanged: 
 Data sizes:     COMRAM   BANK0   BANK1   BANK2   BANK3   BANK4   BANK5
      Params:         4       0       0       0       0       0       0
      Locals:         3       0       0       0       0       0       0
      Temps:          0       0       0       0       0       0       0
      Totals:         7       0       0       0       0       0       0
Total ram usage:        7 bytes
 Hardware stack levels used:    1
 This function calls:
		Nothing
 This function is called by:
		_ISR
 This function uses a non-reentrant model



MODULE INFORMATION

Module		Function		Class		Link	Load	Size
C:\Program Files (x86)\Microchip\xc8\v1.37\sources\common\Umul16.c
		___wmul        		CODE           	10B6	0000	55

C:\Program Files (x86)\Microchip\xc8\v1.37\sources\common\Umul16.c estimated size: 55

C:\Program Files (x86)\Microchip\xc8\v1.37\sources\common\lwdiv.c
		___lwdiv       		CODE           	0E92	0000	83

C:\Program Files (x86)\Microchip\xc8\v1.37\sources\common\lwdiv.c estimated size: 83

shared
		i2_allOff      		CODE           	11B6	0000	15
		i2_delaySeconds		CODE           	0EE4	0000	75
		i2_startPong   		CODE           	0E40	0000	83
		i2___wmul      		CODE           	1114	0000	39
		__initialization		CODE           	0870	0000	181
		i2_refresh     		CODE           	0BB4	0000	107
		i2_drawSymbol  		CODE           	0318	0000	737
		i2_setColHigh  		CODE           	113A	0000	29
		i2_setRowHigh  		CODE           	0FFE	0000	65
		i2_on          		CODE           	107A	0000	61
		i2_turnAllOff  		CODE           	0F2E	0000	73
		i2_initializePong		CODE           	1182	0000	21

shared estimated size: 1486

main.c
		_initializePong		CODE           	116E	0000	21
		_getNextPosition		CODE           	09BE	0000	137
		_ISR           		CODE           	0008	0000	273
		_delaySeconds  		CODE           	0C82	0000	95
		_main          		CODE           	1196	0000	19
		_checkNextPosition		CODE           	05F8	0000	375
		_writePong     		CODE           	0A46	0000	131
		_startPong     		CODE           	0CE0	0000	91
		_initialize    		CODE           	0D94	0000	91

main.c estimated size: 1233

Source/LED-API.c
		_setColHigh    		CODE           	10EC	0000	41
		_setRowHigh    		CODE           	0D3A	0000	91
		_refresh       		CODE           	0932	0000	141
		_allOff        		CODE           	11A8	0000	15
		_on            		CODE           	0DEE	0000	83
		_turnAllOff    		CODE           	0C1E	0000	101
		_off           		CODE           	103E	0000	61
		_initializeLED 		CODE           	0AC8	0000	125
		_drawSymbol    		CODE           	001A	0000	767

Source/LED-API.c estimated size: 1425

