Microchip MPLAB XC8 Compiler V1.37 ()

Linker command line:

-W-3 --edf=C:\Program Files (x86)\Microchip\xc8\v1.37\dat\en_msgs.txt -cs \
  -h+dist/default/production\EniacArcade.X.production.sym \
  --cmf=dist/default/production\EniacArcade.X.production.cmf -z -Q18F4520 \
  -oC:\Users\nickd\AppData\Local\Temp\s4ok.2 \
  -Mdist/default/production/EniacArcade.X.production.map -E1 -ver=XC8 \
  -ASTACK=0388h-05ffh -pstack=STACK -ACODE=00h-07FFFh -ACONST=00h-07FFFh \
  -ASMALLCONST=0600h-06FFhx122 -AMEDIUMCONST=0600h-07FFFh -ACOMRAM=01h-07Fh \
  -AABS1=00h-05FFh -ABIGRAM=01h-05FFh -ARAM=080h-0FFh,0100h-01FFhx5 \
  -ABANK0=080h-0FFh -ABANK1=0100h-01FFh -ABANK2=0200h-02FFh \
  -ABANK3=0300h-03FFh -ABANK4=0400h-04FFh -ABANK5=0500h-05FFh \
  -ASFR=0F80h-0FFFh \
  -preset_vec=00h,intcode=08h,intcodelo,powerup,init,end_init \
  -pramtop=0600h -psmallconst=SMALLCONST -pmediumconst=MEDIUMCONST \
  -pconst=CONST -AFARRAM=00h-00h -ACONFIG=0300000h-030000Dh -pconfig=CONFIG \
  -AIDLOC=0200000h-0200007h -pidloc=IDLOC -AEEDATA=0F00000h-0F000FFh \
  -peeprom_data=EEDATA \
  -prdata=COMRAM,nvrram=COMRAM,nvbit=COMRAM,rbss=COMRAM,rbit=COMRAM \
  -pfarbss=FARRAM,fardata=FARRAM,nvFARRAM=FARRAM \
  -pintsave_regs=BIGRAM,bigbss=BIGRAM,bigdata=BIGRAM -pbss=RAM \
  -pidata=CODE,irdata=CODE,ibigdata=CODE,ifardata=CODE -prparam=COMRAM \
  C:\Users\nickd\AppData\Local\Temp\s4ok.obj \
  dist/default/production\EniacArcade.X.production.obj 

Object code version is 3.11

Machine type is 18F4520

Call graph: (short form)




                Name                               Link     Load   Length Selector   Space Scale
C:\Users\nickd\AppData\Local\Temp\s4ok.obj
                end_init                             16       16        4        4       0
                reset_vec                             0        0        4        0       0
                idloc                            200000   200000        8   200000       0
                config                           300000   300000        E   300000       0
dist/default/production\EniacArcade.X.production.obj
                intcode                               8        8        E        4       0
                temp                                 64       64        1        1       1
                text20                              BDA      BDA       52        4       0
                text19                              B22      B22       5E        4       0
                text18                              DFA      DFA       3C        4       0
                text17                              C74      C74       48        4       0
                text16                              396      396      322        4       0
                text15                              D00      D00       42        4       0
                text14                              6B8      6B8      118        4       0
                text13                              DBE      DBE       3C        4       0
                text12                              A54      A54       6E        4       0
                intcode_body                        7D0      7D0       FE        4       0
                text10                              B80      B80       5A        4       0
                text9                               AC2      AC2       60        4       0
                text8                               D82      D82       3C        4       0
                text7                               C2C      C2C       48        4       0
                text6                                1A       1A      37C        4       0
                text5                               CBC      CBC       44        4       0
                text4                               EB2      EB2        E        4       0
                text3                               E84      E84       1C        4       0
                text2                               D42      D42       40        4       0
                text1                               9DC      9DC       78        4       0
                text0                               EA0      EA0       12        4       0
                cstackCOMRAM                         33       33       20        1       1
                cstackBANK1                         100      100       DF      100       1
                cstackBANK2                         200      200       E4      200       1
                dataBANK3                           300      300       88      300       1
                dataBANK2                           2E4      2E4       1C      200       1
                bssBANK0                             80       80       80       80       1
                dataCOMRAM                            1        1       32        1       1
                bssCOMRAM                            53       53       11        1       1
                cinit                               956      956       86        4       0
                idataBANK3                          8CE      8CE       88        4       0
                idataBANK2                          E68      E68       1C        4       0
                idataCOMRAM                         E36      E36       32        4       0

TOTAL           Name                               Link     Load   Length     Space
        CLASS   STACK          

        CLASS   CODE           
                end_init                             16       16        4         0
                intcode                               8        8        E         0
                reset_vec                             0        0        4         0
                text20                              BDA      BDA       52         0
                text19                              B22      B22       5E         0
                text18                              DFA      DFA       3C         0
                text17                              C74      C74       48         0
                text16                              396      396      322         0
                text15                              D00      D00       42         0
                text14                              6B8      6B8      118         0
                text13                              DBE      DBE       3C         0
                text12                              A54      A54       6E         0
                intcode_body                        7D0      7D0       FE         0
                text10                              B80      B80       5A         0
                text9                               AC2      AC2       60         0
                text8                               D82      D82       3C         0
                text7                               C2C      C2C       48         0
                text6                                1A       1A      37C         0
                text5                               CBC      CBC       44         0
                text4                               EB2      EB2        E         0
                text3                               E84      E84       1C         0
                text2                               D42      D42       40         0
                text1                               9DC      9DC       78         0
                text0                               EA0      EA0       12         0
                cinit                               956      956       86         0
                idataBANK3                          8CE      8CE       88         0
                idataBANK2                          E68      E68       1C         0
                idataCOMRAM                         E36      E36       32         0

        CLASS   CONST          

        CLASS   SMALLCONST     

        CLASS   MEDIUMCONST    

        CLASS   COMRAM         
                temp                                 64       64        1         1
                cstackCOMRAM                         33       33       20         1
                dataCOMRAM                            1        1       32         1
                bssCOMRAM                            53       53       11         1

        CLASS   ABS1           

        CLASS   BIGRAM         

        CLASS   RAM            

        CLASS   BANK0          
                bssBANK0                             80       80       80         1

        CLASS   BANK1          
                cstackBANK1                         100      100       DF         1

        CLASS   BANK2          
                cstackBANK2                         200      200       E4         1
                dataBANK2                           2E4      2E4       1C         1

        CLASS   BANK3          
                dataBANK3                           300      300       88         1

        CLASS   BANK4          

        CLASS   BANK5          

        CLASS   SFR            

        CLASS   FARRAM         

        CLASS   CONFIG         
                config                           300000   300000        E         0

        CLASS   IDLOC          
                idloc                            200000   200000        8         0

        CLASS   EEDATA         



SEGMENTS        Name                           Load    Length   Top    Selector   Space  Class

                reset_vec                      000000  000004  000004         0       0  CODE    
                dataCOMRAM                     000001  000064  000065         1       1  COMRAM  
                intcode                        000008  000EB8  000EC0         4       0  CODE    
                bssBANK0                       000080  000080  000100        80       1  BANK0   
                cstackBANK1                    000100  0000DF  0001DF       100       1  BANK1   
                cstackBANK2                    000200  000100  000300       200       1  BANK2   
                dataBANK3                      000300  000088  000388       300       1  BANK3   
                idloc                          200000  000008  200008    200000       0  IDLOC   
                config                         300000  00000E  30000E    300000       0  CONFIG  


UNUSED ADDRESS RANGES

        Name                Unused          Largest block    Delta
        BANK1            0001DF-0001FF               21
        BANK3            000388-0003FF               78
        BANK4            000400-0004FF              100
        BANK5            000500-0005FF              100
        BIGRAM           000065-00007F               1B
                         0001DF-0001FF               21
                         000388-0005FF              278
        CODE             000004-000007                4
                         000EC0-007FFF             7140
        COMRAM           000065-00007F               1B
        CONST            000004-000007                4
                         000EC0-007FFF             7140
        EEDATA           F00000-F000FF              100
        MEDIUMCONST      000EC0-007FFF             7140
        RAM              0001DF-0001FF               21
                         000388-0005FF              100
        SFR              000F80-000FFF               80
        SMALLCONST       000EC0-007FFF              100
        STACK            000388-0005FF              278

                                  Symbol Table

?___lwdiv                   cstackCOMRAM 000033
ISR@ADvalue                 cstackCOMRAM 00004B
ISR@value                   cstackCOMRAM 00004D
_ADCON0bits                 (abs)        000FC2
_ADCON1bits                 (abs)        000FC1
_ADCON2bits                 (abs)        000FC0
_ADIE                       (abs)        007CEE
_ADIF                       (abs)        007CF6
_ADRES                      (abs)        000FC3
_GIE                        (abs)        007F97
_ISR                        intcode      000008
_LATA                       (abs)        000F89
_LATC                       (abs)        000F8B
_LATD                       (abs)        000F8C
_OSCCONbits                 (abs)        000FD3
_OSCTUNEbits                (abs)        000F9B
_PEIE                       (abs)        007F96
_PLLEN                      (abs)        007CDE
_PSA                        (abs)        007EAB
_T08BIT                     (abs)        007EAE
_T0CS                       (abs)        007EAD
_T0PS0                      (abs)        007EA8
_T0PS1                      (abs)        007EA9
_T0PS2                      (abs)        007EAA
_TMR0IE                     (abs)        007F95
_TMR0IF                     (abs)        007F92
_TMR0ON                     (abs)        007EAF
_TRISA                      (abs)        000F92
_TRISBbits                  (abs)        000F93
_TRISC                      (abs)        000F94
_TRISD                      (abs)        000F95
__CFG_BOREN$OFF             (abs)        000000
__CFG_BORV$3                (abs)        000000
__CFG_CCP2MX$PORTC          (abs)        000000
__CFG_CP0$OFF               (abs)        000000
__CFG_CP1$OFF               (abs)        000000
__CFG_CP2$OFF               (abs)        000000
__CFG_CP3$OFF               (abs)        000000
__CFG_CPB$OFF               (abs)        000000
__CFG_CPD$OFF               (abs)        000000
__CFG_EBTR0$OFF             (abs)        000000
__CFG_EBTR1$OFF             (abs)        000000
__CFG_EBTR2$OFF             (abs)        000000
__CFG_EBTR3$OFF             (abs)        000000
__CFG_EBTRB$OFF             (abs)        000000
__CFG_FCMEN$OFF             (abs)        000000
__CFG_IESO$OFF              (abs)        000000
__CFG_LPT1OSC$OFF           (abs)        000000
__CFG_LVP$OFF               (abs)        000000
__CFG_MCLRE$ON              (abs)        000000
__CFG_OSC$INTIO67           (abs)        000000
__CFG_PBADEN$OFF            (abs)        000000
__CFG_PWRT$OFF              (abs)        000000
__CFG_STVREN$ON             (abs)        000000
__CFG_WDT$OFF               (abs)        000000
__CFG_WDTPS$32768           (abs)        000000
__CFG_WRT0$OFF              (abs)        000000
__CFG_WRT1$OFF              (abs)        000000
__CFG_WRT2$OFF              (abs)        000000
__CFG_WRT3$OFF              (abs)        000000
__CFG_WRTB$OFF              (abs)        000000
__CFG_WRTC$OFF              (abs)        000000
__CFG_WRTD$OFF              (abs)        000000
__CFG_XINST$OFF             (abs)        000000
__HRAM                      (abs)        000000
__Habs1                     abs1         000000
__Hbank0                    bank0        000000
__Hbank1                    bank1        000000
__Hbank2                    bank2        000000
__Hbank3                    bank3        000000
__Hbank4                    bank4        000000
__Hbank5                    bank5        000000
__Hbigbss                   bigbss       000000
__Hbigdata                  bigdata      000000
__Hbigram                   bigram       000000
__Hbss                      bss          000000
__HbssBANK0                 bssBANK0     000000
__HbssCOMRAM                bssCOMRAM    000000
__Hcinit                    cinit        000000
__Hclrtext                  clrtext      000000
__Hcomram                   comram       000000
__Hconfig                   config       30000E
__Hconst                    const        000000
__HcstackBANK1              cstackBANK1  000000
__HcstackBANK2              cstackBANK2  000000
__HcstackCOMRAM             cstackCOMRAM 000000
__Hdata                     data         000000
__HdataBANK2                dataBANK2    000000
__HdataBANK3                dataBANK3    000000
__HdataCOMRAM               dataCOMRAM   000000
__Heeprom_data              eeprom_data  000000
__Hend_init                 end_init     00001A
__Hfarbss                   farbss       000000
__Hfardata                  fardata      000000
__Hibigdata                 ibigdata     000000
__Hidata                    idata        000000
__HidataBANK2               idataBANK2   000000
__HidataBANK3               idataBANK3   000000
__HidataCOMRAM              idataCOMRAM  000000
__Hidloc                    idloc        200008
__Hifardata                 ifardata     000000
__Hinit                     init         000016
__Hintcode                  intcode      000016
__Hintcode_body             intcode_body 000000
__Hintcodelo                intcodelo    000016
__Hintentry                 intentry     000000
__Hintret                   intret       000000
__Hintsave_regs             intsave_regs 000000
__Hirdata                   irdata       000000
__Hmediumconst              mediumconst  000000
__HnvFARRAM                 nvFARRAM     000000
__Hnvbit                    nvbit        000000
__Hnvrram                   nvrram       000000
__Hparam                    rparam       000000
__Hpowerup                  powerup      000016
__Hram                      ram          000000
__Hramtop                   ramtop       000600
__Hrbit                     rbit         000000
__Hrbss                     rbss         000000
__Hrdata                    rdata        000000
__Hreset_vec                reset_vec    000004
__Hrparam                   rparam       000000
__Hsfr                      sfr          000000
__Hsmallconst               smallconst   000000
__Hspace_0                  (abs)        30000E
__Hspace_1                  (abs)        000388
__Hspace_2                  (abs)        000000
__Hstack                    stack        000000
__Hstruct                   struct       000000
__Htemp                     temp         000065
__Htext                     text         000000
__Htext0                    text0        000000
__Htext1                    text1        000000
__Htext10                   text10       000000
__Htext12                   text12       000000
__Htext13                   text13       000000
__Htext14                   text14       000000
__Htext15                   text15       000000
__Htext16                   text16       000000
__Htext17                   text17       000000
__Htext18                   text18       000000
__Htext19                   text19       000000
__Htext2                    text2        000000
__Htext20                   text20       000000
__Htext3                    text3        000000
__Htext4                    text4        000000
__Htext5                    text5        000000
__Htext6                    text6        000000
__Htext7                    text7        000000
__Htext8                    text8        000000
__Htext9                    text9        000000
__LRAM                      (abs)        000001
__Labs1                     abs1         000000
__Lbank0                    bank0        000000
__Lbank1                    bank1        000000
__Lbank2                    bank2        000000
__Lbank3                    bank3        000000
__Lbank4                    bank4        000000
__Lbank5                    bank5        000000
__Lbigbss                   bigbss       000000
__Lbigdata                  bigdata      000000
__Lbigram                   bigram       000000
__Lbss                      bss          000000
__LbssBANK0                 bssBANK0     000000
__LbssCOMRAM                bssCOMRAM    000000
__Lcinit                    cinit        000000
__Lclrtext                  clrtext      000000
__Lcomram                   comram       000000
__Lconfig                   config       300000
__Lconst                    const        000000
__LcstackBANK1              cstackBANK1  000000
__LcstackBANK2              cstackBANK2  000000
__LcstackCOMRAM             cstackCOMRAM 000000
__Ldata                     data         000000
__LdataBANK2                dataBANK2    000000
__LdataBANK3                dataBANK3    000000
__LdataCOMRAM               dataCOMRAM   000000
__Leeprom_data              eeprom_data  000000
__Lend_init                 end_init     000016
__Lfarbss                   farbss       000000
__Lfardata                  fardata      000000
__Libigdata                 ibigdata     000000
__Lidata                    idata        000000
__LidataBANK2               idataBANK2   000000
__LidataBANK3               idataBANK3   000000
__LidataCOMRAM              idataCOMRAM  000000
__Lidloc                    idloc        200000
__Lifardata                 ifardata     000000
__Linit                     init         000016
__Lintcode                  intcode      000008
__Lintcode_body             intcode_body 000000
__Lintcodelo                intcodelo    000016
__Lintentry                 intentry     000000
__Lintret                   intret       000000
__Lintsave_regs             intsave_regs 000000
__Lirdata                   irdata       000000
__Lmediumconst              mediumconst  000000
__LnvFARRAM                 nvFARRAM     000000
__Lnvbit                    nvbit        000000
__Lnvrram                   nvrram       000000
__Lparam                    rparam       000000
__Lpowerup                  powerup      000016
__Lram                      ram          000000
__Lramtop                   ramtop       000600
__Lrbit                     rbit         000000
__Lrbss                     rbss         000000
__Lrdata                    rdata        000000
__Lreset_vec                reset_vec    000000
__Lrparam                   rparam       000000
__Lsfr                      sfr          000000
__Lsmallconst               smallconst   000000
__Lspace_0                  (abs)        000000
__Lspace_1                  (abs)        000000
__Lspace_2                  (abs)        000000
__Lstack                    stack        000000
__Lstruct                   struct       000000
__Ltemp                     temp         000064
__Ltext                     text         000000
__Ltext0                    text0        000000
__Ltext1                    text1        000000
__Ltext10                   text10       000000
__Ltext12                   text12       000000
__Ltext13                   text13       000000
__Ltext14                   text14       000000
__Ltext15                   text15       000000
__Ltext16                   text16       000000
__Ltext17                   text17       000000
__Ltext18                   text18       000000
__Ltext19                   text19       000000
__Ltext2                    text2        000000
__Ltext20                   text20       000000
__Ltext3                    text3        000000
__Ltext4                    text4        000000
__Ltext5                    text5        000000
__Ltext6                    text6        000000
__Ltext7                    text7        000000
__Ltext8                    text8        000000
__Ltext9                    text9        000000
__S0                        (abs)        30000E
__S1                        (abs)        000388
__S2                        (abs)        000000
___inthi_sp                 stack        000000
___intlo_sp                 stack        000000
___lwdiv                    text20       000BDA
___lwdiv@counter            cstackCOMRAM 000039
___lwdiv@dividend           cstackCOMRAM 000033
___lwdiv@divisor            cstackCOMRAM 000035
___lwdiv@quotient           cstackCOMRAM 000037
___param_bank               (abs)        000010
___rparam_used              (abs)        000001
___sp                       stack        000000
__accesstop                 (abs)        000080
__activetblptr              (abs)        000002
__ball                      bssCOMRAM    00005D
__end_of_ISR                intcode_body 0008CE
__end_of___lwdiv            text20       000C2C
__end_of__initialization    cinit        0009CE
__end_of_allOff             text4        000EC0
__end_of_checkNextPosition  text14       0007D0
__end_of_drawSymbol         text6        000396
__end_of_getNextPosition    text19       000B80
__end_of_initialize         text10       000BDA
__end_of_initializeLED      text9        000B22
__end_of_initializePong     text5        000D00
__end_of_main               text0        000EB2
__end_of_off                text13       000DFA
__end_of_on                 text8        000DBE
__end_of_refresh            text1        000A54
__end_of_setColHigh         text3        000EA0
__end_of_setRowHigh         text2        000D82
__end_of_turnAllOff         text7        000C74
__end_of_writePong          text12       000AC2
__end_ofi2_drawSymbol       text16       0006B8
__end_ofi2_initializePong   text15       000D42
__end_ofi2_on               text18       000E36
__end_ofi2_turnAllOff       text17       000CBC
__initialization            cinit        000956
__mediumconst               mediumconst  000000
__nextPos                   bssCOMRAM    000060
__p1                        bssCOMRAM    000053
__p2                        bssCOMRAM    000058
__pbssBANK0                 bssBANK0     000080
__pbssCOMRAM                bssCOMRAM    000053
__pcinit                    cinit        000956
__pcstackBANK1              cstackBANK1  000100
__pcstackBANK2              cstackBANK2  000200
__pcstackCOMRAM             cstackCOMRAM 000033
__pdataBANK2                dataBANK2    0002E4
__pdataBANK3                dataBANK3    000300
__pdataCOMRAM               dataCOMRAM   000001
__pidataBANK2               idataBANK2   000E68
__pidataBANK3               idataBANK3   0008CE
__pidataCOMRAM              idataCOMRAM  000E36
__pintcode                  intcode      000008
__pintcode_body             intcode_body 0007D0
__ptext0                    text0        000EA0
__ptext1                    text1        0009DC
__ptext10                   text10       000B80
__ptext12                   text12       000A54
__ptext13                   text13       000DBE
__ptext14                   text14       0006B8
__ptext15                   text15       000D00
__ptext16                   text16       000396
__ptext17                   text17       000C74
__ptext18                   text18       000DFA
__ptext19                   text19       000B22
__ptext2                    text2        000D42
__ptext20                   text20       000BDA
__ptext3                    text3        000E84
__ptext4                    text4        000EB2
__ptext5                    text5        000CBC
__ptext6                    text6        00001A
__ptext7                    text7        000C2C
__ptext8                    text8        000D82
__ptext9                    text9        000AC2
__ramtop                    ramtop       000600
__size_of_ISR               (abs)        000000
__size_of___lwdiv           (abs)        000000
__size_of_allOff            (abs)        000000
__size_of_checkNextPosition (abs)        000000
__size_of_drawSymbol        (abs)        000000
__size_of_getNextPosition   (abs)        000000
__size_of_initialize        (abs)        000000
__size_of_initializeLED     (abs)        000000
__size_of_initializePong    (abs)        000000
__size_of_main              (abs)        000000
__size_of_off               (abs)        000000
__size_of_on                (abs)        000000
__size_of_refresh           (abs)        000000
__size_of_setColHigh        (abs)        000000
__size_of_setRowHigh        (abs)        000000
__size_of_turnAllOff        (abs)        000000
__size_of_writePong         (abs)        000000
__size_ofi2_drawSymbol      (abs)        000000
__size_ofi2_initializePong  (abs)        000000
__size_ofi2_on              (abs)        000000
__size_ofi2_turnAllOff      (abs)        000000
__smallconst                smallconst   000000
__speed                     dataCOMRAM   000031
__timerCounter              bssCOMRAM    000062
_allOff                     text4        000EB2
_checkNextPosition          text14       0006B8
_drawSymbol                 text6        00001A
_getNextPosition            text19       000B22
_initialize                 text10       000B80
_initializeLED              text9        000AC2
_initializePong             text5        000CBC
_main                       text0        000EA0
_off                        text13       000DBE
_on                         text8        000D82
_pixels                     bssBANK0     000080
_refresh                    text1        0009DC
_setColHigh                 text3        000E84
_setRowHigh                 text2        000D42
_turnAllOff                 text7        000C2C
_writePong                  text12       000A54
btemp                       temp         000064
drawSymbol@F3226            dataCOMRAM   000001
drawSymbol@F3229            dataBANK2    0002E4
drawSymbol@F3232            dataCOMRAM   000019
drawSymbol@F3235            dataBANK3    000300
drawSymbol@F3238            dataBANK3    000344
drawSymbol@chosenSymbol     cstackBANK2  0002D8
drawSymbol@i                cstackBANK2  0002D9
drawSymbol@i_78             cstackBANK2  0002DB
drawSymbol@i_79             cstackBANK2  0002DD
drawSymbol@i_80             cstackBANK2  0002DF
drawSymbol@i_81             cstackBANK2  0002E1
drawSymbol@offSetX          cstackCOMRAM 000052
drawSymbol@symbolGo         cstackBANK2  000248
drawSymbol@symbolOne        cstackBANK2  0002A8
drawSymbol@symbolPlay       cstackBANK2  000204
drawSymbol@symbolThree      cstackBANK2  0002C0
drawSymbol@symbolTwo        cstackBANK2  00028C
end_of_initialization       cinit        0009CE
i2_drawSymbol               text16       000396
i2_initializePong           text15       000D00
i2_on                       text18       000DFA
i2_turnAllOff               text17       000C74
i2drawSymbol@chosenSymbol   cstackBANK1  0001D4
i2drawSymbol@i              cstackBANK1  0001D5
i2drawSymbol@i_78           cstackBANK1  0001D7
i2drawSymbol@i_79           cstackBANK1  0001D9
i2drawSymbol@i_80           cstackBANK1  0001DB
i2drawSymbol@i_81           cstackBANK1  0001DD
i2drawSymbol@offSetX        cstackCOMRAM 000037
i2drawSymbol@symbolGo       cstackBANK1  000144
i2drawSymbol@symbolOne      cstackBANK1  0001A4
i2drawSymbol@symbolPlay     cstackBANK1  000100
i2drawSymbol@symbolThree    cstackBANK1  0001BC
i2drawSymbol@symbolTwo      cstackBANK1  000188
i2on@column                 cstackCOMRAM 000036
i2on@row                    cstackCOMRAM 000033
i2turnAllOff@i              cstackCOMRAM 000035
i2turnAllOff@j              cstackCOMRAM 000036
initializeLED@i             cstackCOMRAM 000050
initializeLED@j             cstackCOMRAM 000051
int$flags                   temp         000064
int_func                    intcode_body 0007D0
intlevel0                   text         000000
intlevel1                   text         000000
intlevel2                   text         000000
intlevel3                   text         000000
off@column                  cstackCOMRAM 000036
off@row                     cstackCOMRAM 000033
on@column                   cstackCOMRAM 000051
on@row                      cstackCOMRAM 00004E
refresh@theCol              cstackCOMRAM 000051
refresh@theRow              cstackCOMRAM 000052
setColHigh@column           cstackCOMRAM 000050
setRowHigh@row              cstackCOMRAM 000050
stackhi                     (abs)        0005FF
stacklo                     (abs)        000388
start                       init         000016
start_initialization        cinit        000956
turnAllOff@i                cstackCOMRAM 000050
turnAllOff@j                cstackCOMRAM 000051


FUNCTION INFORMATION:

 *************** function _main *****************
 Defined at:
		line 330 in file "main.c"
 Parameters:    Size  Location     Type
		None
 Auto vars:     Size  Location     Type
  GO_SYMBOL       1    0        const unsigned char 
  ONE_SYMBOL      1    0        const unsigned char 
  TWO_SYMBOL      1    0        const unsigned char 
  THREE_SYMBOL    1    0        const unsigned char 
  HELLO_SYMBOL    1    0        const unsigned char 
 Return value:  Size  Location     Type
                  1    wreg      void 
 Registers used:
		wreg, fsr1l, fsr1h, fsr2l, fsr2h, status,2, status,0, prodl, prodh, cstack
 Tracked objects:
		On entry : 
		On exit  : 
		Unchanged: 
 Data sizes:     COMRAM   BANK0   BANK1   BANK2   BANK3   BANK4   BANK5
      Params:         0       0       0       0       0       0       0
      Locals:         0       0       0       0       0       0       0
      Temps:          0       0       0       0       0       0       0
      Totals:         0       0       0       0       0       0       0
Total ram usage:        0 bytes
 Hardware stack levels required when called:    8
 This function calls:
		_initialize
		_initializeLED
		_initializePong
		_refresh
 This function is called by:
		Startup code after reset
 This function uses a non-reentrant model


 *************** function _refresh *****************
 Defined at:
		line 169 in file "Source/LED-API.c"
 Parameters:    Size  Location     Type
		None
 Auto vars:     Size  Location     Type
  theRow          1   31[COMRAM] unsigned char 
  theCol          1   30[COMRAM] unsigned char 
 Return value:  Size  Location     Type
                  1    wreg      void 
 Registers used:
		wreg, fsr2l, fsr2h, status,2, status,0, prodl, prodh, cstack
 Tracked objects:
		On entry : 
		On exit  : 
		Unchanged: 
 Data sizes:     COMRAM   BANK0   BANK1   BANK2   BANK3   BANK4   BANK5
      Params:         0       0       0       0       0       0       0
      Locals:         2       0       0       0       0       0       0
      Temps:          0       0       0       3       0       0       0
      Totals:         2       0       0       3       0       0       0
Total ram usage:        5 bytes
 Hardware stack levels used:    1
 Hardware stack levels required when called:    6
 This function calls:
		_allOff
		_setColHigh
		_setRowHigh
 This function is called by:
		_main
 This function uses a non-reentrant model


 *************** function _setRowHigh *****************
 Defined at:
		line 24 in file "Source/LED-API.c"
 Parameters:    Size  Location     Type
  row             1    wreg     unsigned char 
 Auto vars:     Size  Location     Type
  row             1   29[COMRAM] unsigned char 
 Return value:  Size  Location     Type
                  1    wreg      void 
 Registers used:
		wreg, status,2, status,0
 Tracked objects:
		On entry : 
		On exit  : 
		Unchanged: 
 Data sizes:     COMRAM   BANK0   BANK1   BANK2   BANK3   BANK4   BANK5
      Params:         0       0       0       0       0       0       0
      Locals:         1       0       0       0       0       0       0
      Temps:          2       0       0       0       0       0       0
      Totals:         3       0       0       0       0       0       0
Total ram usage:        3 bytes
 Hardware stack levels used:    1
 Hardware stack levels required when called:    5
 This function calls:
		Nothing
 This function is called by:
		_refresh
 This function uses a non-reentrant model


 *************** function _setColHigh *****************
 Defined at:
		line 20 in file "Source/LED-API.c"
 Parameters:    Size  Location     Type
  column          1    wreg     unsigned char 
 Auto vars:     Size  Location     Type
  column          1   29[COMRAM] unsigned char 
 Return value:  Size  Location     Type
                  1    wreg      void 
 Registers used:
		wreg, status,2, status,0
 Tracked objects:
		On entry : 
		On exit  : 
		Unchanged: 
 Data sizes:     COMRAM   BANK0   BANK1   BANK2   BANK3   BANK4   BANK5
      Params:         0       0       0       0       0       0       0
      Locals:         1       0       0       0       0       0       0
      Temps:          2       0       0       0       0       0       0
      Totals:         3       0       0       0       0       0       0
Total ram usage:        3 bytes
 Hardware stack levels used:    1
 Hardware stack levels required when called:    5
 This function calls:
		Nothing
 This function is called by:
		_refresh
 This function uses a non-reentrant model


 *************** function _allOff *****************
 Defined at:
		line 163 in file "Source/LED-API.c"
 Parameters:    Size  Location     Type
		None
 Auto vars:     Size  Location     Type
		None
 Return value:  Size  Location     Type
                  1    wreg      void 
 Registers used:
		wreg, status,2
 Tracked objects:
		On entry : 
		On exit  : 
		Unchanged: 
 Data sizes:     COMRAM   BANK0   BANK1   BANK2   BANK3   BANK4   BANK5
      Params:         0       0       0       0       0       0       0
      Locals:         0       0       0       0       0       0       0
      Temps:          0       0       0       0       0       0       0
      Totals:         0       0       0       0       0       0       0
Total ram usage:        0 bytes
 Hardware stack levels used:    1
 Hardware stack levels required when called:    5
 This function calls:
		Nothing
 This function is called by:
		_refresh
 This function uses a non-reentrant model


 *************** function _initializePong *****************
 Defined at:
		line 50 in file "main.c"
 Parameters:    Size  Location     Type
		None
 Auto vars:     Size  Location     Type
		None
 Return value:  Size  Location     Type
                  1    wreg      void 
 Registers used:
		wreg, fsr1l, fsr1h, fsr2l, fsr2h, status,2, status,0, prodl, prodh, cstack
 Tracked objects:
		On entry : 
		On exit  : 
		Unchanged: 
 Data sizes:     COMRAM   BANK0   BANK1   BANK2   BANK3   BANK4   BANK5
      Params:         0       0       0       0       0       0       0
      Locals:         0       0       0       0       0       0       0
      Temps:          0       0       0       1       0       0       0
      Totals:         0       0       0       1       0       0       0
Total ram usage:        1 bytes
 Hardware stack levels used:    1
 Hardware stack levels required when called:    7
 This function calls:
		_drawSymbol
		_turnAllOff
 This function is called by:
		_main
 This function uses a non-reentrant model


 *************** function _drawSymbol *****************
 Defined at:
		line 89 in file "Source/LED-API.c"
 Parameters:    Size  Location     Type
  chosenSymbol    1    wreg     unsigned char 
  offSetX         1   31[COMRAM] unsigned char 
 Auto vars:     Size  Location     Type
  chosenSymbol    1  216[BANK2 ] unsigned char 
  i               2  225[BANK2 ] int 
  i               2  223[BANK2 ] int 
  i               2  221[BANK2 ] int 
  i               2  219[BANK2 ] int 
  i               2  217[BANK2 ] int 
  symbolGo       68   72[BANK2 ] unsigned char [2][34]
  symbolPlay     68    4[BANK2 ] unsigned char [2][34]
  symbolTwo      28  140[BANK2 ] unsigned char [2][14]
  symbolThree    24  192[BANK2 ] unsigned char [2][12]
  symbolOne      24  168[BANK2 ] unsigned char [2][12]
 Return value:  Size  Location     Type
                  1    wreg      void 
 Registers used:
		wreg, fsr1l, fsr1h, fsr2l, fsr2h, status,2, status,0, prodl, prodh, cstack
 Tracked objects:
		On entry : 
		On exit  : 
		Unchanged: 
 Data sizes:     COMRAM   BANK0   BANK1   BANK2   BANK3   BANK4   BANK5
      Params:         1       0       0       0       0       0       0
      Locals:         0       0       0     223       0       0       0
      Temps:          0       0       0       4       0       0       0
      Totals:         1       0       0     227       0       0       0
Total ram usage:      228 bytes
 Hardware stack levels used:    1
 Hardware stack levels required when called:    6
 This function calls:
		_on
		_turnAllOff
 This function is called by:
		_initializePong
 This function uses a non-reentrant model


 *************** function _turnAllOff *****************
 Defined at:
		line 153 in file "Source/LED-API.c"
 Parameters:    Size  Location     Type
		None
 Auto vars:     Size  Location     Type
  j               1   30[COMRAM] unsigned char 
  i               1   29[COMRAM] unsigned char 
 Return value:  Size  Location     Type
                  1    wreg      void 
 Registers used:
		wreg, fsr2l, fsr2h, status,2, status,0, prodl, prodh
 Tracked objects:
		On entry : 
		On exit  : 
		Unchanged: 
 Data sizes:     COMRAM   BANK0   BANK1   BANK2   BANK3   BANK4   BANK5
      Params:         0       0       0       0       0       0       0
      Locals:         2       0       0       0       0       0       0
      Temps:          2       0       0       0       0       0       0
      Totals:         4       0       0       0       0       0       0
Total ram usage:        4 bytes
 Hardware stack levels used:    1
 Hardware stack levels required when called:    5
 This function calls:
		Nothing
 This function is called by:
		_drawSymbol
		_initializePong
 This function uses a non-reentrant model


 *************** function _on *****************
 Defined at:
		line 47 in file "Source/LED-API.c"
 Parameters:    Size  Location     Type
  column          1    wreg     unsigned char 
  row             1   27[COMRAM] unsigned char 
 Auto vars:     Size  Location     Type
  column          1   30[COMRAM] unsigned char 
 Return value:  Size  Location     Type
                  1    wreg      void 
 Registers used:
		wreg, fsr2l, fsr2h, status,2, status,0, prodl, prodh
 Tracked objects:
		On entry : 
		On exit  : 
		Unchanged: 
 Data sizes:     COMRAM   BANK0   BANK1   BANK2   BANK3   BANK4   BANK5
      Params:         1       0       0       0       0       0       0
      Locals:         1       0       0       0       0       0       0
      Temps:          2       0       0       0       0       0       0
      Totals:         4       0       0       0       0       0       0
Total ram usage:        4 bytes
 Hardware stack levels used:    1
 Hardware stack levels required when called:    5
 This function calls:
		Nothing
 This function is called by:
		_drawSymbol
 This function uses a non-reentrant model


 *************** function _initializeLED *****************
 Defined at:
		line 31 in file "Source/LED-API.c"
 Parameters:    Size  Location     Type
		None
 Auto vars:     Size  Location     Type
  j               1   30[COMRAM] unsigned char 
  i               1   29[COMRAM] unsigned char 
 Return value:  Size  Location     Type
                  1    wreg      void 
 Registers used:
		wreg, fsr2l, fsr2h, status,2, status,0, prodl, prodh
 Tracked objects:
		On entry : 
		On exit  : 
		Unchanged: 
 Data sizes:     COMRAM   BANK0   BANK1   BANK2   BANK3   BANK4   BANK5
      Params:         0       0       0       0       0       0       0
      Locals:         2       0       0       0       0       0       0
      Temps:          2       0       0       0       0       0       0
      Totals:         4       0       0       0       0       0       0
Total ram usage:        4 bytes
 Hardware stack levels used:    1
 Hardware stack levels required when called:    5
 This function calls:
		Nothing
 This function is called by:
		_main
 This function uses a non-reentrant model


 *************** function _initialize *****************
 Defined at:
		line 68 in file "main.c"
 Parameters:    Size  Location     Type
		None
 Auto vars:     Size  Location     Type
		None
 Return value:  Size  Location     Type
                  1    wreg      void 
 Registers used:
		wreg, status,2
 Tracked objects:
		On entry : 
		On exit  : 
		Unchanged: 
 Data sizes:     COMRAM   BANK0   BANK1   BANK2   BANK3   BANK4   BANK5
      Params:         0       0       0       0       0       0       0
      Locals:         0       0       0       0       0       0       0
      Temps:          0       0       0       0       0       0       0
      Totals:         0       0       0       0       0       0       0
Total ram usage:        0 bytes
 Hardware stack levels used:    1
 Hardware stack levels required when called:    5
 This function calls:
		Nothing
 This function is called by:
		_main
 This function uses a non-reentrant model


 *************** function _ISR *****************
 Defined at:
		line 275 in file "main.c"
 Parameters:    Size  Location     Type
		None
 Auto vars:     Size  Location     Type
  ADvalue         2   24[COMRAM] unsigned short 
  value           1   26[COMRAM] unsigned char 
 Return value:  Size  Location     Type
                  1    wreg      void 
 Registers used:
		wreg, fsr1l, fsr1h, fsr2l, fsr2h, status,2, status,0, prodl, prodh, cstack
 Tracked objects:
		On entry : 
		On exit  : 
		Unchanged: 
 Data sizes:     COMRAM   BANK0   BANK1   BANK2   BANK3   BANK4   BANK5
      Params:         0       0       0       0       0       0       0
      Locals:         3       0       0       0       0       0       0
      Temps:         14       0       0       0       0       0       0
      Totals:        17       0       0       0       0       0       0
Total ram usage:       17 bytes
 Hardware stack levels used:    1
 Hardware stack levels required when called:    4
 This function calls:
		___lwdiv
		_checkNextPosition
		_writePong
 This function is called by:
		Interrupt level 2
 This function uses a non-reentrant model


 *************** function _writePong *****************
 Defined at:
		line 110 in file "main.c"
 Parameters:    Size  Location     Type
		None
 Auto vars:     Size  Location     Type
		None
 Return value:  Size  Location     Type
                  1    wreg      void 
 Registers used:
		wreg, fsr2l, fsr2h, status,2, status,0, prodl, prodh, cstack
 Tracked objects:
		On entry : 
		On exit  : 
		Unchanged: 
 Data sizes:     COMRAM   BANK0   BANK1   BANK2   BANK3   BANK4   BANK5
      Params:         0       0       0       0       0       0       0
      Locals:         0       0       0       0       0       0       0
      Temps:          0       0       0       0       0       0       0
      Totals:         0       0       0       0       0       0       0
Total ram usage:        0 bytes
 Hardware stack levels used:    1
 Hardware stack levels required when called:    1
 This function calls:
		_off
		i2_on
 This function is called by:
		_ISR
 This function uses a non-reentrant model


 *************** function _off *****************
 Defined at:
		line 68 in file "Source/LED-API.c"
 Parameters:    Size  Location     Type
  column          1    wreg     unsigned char 
  row             1    0[COMRAM] unsigned char 
 Auto vars:     Size  Location     Type
  column          1    3[COMRAM] unsigned char 
 Return value:  Size  Location     Type
                  1    wreg      void 
 Registers used:
		wreg, fsr2l, fsr2h, status,2, status,0, prodl, prodh
 Tracked objects:
		On entry : 
		On exit  : 
		Unchanged: 
 Data sizes:     COMRAM   BANK0   BANK1   BANK2   BANK3   BANK4   BANK5
      Params:         1       0       0       0       0       0       0
      Locals:         1       0       0       0       0       0       0
      Temps:          2       0       0       0       0       0       0
      Totals:         4       0       0       0       0       0       0
Total ram usage:        4 bytes
 Hardware stack levels used:    1
 This function calls:
		Nothing
 This function is called by:
		_writePong
 This function uses a non-reentrant model


 *************** function _checkNextPosition *****************
 Defined at:
		line 164 in file "main.c"
 Parameters:    Size  Location     Type
		None
 Auto vars:     Size  Location     Type
		None
 Return value:  Size  Location     Type
                  1    wreg      void 
 Registers used:
		wreg, fsr1l, fsr1h, fsr2l, fsr2h, status,2, status,0, prodl, prodh, cstack
 Tracked objects:
		On entry : 
		On exit  : 
		Unchanged: 
 Data sizes:     COMRAM   BANK0   BANK1   BANK2   BANK3   BANK4   BANK5
      Params:         0       0       0       0       0       0       0
      Locals:         0       0       0       0       0       0       0
      Temps:          0       0       0       0       0       0       0
      Totals:         0       0       0       0       0       0       0
Total ram usage:        0 bytes
 Hardware stack levels used:    1
 Hardware stack levels required when called:    3
 This function calls:
		_getNextPosition
		i2_initializePong
 This function is called by:
		_ISR
 This function uses a non-reentrant model


 *************** function i2_initializePong *****************
 Defined at:
		line 50 in file "main.c"
 Parameters:    Size  Location     Type
		None
 Auto vars:     Size  Location     Type
		None
 Return value:  Size  Location     Type
                  1    wreg      void 
 Registers used:
		wreg, fsr1l, fsr1h, fsr2l, fsr2h, status,2, status,0, prodl, prodh, cstack
 Tracked objects:
		On entry : 
		On exit  : 
		Unchanged: 
 Data sizes:     COMRAM   BANK0   BANK1   BANK2   BANK3   BANK4   BANK5
      Params:         0       0       0       0       0       0       0
      Locals:         0       0       0       0       0       0       0
      Temps:          1       0       0       0       0       0       0
      Totals:         1       0       0       0       0       0       0
Total ram usage:        1 bytes
 Hardware stack levels used:    1
 Hardware stack levels required when called:    2
 This function calls:
		i2_drawSymbol
		i2_turnAllOff
 This function is called by:
		_checkNextPosition
 This function uses a non-reentrant model


 *************** function i2_drawSymbol *****************
 Defined at:
		line 89 in file "Source/LED-API.c"
 Parameters:    Size  Location     Type
  chosenSymbol    1    wreg     unsigned char 
  offSetX         1    4[COMRAM] unsigned char 
 Auto vars:     Size  Location     Type
  chosenSymbol    1  212[BANK1 ] unsigned char 
  drawSymbol     68   68[BANK1 ] unsigned char [2][34]
  drawSymbol     68    0[BANK1 ] unsigned char [2][34]
  drawSymbol     28  136[BANK1 ] unsigned char [2][14]
  drawSymbol     24  188[BANK1 ] unsigned char [2][12]
  drawSymbol     24  164[BANK1 ] unsigned char [2][12]
  drawSymbol      2  221[BANK1 ] int 
  drawSymbol      2  219[BANK1 ] int 
  drawSymbol      2  217[BANK1 ] int 
  drawSymbol      2  215[BANK1 ] int 
  drawSymbol      2  213[BANK1 ] int 
 Return value:  Size  Location     Type
                  1    wreg      void 
 Registers used:
		wreg, fsr1l, fsr1h, fsr2l, fsr2h, status,2, status,0, prodl, prodh, cstack
 Tracked objects:
		On entry : 
		On exit  : 
		Unchanged: 
 Data sizes:     COMRAM   BANK0   BANK1   BANK2   BANK3   BANK4   BANK5
      Params:         1       0       0       0       0       0       0
      Locals:         0       0     223       0       0       0       0
      Temps:          4       0       0       0       0       0       0
      Totals:         5       0     223       0       0       0       0
Total ram usage:      228 bytes
 Hardware stack levels used:    1
 Hardware stack levels required when called:    1
 This function calls:
		i2_on
		i2_turnAllOff
 This function is called by:
		i2_initializePong
 This function uses a non-reentrant model


 *************** function i2_turnAllOff *****************
 Defined at:
		line 153 in file "Source/LED-API.c"
 Parameters:    Size  Location     Type
		None
 Auto vars:     Size  Location     Type
  turnAllOff      1    3[COMRAM] unsigned char 
  turnAllOff      1    2[COMRAM] unsigned char 
 Return value:  Size  Location     Type
                  1    wreg      void 
 Registers used:
		wreg, fsr2l, fsr2h, status,2, status,0, prodl, prodh
 Tracked objects:
		On entry : 
		On exit  : 
		Unchanged: 
 Data sizes:     COMRAM   BANK0   BANK1   BANK2   BANK3   BANK4   BANK5
      Params:         0       0       0       0       0       0       0
      Locals:         2       0       0       0       0       0       0
      Temps:          2       0       0       0       0       0       0
      Totals:         4       0       0       0       0       0       0
Total ram usage:        4 bytes
 Hardware stack levels used:    1
 This function calls:
		Nothing
 This function is called by:
		i2_drawSymbol
		i2_initializePong
 This function uses a non-reentrant model


 *************** function i2_on *****************
 Defined at:
		line 47 in file "Source/LED-API.c"
 Parameters:    Size  Location     Type
  column          1    wreg     unsigned char 
  row             1    0[COMRAM] unsigned char 
 Auto vars:     Size  Location     Type
  column          1    3[COMRAM] unsigned char 
 Return value:  Size  Location     Type
                  1    wreg      void 
 Registers used:
		wreg, fsr2l, fsr2h, status,2, status,0, prodl, prodh
 Tracked objects:
		On entry : 
		On exit  : 
		Unchanged: 
 Data sizes:     COMRAM   BANK0   BANK1   BANK2   BANK3   BANK4   BANK5
      Params:         1       0       0       0       0       0       0
      Locals:         1       0       0       0       0       0       0
      Temps:          2       0       0       0       0       0       0
      Totals:         4       0       0       0       0       0       0
Total ram usage:        4 bytes
 Hardware stack levels used:    1
 This function calls:
		Nothing
 This function is called by:
		_writePong
		i2_drawSymbol
 This function uses a non-reentrant model


 *************** function _getNextPosition *****************
 Defined at:
		line 135 in file "main.c"
 Parameters:    Size  Location     Type
		None
 Auto vars:     Size  Location     Type
		None
 Return value:  Size  Location     Type
                  1    wreg      void 
 Registers used:
		wreg, status,2, status,0
 Tracked objects:
		On entry : 
		On exit  : 
		Unchanged: 
 Data sizes:     COMRAM   BANK0   BANK1   BANK2   BANK3   BANK4   BANK5
      Params:         0       0       0       0       0       0       0
      Locals:         0       0       0       0       0       0       0
      Temps:          0       0       0       0       0       0       0
      Totals:         0       0       0       0       0       0       0
Total ram usage:        0 bytes
 Hardware stack levels used:    1
 This function calls:
		Nothing
 This function is called by:
		_checkNextPosition
 This function uses a non-reentrant model


 *************** function ___lwdiv *****************
 Defined at:
		line 8 in file "C:\Program Files (x86)\Microchip\xc8\v1.37\sources\common\lwdiv.c"
 Parameters:    Size  Location     Type
  dividend        2    0[COMRAM] unsigned int 
  divisor         2    2[COMRAM] unsigned int 
 Auto vars:     Size  Location     Type
  quotient        2    4[COMRAM] unsigned int 
  counter         1    6[COMRAM] unsigned char 
 Return value:  Size  Location     Type
                  2    0[COMRAM] unsigned int 
 Registers used:
		wreg, status,2, status,0
 Tracked objects:
		On entry : 
		On exit  : 
		Unchanged: 
 Data sizes:     COMRAM   BANK0   BANK1   BANK2   BANK3   BANK4   BANK5
      Params:         4       0       0       0       0       0       0
      Locals:         3       0       0       0       0       0       0
      Temps:          0       0       0       0       0       0       0
      Totals:         7       0       0       0       0       0       0
Total ram usage:        7 bytes
 Hardware stack levels used:    1
 This function calls:
		Nothing
 This function is called by:
		_ISR
 This function uses a non-reentrant model



MODULE INFORMATION

Module		Function		Class		Link	Load	Size
C:\Program Files (x86)\Microchip\xc8\v1.37\sources\common\lwdiv.c
		___lwdiv       		CODE           	0BDA	0000	83

C:\Program Files (x86)\Microchip\xc8\v1.37\sources\common\lwdiv.c estimated size: 83

shared
		__initialization		CODE           	0956	0000	121
		i2_drawSymbol  		CODE           	0396	0000	803
		i2_on          		CODE           	0DFA	0000	61
		i2_turnAllOff  		CODE           	0C74	0000	73
		i2_initializePong		CODE           	0D00	0000	67

shared estimated size: 1125

main.c
		_initializePong		CODE           	0CBC	0000	69
		_getNextPosition		CODE           	0B22	0000	95
		_ISR           		CODE           	0008	0000	269
		_main          		CODE           	0EA0	0000	19
		_checkNextPosition		CODE           	06B8	0000	281
		_writePong     		CODE           	0A54	0000	111
		_initialize    		CODE           	0B80	0000	91

main.c estimated size: 935

Source/LED-API.c
		_setColHigh    		CODE           	0E84	0000	29
		_setRowHigh    		CODE           	0D42	0000	65
		_refresh       		CODE           	09DC	0000	121
		_allOff        		CODE           	0EB2	0000	15
		_on            		CODE           	0D82	0000	61
		_turnAllOff    		CODE           	0C2C	0000	73
		_off           		CODE           	0DBE	0000	61
		_initializeLED 		CODE           	0AC2	0000	97
		_drawSymbol    		CODE           	001A	0000	893

Source/LED-API.c estimated size: 1415

